10.254.254.28 - - [06/Aug/2007:00:12:20 -0700] "GET /keyser/22300/ HTTP/1.0" 302 528 "-" "Mozilla/5.0 (X11; U; Linux i686 (x86_64); en-US; rv:1.8.1.4) Gecko/20070515 Firefox/2.0.0.4"
10.254.254.58 - - [06/Aug/2007:00:10:05 -0700] "GET /edu/languages/google-python-class/images/puzzle/a-baaa.jpg HTTP/1.0" 200 2309 "-" "googlebot-mscrawl-moma (enterprise; bar-XYZ; foo123@google.com,foo123@google.com,foo123@google.com,foo123@google.com)"
10.254.254.28 - - [06/Aug/2007:00:11:08 -0700] "GET /favicon.ico HTTP/1.0" 302 3404 "-" "googlebot-mscrawl-moma (enterprise; bar-XYZ; foo123@google.com,foo123@google.com,foo123@google.com,foo123@google.com)"
10.254.254.29 - - [06/Aug/2007:00:13:48 -0700] "GET /edu/languages/google-python-class/images/puzzle/a-baag.jpg HTTP/1.0" 302 3404 "-" "googlebot-mscrawl-moma (enterprise; bar-XYZ; foo123@google.com)"
10.1.40.113 - - [06/Aug/2007:00:11:14 -0700] "GET /keyser/24708/ HTTP/1.0" 200 5694 "-" "googlebot-mscrawl-moma (enterprise; bar-XYZ; foo123@google.com,foo123@google.com,foo123@google.com,foo123@google.com)"
10.254.254.57 - - [06/Aug/2007:00:13:39 -0700] "GET /keyser/24354/ HTTP/1.0" 404 3404 "-" "Mozilla/5.0 (Windows; U; Windows NT 5.1; en-US; rv:1.8.1.6) Gecko/20070725 Firefox/2.0.0.6"
10.254.254.29 - - [06/Aug/2007:00:05:29 -0700] "GET /keyser/2391/ HTTP/1.0" 302 6267 "-" "googlebot-mscrawl-moma (enterprise; bar-XYZ; foo123@google.com,foo123@google.com,foo123@google.com,foo123@google.com)"
10.254.254.138 - - [06/Aug/2007:00:13:48 -0700] "GET /edu/languages/google-python-class/images/puzzle/a-baac.jpg HTTP/1.0" 200 4284 "-" "Mozilla/5.0 (Windows; U; Windows NT 5.1; en-US; rv:1.8.1.6; Google-TR-5.1.707.6657-en) Gecko/20070725 Firefox/2.0.0.6"
10.254.254.57 - - [06/Aug/2007:00:12:18 -0700] "GET /edu/languages/google-python-class/images/puzzle/a-baac.jpg HTTP/1.0" 404 10496 "-" "googlebot-mscrawl-moma (enterprise; bar-XYZ; foo123@google.com,foo123@google.com,foo123@google.com,foo123@google.com)"
10.254.254.28 - - [06/Aug/2007:00:14:24 -0700] "GET /keyser/22139/ HTTP/1.0" 200 528 "-" "googlebot-mscrawl-moma (enterprise; bar-XYZ; foo123@google.com,foo123@google.com,foo123@google.com,foo123@google.com)"
10.254.254.58 - - [06/Aug/2007:00:06:22 -0700] "GET /edu/languages/google-python-class/images/puzzle/a-baaf.jpg HTTP/1.0" 200 528 "-" "googlebot-mscrawl-moma (enterprise; bar-XYZ; foo123@google.com,foo123@google.com,foo123@google.com,foo123@google.com)"
10.254.254.29 - - [06/Aug/2007:00:06:52 -0700] "GET /edu/languages/google-python-class/images/puzzle/a-baae.jpg HTTP/1.0" 302 527 "-" "googlebot-mscrawl-moma (enterprise; bar-XYZ; foo123@google.com,foo123@google.com,foo123@google.com,foo123@google.com)"
10.254.254.37 - - [06/Aug/2007:00:10:05 -0700] "GET /?qdetail=1&qid=1894 HTTP/1.0" 200 1823 "-" "Mozilla/5.0 (Windows; U; Windows NT 5.1; en-US; rv:1.8.1.6; Google-TR-5.1.707.6657-en) Gecko/20070725 Firefox/2.0.0.6"
10.254.254.28 - - [06/Aug/2007:00:12:19 -0700] "GET /baz/js_events/search.js HTTP/1.1" 200 528 "-" "googlebot-mscrawl-moma (enterprise; bar-XYZ; foo123@google.com,foo123@google.com,foo123@google.com,foo123@google.com)"
10.1.40.113 - - [06/Aug/2007:00:13:39 -0700] "GET /keyser/24967/ HTTP/1.0" 302 3404 "-" "Mozilla/5.0 (Windows; U; Windows NT 5.1; en-US; rv:1.8.1.6) Gecko/20070725 Firefox/2.0.0.6"
10.1.40.113 - - [06/Aug/2007:00:14:53 -0700] "GET /edu/languages/google-python-class/images/puzzle/a-babf.jpg HTTP/1.0" 200 6962 "-" "googlebot-mscrawl-moma (enterprise; bar-XYZ; foo123@google.com,foo123@google.com,foo123@google.com,foo123@google.com)"
10.254.254.28 - - [06/Aug/2007:00:13:41 -0700] "GET /keyser/24966/ HTTP/1.1" 200 414 "-" "Mozilla/5.0 (Windows; U; Windows NT 5.1; en-US; rv:1.8.1.6) Gecko/20070725 Firefox/2.0.0.6"
10.254.254.138 - - [06/Aug/2007:00:06:22 -0700] "GET /keyser/24727 HTTP/1.1" 302 528 "-" "googlebot-mscrawl-moma (enterprise; bar-XYZ; foo123@google.com)"
10.254.254.74 - - [06/Aug/2007:00:12:18 -0700] "GET /keyser/23033/ HTTP/1.0" 302 540 "-" "Mozilla/5.0 (Windows; U; Windows NT 5.1; en-US; rv:1.8.0.12) Gecko/20070508 Firefox/1.5.0.12"
10.254.254.28 - - [06/Aug/2007:00:07:21 -0700] "GET /edu/languages/google-python-class/images/puzzle/a-babi.jpg HTTP/1.0" 302 306 "-" "Mozilla/5.0 (Macintosh; U; PPC Mac OS X Mach-O; en-US; rv:1.8.0.1; Google-TR-3) Gecko/20060111 Firefox/1.5.0.1"
10.254.254.29 - - [06/Aug/2007:00:14:03 -0700] "GET /edu/languages/google-python-class/images/puzzle/a-baai.jpg HTTP/1.0" 200 528 "-" "Mozilla/5.0 (Windows; U; Windows NT 5.1; en-US; rv:1.8.1.6; Google-TR-5.1.706.29690-en) Gecko/20070725 Firefox/2.0.0.6"
10.254.254.66 - - [06/Aug/2007:00:13:40 -0700] "GET /keyser/2298/ HTTP/1.0" 200 4067 "-" "Mozilla/5.0 (Windows; U; Windows NT 5.1; en-US; rv:1.8.0.12) Gecko/20070508 Firefox/1.5.0.12"
10.254.254.28 - - [06/Aug/2007:00:05:41 -0700] "GET /edu/languages/google-python-class/images/puzzle/a-babf.jpg HTTP/1.0" 302 417 "-" "Mozilla/5.0 (Windows; U; Windows NT 5.1; en-US; rv:1.8.1.6) Gecko/20070725 Firefox/2.0.0.6"
10.254.254.29 - - [06/Aug/2007:00:09:22 -0700] "GET /edu/languages/google-python-class/images/puzzle/a-baai.jpg HTTP/1.0" 200 10496 "-" "googlebot-mscrawl-moma (enterprise; bar-XYZ; foo123@google.com,foo123@google.com,foo123@google.com,foo123@google.com)"
10.254.254.138 - - [06/Aug/2007:00:06:27 -0700] "GET /keyser/23608/ HTTP/1.0" 302 525 "-" "googlebot-mscrawl-moma (enterprise; bar-XYZ; foo123@google.com,foo123@google.com,foo123@google.com,foo123@google.com)"
10.254.254.138 - - [06/Aug/2007:00:14:00 -0700] "GET /keyser/2past/ HTTP/1.1" 200 6962 "-" "googlebot-mscrawl-moma (enterprise; bar-XYZ; foo123@google.com,foo123@google.com,foo123@google.com,foo123@google.com)"
10.1.40.113 - - [06/Aug/2007:00:05:31 -0700] "GET /keyser/23403 HTTP/1.0" 200 18124 "-" "Mozilla/5.0 (Windows; U; Windows NT 5.1; en-US; rv:1.8.1.6) Gecko/20070725 Firefox/2.0.0.6"
10.254.254.138 - - [06/Aug/2007:00:14:00 -0700] "GET /edu/languages/google-python-class/images/puzzle/a-babg.jpg HTTP/1.0" 302 414 "-" "Mozilla/5.0 (Windows; U; Windows NT 5.1; en-US; rv:1.8.1.6) Gecko/20070725 Firefox/2.0.0.6"
10.254.254.28 - - [06/Aug/2007:00:05:54 -0700] "GET /keyser/24947/ HTTP/1.0" 404 528 "-" "Mozilla/5.0 (Windows; U; Windows NT 5.1; en-US; rv:1.8.1.6) Gecko/20070725 Firefox/2.0.0.6"
10.254.254.138 - - [06/Aug/2007:00:05:29 -0700] "GET /edu/languages/google-python-class/images/puzzle/a-babc.jpg HTTP/1.0" 301 527 "-" "Mozilla/5.0 (Windows; U; Windows NT 5.1; en-US; rv:1.8.1.6) Gecko/20070725 Firefox/2.0.0.6"
10.254.254.138 - - [06/Aug/2007:00:13:41 -0700] "GET /edu/languages/google-python-class/images/puzzle/a-babh.jpg HTTP/1.0" 302 528 "-" "Mozilla/5.0 (X11; U; Linux i686 (x86_64); en-US; rv:1.8.1.4) Gecko/20070515 Firefox/2.0.0.4"
10.254.254.29 - - [06/Aug/2007:00:10:03 -0700] "GET /edu/languages/google-python-class/images/puzzle/a-babc.jpg HTTP/1.0" 302 1823 "-" "Mozilla/5.0 (Macintosh; U; PPC Mac OS X Mach-O; en-US; rv:1.8.0.1) Gecko/20060111 Firefox/1.5.0.1"
10.254.254.57 - - [06/Aug/2007:00:13:27 -0700] "GET /keyser/24966/ HTTP/1.1" 302 6962 "-" "Mozilla/5.0 (Windows; U; Windows NT 5.1; en-US; rv:1.8.1.6) Gecko/20070725 Firefox/2.0.0.6"
10.254.254.58 - - [06/Aug/2007:00:13:47 -0700] "GET /baz/css/fish.css HTTP/1.1" 302 3404 "-" "Mozilla/5.0 (Windows; U; Windows NT 5.1; en-US; rv:1.8.1.6) Gecko/20070725 Firefox/2.0.0.6"
10.1.40.113 - - [06/Aug/2007:00:11:14 -0700] "GET / HTTP/1.0" 302 3404 "-" "googlebot-mscrawl-moma (enterprise; bar-XYZ; foo123@google.com,foo123@google.com,foo123@google.com,foo123@google.com)"
10.254.254.28 - - [06/Aug/2007:00:07:05 -0700] "GET /edu/languages/google-python-class/images/puzzle/a-babb.jpg HTTP/1.0" 302 1823 "-" "googlebot-mscrawl-moma (enterprise; bar-XYZ; foo123@google.com,foo123@google.com,foo123@google.com,foo123@google.com)"
10.254.254.137 - - [06/Aug/2007:00:13:41 -0700] "GET /edu/languages/google-python-class/images/puzzle/a-babb.jpg HTTP/1.0" 302 12969 "-" "googlebot-mscrawl-moma (enterprise; bar-XYZ; foo123@google.com,foo123@google.com,foo123@google.com,foo123@google.com)"
10.254.254.28 - - [06/Aug/2007:00:06:22 -0700] "GET /edu/languages/google-python-class/images/puzzle/a-babg.jpg HTTP/1.0" 200 528 "-" "Mozilla/5.0 (Windows; U; Windows NT 5.1; en-US; rv:1.8.1.6) Gecko/20070725 Firefox/2.0.0.6"
10.254.254.66 - - [06/Aug/2007:00:14:53 -0700] "GET /edu/languages/google-python-class/images/puzzle/a-baae.jpg HTTP/1.0" 302 3404 "-" "googlebot-mscrawl-moma (enterprise; bar-XYZ; foo123@google.com)"
10.254.254.28 - - [06/Aug/2007:00:06:17 -0700] "GET /edu/languages/google-python-class/images/puzzle/a-babd.jpg HTTP/1.0" 302 525 "-" "googlebot-mscrawl-moma (enterprise; bar-XYZ; foo123@google.com,foo123@google.com,foo123@google.com,foo123@google.com)"
10.1.40.113 - - [06/Aug/2007:00:13:27 -0700] "GET /edu/languages/google-python-class/images/puzzle/a-baba.jpg HTTP/1.0" 302 10496 "-" "googlebot-mscrawl-moma (enterprise; bar-XYZ; foo123@google.com,foo123@google.com,foo123@google.com,foo123@google.com)"
10.254.254.42 - - [06/Aug/2007:00:10:05 -0700] "GET /edu/languages/google-python-class/images/puzzle/a-baab.jpg HTTP/1.0" 200 18124 "-" "Mozilla/5.0 (X11; U; Linux i686 (x86_64); en-US; rv:1.8.1.4) Gecko/20070515 Firefox/2.0.0.4"
10.254.254.28 - - [06/Aug/2007:00:13:47 -0700] "GET /favicon.ico HTTP/1.0" 302 306 "-" "Mozilla/5.0 (X11; U; Linux i686 (x86_64); en-US; rv:1.8.1.4) Gecko/20070515 Firefox/2.0.0.4"
10.254.254.58 - - [06/Aug/2007:00:05:55 -0700] "GET /edu/languages/google-python-class/images/puzzle/a-babd.jpg HTTP/1.0" 200 528 "-" "googlebot-mscrawl-moma (enterprise; bar-XYZ; foo123@google.com,foo123@google.com,foo123@google.com,foo123@google.com)"
10.1.40.113 - - [06/Aug/2007:00:12:20 -0700] "GET /keyser/24727 HTTP/1.1" 302 540 "-" "googlebot-mscrawl-moma (enterprise; bar-XYZ; foo123@google.com,foo123@google.com,foo123@google.com,foo123@google.com)"
10.254.254.58 - - [06/Aug/2007:00:12:18 -0700] "GET /keyser/23072/ HTTP/1.0" 302 528 "-" "Mozilla/5.0 (Windows; U; Windows NT 5.1; en-US; rv:1.8.0.12) Gecko/20070508 Firefox/1.5.0.12"
10.254.254.138 - - [06/Aug/2007:00:13:47 -0700] "GET /edu/languages/google-python-class/images/puzzle/a-baad.jpg HTTP/1.0" 200 540 "-" "googlebot-mscrawl-moma (enterprise; bar-XYZ; foo123@google.com,foo123@google.com,foo123@google.com,foo123@google.com)"
10.254.254.193 - - [06/Aug/2007:00:12:19 -0700] "GET / HTTP/1.0" 302 414 "-" "googlebot-mscrawl-moma (enterprise; bar-XYZ; foo123@google.com,foo123@google.com,foo123@google.com,foo123@google.com)"
10.254.254.28 - - [06/Aug/2007:00:14:54 -0700] "GET /edu/languages/google-python-class/images/puzzle/a-babj.jpg HTTP/1.0" 200 415 "-" "Mozilla/5.0 (X11; U; Linux i686 (x86_64); en-US; rv:1.8.1.4) Gecko/20070515 Firefox/2.0.0.4"
10.254.254.29 - - [06/Aug/2007:00:13:41 -0700] "GET /edu/languages/google-python-class/images/puzzle/a-babj.jpg HTTP/1.0" 302 19134 "-" "googlebot-mscrawl-moma (enterprise; bar-XYZ; foo123@google.com,foo123@google.com,foo123@google.com,foo123@google.com)"
10.254.254.138 - - [06/Aug/2007:00:13:41 -0700] "GET /keyser/24884/ HTTP/1.1" 200 3404 "-" "googlebot-mscrawl-moma (enterprise; bar-XYZ; foo123@google.com,foo123@google.com,foo123@google.com,foo123@google.com)"
10.254.254.94 - - [06/Aug/2007:00:13:48 -0700] "GET /keyser/247/ HTTP/1.0" 200 3404 "-" "Mozilla/5.0 (Windows; U; Windows NT 5.1; en-US; rv:1.8.1.6) Gecko/20070725 Firefox/2.0.0.6"
10.254.254.138 - - [06/Aug/2007:00:09:49 -0700] "GET /edu/languages/google-python-class/images/puzzle/a-baag.jpg HTTP/1.0" 302 3940 "-" "googlebot-mscrawl-moma"
10.1.40.113 - - [06/Aug/2007:00:12:18 -0700] "GET /edu/languages/google-python-class/images/puzzle/a-baaf.jpg HTTP/1.0" 302 528 "-" "Mozilla/5.0 (Macintosh; U; PPC Mac OS X Mach-O; en-US; rv:1.8.0.1; Google-TR-3) Gecko/20060111 Firefox/1.5.0.1"
10.254.254.103 - - [06/Aug/2007:00:13:27 -0700] "GET /edu/languages/google-python-class/images/puzzle/a-baah.jpg HTTP/1.0" 404 414 "-" "googlebot-mscrawl-moma (enterprise; bar-XYZ; foo123@google.com,foo123@google.com,foo123@google.com,foo123@google.com)"
10.254.254.28 - - [06/Aug/2007:00:14:26 -0700] "GET /keyser/23367/ HTTP/1.0" 302 528 "-" "googlebot-mscrawl-moma (enterprise; bar-XYZ; foo123@google.com,foo123@google.com,foo123@google.com,foo123@google.com)"
10.254.254.28 - - [06/Aug/2007:00:13:47 -0700] "GET /edu/languages/google-python-class/images/puzzle/a-baaj.jpg HTTP/1.0" 302 414 "-" "googlebot-mscrawl-moma (enterprise; bar-XYZ; foo123@google.com,foo123@google.com,foo123@google.com,foo123@google.com)"
10.254.254.28 - - [06/Aug/2007:00:05:38 -0700] "GET /baz/img/rss.png HTTP/1.0" 404 3404 "-" "Mozilla/5.0 (Macintosh; U; PPC Mac OS X Mach-O; en-US; rv:1.8.0.1) Gecko/20060111 Firefox/1.5.0.1"
10.254.254.138 - - [06/Aug/2007:00:06:15 -0700] "GET /edu/languages/google-python-class/images/puzzle/a-babe.jpg HTTP/1.0" 302 528 "-" "Mozilla/5.0 (Windows; U; Windows NT 5.1; en-US; rv:1.8.1.6) Gecko/20070725 Firefox/2.0.0.6"
10.254.254.94 - - [06/Aug/2007:00:11:08 -0700] "GET /edu/languages/google-python-class/images/puzzle/a-baaa.jpg HTTP/1.0" 200 6962 "-" "Mozilla/5.0 (Windows; U; Windows NT 5.1; en-US; rv:1.8.1.6) Gecko/20070725 Firefox/2.0.0.6"
10.254.254.138 - - [06/Aug/2007:00:13:56 -0700] "GET /edu/languages/google-python-class/images/puzzle/a-baab.jpg HTTP/1.0" 200 4290 "-" "Mozilla/5.0 (Macintosh; U; PPC Mac OS X Mach-O; en-US; rv:1.8.0.1) Gecko/20060111 Firefox/1.5.0.1"
10.254.254.193 - - [06/Aug/2007:00:12:19 -0700] "GET /baz/img/powered_by_engedu.png HTTP/1.1" 302 527 "-" "googlebot-mscrawl-moma (enterprise; bar-XYZ; foo123@google.com,foo123@google.com,foo123@google.com,foo123@google.com)"
10.254.254.28 - - [06/Aug/2007:00:11:08 -0700] "GET /favicon.ico HTTP/1.0" 404 4288 "-" "Mozilla/5.0 (Windows; U; Windows NT 5.1; en-US; rv:1.8.1.6) Gecko/20070725 Firefox/2.0.0.6"
10.254.254.138 - - [06/Aug/2007:00:10:04 -0700] "GET /baz/img/rss.png HTTP/1.1" 200 3404 "-" "googlebot-mscrawl-moma (enterprise; bar-XYZ; foo123@google.com,foo123@google.com,foo123@google.com,foo123@google.com)"
10.254.254.138 - - [06/Aug/2007:00:12:18 -0700] "GET /?qdetail=1&qid=889 HTTP/1.0" 302 22950 "-" "Mozilla/5.0 (X11; U; Linux i686 (x86_64); en-US; rv:1.8.1.4) Gecko/20070515 Firefox/2.0.0.4"
10.254.254.65 - - [06/Aug/2007:00:05:38 -0700] "GET /edu/languages/google-python-class/images/puzzle/a-babe.jpg HTTP/1.0" 302 19124 "-" "googlebot-mscrawl-moma (enterprise; bar-XYZ; foo123@google.com,foo123@google.com,foo123@google.com,foo123@google.com)"
10.254.254.29 - - [06/Aug/2007:00:09:23 -0700] "GET /keyser/24417/ HTTP/1.0" 302 528 "-" "Mozilla/5.0 (Windows; U; Windows NT 5.1; en-US; rv:1.8.1.6) Gecko/20070725 Firefox/2.0.0.6"
10.1.40.113 - - [06/Aug/2007:00:13:48 -0700] "GET /edu/languages/google-python-class/images/puzzle/a-baad.jpg HTTP/1.0" 200 540 "-" "googlebot-mscrawl-moma (enterprise; bar-XYZ; foo123@google.com,foo123@google.com,foo123@google.com,foo123@google.com)"
10.254.254.193 - - [06/Aug/2007:00:11:14 -0700] "GET /edu/languages/google-python-class/images/puzzle/a-baah.jpg HTTP/1.0" 200 3404 "-" "googlebot-mscrawl-moma (enterprise; bar-XYZ; foo123@google.com,foo123@google.com,foo123@google.com,foo123@google.com)"
10.254.254.58 - - [06/Aug/2007:00:06:17 -0700] "GET /favicon.ico HTTP/1.1" 302 528 "-" "googlebot-mscrawl-moma (enterprise; bar-XYZ; foo123@google.com,foo123@google.com,foo123@google.com,foo123@google.com)"
10.254.254.28 - - [06/Aug/2007:00:13:40 -0700] "GET /edu/languages/google-python-class/images/puzzle/a-babi.jpg HTTP/1.0" 200 528 "-" "Mozilla/5.0 (Windows; U; Windows NT 5.1; en-US; rv:1.8.1.6) Gecko/20070725 Firefox/2.0.0.6"
10.1.40.113 - - [06/Aug/2007:00:14:53 -0700] "GET /keyser/24535/ HTTP/1.0" 200 402 "-" "googlebot-mscrawl-moma (enterprise; bar-XYZ; foo123@google.com,foo123@google.com,foo123@google.com,foo123@google.com)"
10.254.254.28 - - [06/Aug/2007:00:06:51 -0700] "GET /keyser/24189/ HTTP/1.0" 301 527 "-" "googlebot-mscrawl-moma (enterprise; bar-XYZ; foo123@google.com,foo123@google.com,foo123@google.com,foo123@google.com)"
10.254.254.28 - - [06/Aug/2007:00:06:08 -0700] "GET /keyser/24884 HTTP/1.0" 302 528 "-" "googlebot-mscrawl-moma (enterprise; bar-XYZ; foo123@google.com,foo123@google.com,foo123@google.com,foo123@google.com)"
10.254.254.38 - - [06/Aug/2007:00:12:18 -0700] "GET /edu/languages/google-python-class/images/puzzle/a-baba.jpg HTTP/1.0" 404 7929 "-" "googlebot-mscrawl-moma (enterprise; bar-XYZ; foo123@google.com,foo123@google.com,foo123@google.com,foo123@google.com)"
10.254.254.138 - - [06/Aug/2007:00:09:49 -0700] "GET /edu/languages/google-python-class/images/puzzle/a-babh.jpg HTTP/1.0" 200 12969 "-" "googlebot-mscrawl-moma (enterprise; bar-XYZ; foo123@google.com,foo123@google.com,foo123@google.com,foo123@google.com)"
10.1.40.113 - - [06/Aug/2007:00:13:56 -0700] "GET /baz/img/techtalk_logo.png HTTP/1.1" 200 528 "-" "googlebot-mscrawl-moma (enterprise; bar-XYZ; foo123@google.com,foo123@google.com,foo123@google.com,foo123@google.com)"
10.254.254.138 - - [06/Aug/2007:00:05:31 -0700] "GET /edu/languages/google-python-class/images/puzzle/a-baaj.jpg HTTP/1.0" 302 4067 "-" "Mozilla/5.0 (Windows; U; Windows NT 5.1; en-US; rv:1.8.1.6) Gecko/20070725 Firefox/2.0.0.6"
10.254.254.65 - - [06/Aug/2007:00:13:41 -0700] "GET /favicon.ico HTTP/1.0" 302 3404 "-" "Mozilla/5.0 (Windows; U; Windows NT 5.1; en-US; rv:1.8.1.6) Gecko/20070725 Firefox/2.0.0.6"
10.254.254.28 - - [06/Aug/2007:00:13:48 -0700] "GET /baz/css/fish.css HTTP/1.1" 302 5694 "-" "googlebot-mscrawl-moma (enterprise; bar-XYZ; foo123@google.com,foo123@google.com,foo123@google.com,foo123@google.com)"
