10.254.254.28 - - [06/Aug/2007:00:06:16 -0700] "GET /edu/languages/google-python-class/images/puzzle/p-bgef-bbai.jpg HTTP/1.0" 200 513 "-" "Mozilla/5.0 (Windows; U; Windows NT 5.1; en-US; rv:1.8.0.12) Gecko/20070508 Firefox/1.5.0.12"
10.254.254.28 - - [06/Aug/2007:00:11:13 -0700] "GET / HTTP/1.0" 302 1823 "-" "Mozilla/5.0 (Macintosh; U; PPC Mac OS X Mach-O; en-US; rv:1.8.1.6) Gecko/20070725 Firefox/2.0.0.6"
10.254.254.66 - - [06/Aug/2007:00:13:29 -0700] "GET /favicon.ico HTTP/1.0" 200 414 "-" "Mozilla/5.0 (X11; U; Linux i686 (x86_64); en-US; rv:1.8.1.4) Gecko/20070515 Firefox/2.0.0.4"
10.254.254.138 - - [06/Aug/2007:00:09:21 -0700] "GET /edu/languages/google-python-class/images/puzzle/p-bchb-badb.jpg HTTP/1.0" 404 3341 "-" "googlebot-mscrawl-moma (enterprise; bar-XYZ; foo123@google.com,foo123@google.com,foo123@google.com,foo123@google.com)"
10.254.254.29 - - [06/Aug/2007:00:13:29 -0700] "GET /edu/languages/google-python-class/images/puzzle/p-bgef-bbai.jpg HTTP/1.0" 302 528 "-" "Mozilla/5.0 (Windows; U; Windows NT 5.1; en-US; rv:1.8.1.6) Gecko/20070725 Firefox/2.0.0.6"
10.254.254.29 - - [06/Aug/2007:00:13:48 -0700] "GET /edu/languages/google-python-class/images/puzzle/p-bdjj-bbej.jpg HTTP/1.0" 302 528 "-" "Mozilla/5.0 (Windows; U; Windows NT 5.1; en-US; rv:1.8.1.6) Gecko/20070725 Firefox/2.0.0.6"
10.254.254.29 - - [06/Aug/2007:00:09:18 -0700] "GET /edu/languages/google-python-class/images/puzzle/p-bagi-bbda.jpg HTTP/1.0" 200 526 "-" "googlebot-mscrawl-moma (enterprise; bar-XYZ; foo123@google.com,foo123@google.com,foo123@google.com,foo123@google.com)"
10.254.254.66 - - [06/Aug/2007:00:10:04 -0700] "GET /keyser/24947/ HTTP/1.1" 200 528 "-" "Mozilla/5.0 (Windows; U; Windows NT 5.1; en-US; rv:1.8.1.6) Gecko/20070725 Firefox/2.0.0.6"
10.254.254.28 - - [06/Aug/2007:00:09:21 -0700] "GET /keyser/24947/ HTTP/1.0" 200 20040 "-" "googlebot-mscrawl-moma (enterprise; bar-XYZ; foo123@google.com,foo123@google.com,foo123@google.com,foo123@google.com)"
10.1.40.113 - - [06/Aug/2007:00:06:07 -0700] "GET /keyser/2298/ HTTP/1.0" 200 3940 "-" "googlebot-mscrawl-moma (enterprise; bar-XYZ; foo123@google.com,foo123@google.com,foo123@google.com,foo123@google.com)"
10.254.254.65 - - [06/Aug/2007:00:06:16 -0700] "GET /edu/languages/google-python-class/images/puzzle/p-biih-bahb.jpg HTTP/1.0" 200 528 "-" "googlebot-mscrawl-moma (enterprise; bar-XYZ; foo123@google.com)"
10.254.254.66 - - [06/Aug/2007:00:12:19 -0700] "GET /keyser/24938/ HTTP/1.1" 302 5330 "-" "googlebot-mscrawl-moma (enterprise; bar-XYZ; foo123@google.com,foo123@google.com,foo123@google.com,foo123@google.com)"
10.254.254.29 - - [06/Aug/2007:00:06:51 -0700] "GET /favicon.ico HTTP/1.0" 200 12969 "-" "Mozilla/5.0 (Windows; U; Windows NT 5.1; en-US; rv:1.8.1.6) Gecko/20070725 Firefox/2.0.0.6"
10.254.254.138 - - [06/Aug/2007:00:12:19 -0700] "GET /edu/languages/google-python-class/images/puzzle/p-bcdj-bbge.jpg HTTP/1.0" 302 10496 "-" "googlebot-mscrawl-moma (enterprise; bar-XYZ; foo123@google.com,foo123@google.com,foo123@google.com,foo123@google.com)"
10.254.254.28 - - [06/Aug/2007:00:13:52 -0700] "GET /edu/languages/google-python-class/images/puzzle/p-baej-baec.jpg HTTP/1.0" 302 3404 "-" "Mozilla/5.0 (Windows; U; Windows NT 5.1; en-US; rv:1.8.1.6) Gecko/20070725 Firefox/2.0.0.6"
10.254.254.56 - - [06/Aug/2007:00:13:29 -0700] "GET /edu/languages/google-python-class/images/puzzle/p-bjcd-bbbf.jpg HTTP/1.0" 302 528 "-" "Mozilla/5.0 (Windows; U; Windows NT 5.1; en-US; rv:1.8.0.12) Gecko/20070508 Firefox/1.5.0.12"
10.254.254.66 - - [06/Aug/2007:00:14:24 -0700] "GET /edu/languages/google-python-class/images/puzzle/p-babi-baee.jpg HTTP/1.0" 302 527 "-" "googlebot-mscrawl-moma (enterprise; bar-XYZ; foo123@google.com,foo123@google.com,foo123@google.com,foo123@google.com)"
10.254.254.143 - - [06/Aug/2007:00:14:53 -0700] "GET /edu/languages/google-python-class/images/puzzle/p-babd-bbfj.jpg HTTP/1.0" 200 5910 "-" "googlebot-mscrawl-moma (enterprise; bar-XYZ; foo123@google.com,foo123@google.com,foo123@google.com,foo123@google.com)"
10.254.254.193 - - [06/Aug/2007:00:10:05 -0700] "GET /keyser/24534/ HTTP/1.0" 302 528 "-" "Mozilla/5.0 (Windows; U; Windows NT 5.1; en-US; rv:1.8.1.6) Gecko/20070725 Firefox/2.0.0.6"
10.254.254.28 - - [06/Aug/2007:00:05:29 -0700] "GET /feeds/keyser/2 HTTP/1.1" 200 3404 "-" "Mozilla/5.0 (Windows; U; Windows NT 5.1; en-US; rv:1.8.0.12) Gecko/20070508 Firefox/1.5.0.12"
10.254.254.103 - - [06/Aug/2007:00:06:49 -0700] "GET /keyser/24932/ HTTP/1.1" 200 306 "-" "Mozilla/5.0 (Macintosh; U; PPC Mac OS X Mach-O; en-US; rv:1.8.1.6) Gecko/20070725 Firefox/2.0.0.6"
10.254.254.28 - - [06/Aug/2007:00:06:15 -0700] "GET /keyser/23403 HTTP/1.0" 302 540 "-" "googlebot-mscrawl-moma (enterprise; bar-XYZ; foo123@google.com,foo123@google.com,foo123@google.com,foo123@google.com)"
10.254.254.29 - - [06/Aug/2007:00:09:49 -0700] "GET /keyser/23969/ HTTP/1.0" 404 528 "-" "googlebot-mscrawl-moma (enterprise; bar-XYZ; foo123@google.com,foo123@google.com,foo123@google.com,foo123@google.com)"
10.254.254.65 - - [06/Aug/2007:00:10:03 -0700] "GET /edu/languages/google-python-class/images/puzzle/p-bjjc-bbjd.jpg HTTP/1.0" 200 513 "-" "googlebot-mscrawl-moma (enterprise; bar-XYZ; foo123@google.com,foo123@google.com,foo123@google.com,foo123@google.com)"
10.254.254.65 - - [06/Aug/2007:00:12:18 -0700] "GET /keyser/2342/ HTTP/1.0" 200 2309 "-" "Mozilla/5.0 (Windows; U; Windows NT 5.1; en-US; rv:1.8.1.6) Gecko/20070725 Firefox/2.0.0.6"
10.254.254.29 - - [06/Aug/2007:00:05:31 -0700] "GET /edu/languages/google-python-class/images/puzzle/p-beab-bbbd.jpg HTTP/1.0" 302 12969 "-" "googlebot-mscrawl-moma (enterprise; bar-XYZ; foo123@google.com,foo123@google.com,foo123@google.com,foo123@google.com)"
10.254.254.138 - - [06/Aug/2007:00:07:22 -0700] "GET /favicon.ico HTTP/1.0" 302 3404 "-" "Mozilla/5.0 (Windows; U; Windows NT 5.1; en-US; rv:1.8.1.6) Gecko/20070725 Firefox/2.0.0.6"
10.254.254.138 - - [06/Aug/2007:00:05:30 -0700] "GET /edu/languages/google-python-class/images/puzzle/p-bgib-bbbj.jpg HTTP/1.0" 200 19134 "-" "googlebot-mscrawl-moma (enterprise; bar-XYZ; foo123@google.com,foo123@google.com,foo123@google.com,foo123@google.com)"
10.254.254.58 - - [06/Aug/2007:00:11:14 -0700] "GET /?qdetail=1&qid=1298 HTTP/1.0" 302 3404 "-" "googlebot-mscrawl-moma (enterprise; bar-XYZ; foo123@google.com,foo123@google.com,foo123@google.com,foo123@google.com)"
10.254.254.74 - - [06/Aug/2007:00:13:47 -0700] "GET /keyser/24884 HTTP/1.0" 200 18124 "-" "googlebot-mscrawl-moma (enterprise; bar-XYZ; foo123@google.com,foo123@google.com,foo123@google.com,foo123@google.com)"
10.254.254.138 - - [06/Aug/2007:00:06:51 -0700] "GET /keyser/24727/ HTTP/1.1" 404 513 "-" "Mozilla/5.0 (Windows; U; Windows NT 5.1; en-US; rv:1.8.0.12) Gecko/20070508 Firefox/1.5.0.12"
10.254.254.66 - - [06/Aug/2007:00:06:08 -0700] "GET /keyser/23033/ HTTP/1.0" 302 18124 "-" "Mozilla/5.0 (Windows; U; Windows NT 5.1; en-US; rv:1.8.1.6; Google-TR-5.1.706.29690-en) Gecko/20070725 Firefox/2.0.0.6"
10.254.254.28 - - [06/Aug/2007:00:11:13 -0700] "GET /keyser/2past/ HTTP/1.1" 200 3940 "-" "Mozilla/5.0 (X11; U; Linux i686 (x86_64); en-US; rv:1.8.1.4) Gecko/20070515 Firefox/2.0.0.4"
10.254.254.58 - - [06/Aug/2007:00:13:49 -0700] "GET /edu/languages/google-python-class/images/puzzle/p-beff-bajj.jpg HTTP/1.0" 200 528 "-" "Mozilla/5.0 (Windows; U; Windows NT 5.1; en-US; rv:1.8.1.6) Gecko/20070725 Firefox/2.0.0.6"
10.254.254.42 - - [06/Aug/2007:00:12:19 -0700] "GET /feeds/courses/ HTTP/1.1" 404 3404 "-" "googlebot-mscrawl-moma (enterprise; bar-XYZ; foo123@google.com)"
10.254.254.28 - - [06/Aug/2007:00:13:49 -0700] "GET /keyser/24533/ HTTP/1.0" 404 528 "-" "Mozilla/5.0 (X11; U; Linux i686 (x86_64); en-US; rv:1.8.1.4) Gecko/20070515 Firefox/2.0.0.4"
10.254.254.28 - - [06/Aug/2007:00:09:22 -0700] "GET /keyser/23033/ HTTP/1.0" 302 528 "-" "Mozilla/5.0 (Macintosh; U; PPC Mac OS X Mach-O; en-US; rv:1.8.0.1; Google-TR-3) Gecko/20060111 Firefox/1.5.0.1"
10.254.254.28 - - [06/Aug/2007:00:10:05 -0700] "GET /favicon.ico HTTP/1.0" 404 528 "-" "googlebot-mscrawl-moma"
10.254.254.66 - - [06/Aug/2007:00:13:48 -0700] "GET /edu/languages/google-python-class/images/puzzle/p-bgeb-baah.jpg HTTP/1.0" 302 414 "-" "Mozilla/5.0 (Windows; U; Windows NT 5.1; en-US; rv:1.8.1.6) Gecko/20070725 Firefox/2.0.0.6"
10.254.254.58 - - [06/Aug/2007:00:13:49 -0700] "GET /edu/languages/google-python-class/images/puzzle/p-baig-badj.jpg HTTP/1.0" 302 402 "-" "Mozilla/5.0 (Windows; U; Windows NT 5.1; en-US; rv:1.8.1.6) Gecko/20070725 Firefox/2.0.0.6"
10.1.40.113 - - [06/Aug/2007:00:11:14 -0700] "GET /keyser/22785/ HTTP/1.0" 302 528 "-" "Mozilla/5.0 (Windows; U; Windows NT 5.1; en-US; rv:1.8.1.6) Gecko/20070725 Firefox/2.0.0.6"
10.254.254.138 - - [06/Aug/2007:00:11:25 -0700] "GET /edu/languages/google-python-class/images/puzzle/p-babi-baee.jpg HTTP/1.0" 302 6962 "-" "googlebot-mscrawl-moma (enterprise; bar-XYZ; foo123@google.com,foo123@google.com,foo123@google.com,foo123@google.com)"
10.254.254.29 - - [06/Aug/2007:00:12:18 -0700] "GET /?qdetail=1&qid=1894 HTTP/1.0" 302 528 "-" "Mozilla/5.0 (X11; U; Linux i686 (x86_64); en-US; rv:1.8.1.4) Gecko/20070515 Firefox/2.0.0.4"
10.1.40.113 - - [06/Aug/2007:00:10:05 -0700] "GET /edu/languages/google-python-class/images/puzzle/p-bdae-badi.jpg HTTP/1.0" 302 2309 "-" "Mozilla/5.0 (Macintosh; U; PPC Mac OS X Mach-O; en-US; rv:1.8.1.6) Gecko/20070725 Firefox/2.0.0.6"
10.254.254.28 - - [06/Aug/2007:00:06:30 -0700] "GET /keyser/24650/ HTTP/1.0" 200 12969 "-" "Mozilla/5.0 (X11; U; Linux i686 (x86_64); en-US; rv:1.8.1.4) Gecko/20070515 Firefox/2.0.0.4"
10.254.254.28 - - [06/Aug/2007:00:13:47 -0700] "GET /?qdetail=1&qid=889 HTTP/1.0" 200 540 "-" "Mozilla/5.0 (Windows; U; Windows NT 5.1; en-US; rv:1.8.1.6) Gecko/20070725 Firefox/2.0.0.6"
10.254.254.138 - - [06/Aug/2007:00:06:16 -0700] "GET /keyser/24354/ HTTP/1.0" 200 10496 "-" "Mozilla/5.0 (Windows; U; Windows NT 5.1; en-US; rv:1.8.0.12) Gecko/20070508 Firefox/1.5.0.12"
10.254.254.28 - - [06/Aug/2007:00:06:16 -0700] "GET / HTTP/1.0" 302 528 "-" "googlebot-mscrawl-moma (enterprise; bar-XYZ; foo123@google.com,foo123@google.com,foo123@google.com,foo123@google.com)"
10.1.40.113 - - [06/Aug/2007:00:12:20 -0700] "GET /edu/languages/google-python-class/images/puzzle/p-babh-bajc.jpg HTTP/1.0" 200 527 "-" "googlebot-mscrawl-moma (enterprise; bar-XYZ; foo123@google.com,foo123@google.com,foo123@google.com,foo123@google.com)"
10.1.40.113 - - [06/Aug/2007:00:12:19 -0700] "GET /keyser/24297/ HTTP/1.0" 302 6589 "-" "Mozilla/5.0 (Windows; U; Windows NT 5.1; en-US; rv:1.8.1.6) Gecko/20070725 Firefox/2.0.0.6"
10.254.254.52 - - [06/Aug/2007:00:06:07 -0700] "GET /keyser/24533/ HTTP/1.0" 200 2309 "-" "googlebot-mscrawl-moma (enterprise; bar-XYZ; foo123@google.com,foo123@google.com,foo123@google.com,foo123@google.com)"
10.254.254.138 - - [06/Aug/2007:00:13:27 -0700] "GET /?qdetail=1&qid=889 HTTP/1.0" 200 539 "-" "googlebot-mscrawl-moma (enterprise; bar-XYZ; foo123@google.com,foo123@google.com,foo123@google.com,foo123@google.com)"
10.1.40.113 - - [06/Aug/2007:00:13:48 -0700] "GET /edu/languages/google-python-class/images/puzzle/p-bjhc-bbdj.jpg HTTP/1.0" 200 528 "-" "googlebot-mscrawl-moma (enterprise; bar-XYZ; foo123@google.com,foo123@google.com,foo123@google.com,foo123@google.com)"
10.254.254.138 - - [06/Aug/2007:00:11:13 -0700] "GET / HTTP/1.0" 302 513 "-" "Mozilla/5.0 (Windows; U; Windows NT 5.1; en-US; rv:1.8.1.6) Gecko/20070725 Firefox/2.0.0.6"
10.254.254.58 - - [06/Aug/2007:00:12:17 -0700] "GET /edu/languages/google-python-class/images/puzzle/p-beff-bajj.jpg HTTP/1.0" 200 528 "-" "Mozilla/5.0 (Windows; U; Windows NT 5.1; en-US; rv:1.8.1.6) Gecko/20070725 Firefox/2.0.0.6"
10.254.254.28 - - [06/Aug/2007:00:12:18 -0700] "GET /edu/languages/google-python-class/images/puzzle/p-bcib-bacb.jpg HTTP/1.0" 404 414 "-" "googlebot-mscrawl-moma (enterprise; bar-XYZ; foo123@google.com,foo123@google.com,foo123@google.com,foo123@google.com)"
10.254.254.66 - - [06/Aug/2007:00:12:18 -0700] "GET /keyser/24727/ HTTP/1.1" 200 415 "-" "googlebot-mscrawl-moma (enterprise; bar-XYZ; foo123@google.com,foo123@google.com,foo123@google.com,foo123@google.com)"
10.254.254.66 - - [06/Aug/2007:00:10:04 -0700] "GET /edu/languages/google-python-class/images/puzzle/p-bidg-bbcc.jpg HTTP/1.0" 302 18124 "-" "googlebot-mscrawl-moma (enterprise; bar-XYZ; foo123@google.com,foo123@google.com,foo123@google.com,foo123@google.com)"
10.254.254.193 - - [06/Aug/2007:00:06:49 -0700] "GET / HTTP/1.0" 302 18124 "-" "Mozilla/5.0 (Windows; U; Windows NT 5.1; en-US; rv:1.8.0.12) Gecko/20070508 Firefox/1.5.0.12"
10.254.254.65 - - [06/Aug/2007:00:09:21 -0700] "GET /edu/languages/google-python-class/images/puzzle/p-bgeh-bbgj.jpg HTTP/1.0" 206 528 "-" "googlebot-mscrawl-moma (enterprise; bar-XYZ; foo123@google.com,foo123@google.com,foo123@google.com,foo123@google.com)"
10.254.254.193 - - [06/Aug/2007:00:12:19 -0700] "GET /keyser/24884/ HTTP/1.1" 302 513 "-" "Mozilla/5.0 (Windows; U; Windows NT 5.1; en-US; rv:1.8.1.6) Gecko/20070725 Firefox/2.0.0.6"
10.254.254.28 - - [06/Aug/2007:00:09:55 -0700] "GET /feeds/keyser/2 HTTP/1.1" 200 528 "-" "googlebot-mscrawl-moma (enterprise; bar-XYZ; foo123@google.com,foo123@google.com,foo123@google.com,foo123@google.com)"
10.254.254.138 - - [06/Aug/2007:00:13:29 -0700] "GET /edu/languages/google-python-class/images/puzzle/p-bjhd-bbjg.jpg HTTP/1.0" 302 415 "-" "Mozilla/5.0 (Windows; U; Windows NT 5.1; en-US; rv:1.8.1.6) Gecko/20070725 Firefox/2.0.0.6"
10.254.254.57 - - [06/Aug/2007:00:13:48 -0700] "GET /keyser/24967/ HTTP/1.0" 302 525 "-" "Mozilla/5.0 (Windows; U; Windows NT 5.1; en-US; rv:1.8.1.6) Gecko/20070725 Firefox/2.0.0.6"
10.1.40.113 - - [06/Aug/2007:00:06:22 -0700] "GET /edu/languages/google-python-class/images/puzzle/p-bejg-baef.jpg HTTP/1.0" 302 540 "-" "Mozilla/5.0 (Windows; U; Windows NT 5.1; en-US; rv:1.8.1.6) Gecko/20070725 Firefox/2.0.0.6"
10.1.40.113 - - [06/Aug/2007:00:13:48 -0700] "GET /keyser/23906/ HTTP/1.0" 302 528 "-" "googlebot-mscrawl-moma (enterprise; bar-XYZ; foo123@google.com,foo123@google.com,foo123@google.com,foo123@google.com)"
10.254.254.58 - - [06/Aug/2007:00:05:29 -0700] "GET /edu/languages/google-python-class/images/puzzle/p-bghd-bahe.jpg HTTP/1.0" 200 528 "-" "Mozilla/5.0 (Windows; U; Windows NT 5.1; en-US; rv:1.8.1.6) Gecko/20070725 Firefox/2.0.0.6"
10.254.254.66 - - [06/Aug/2007:00:14:11 -0700] "GET /edu/languages/google-python-class/images/puzzle/p-bigg-bbgg.jpg HTTP/1.0" 200 4067 "-" "googlebot-mscrawl-moma (enterprise; bar-XYZ; foo123@google.com,foo123@google.com,foo123@google.com,foo123@google.com)"
10.1.40.113 - - [06/Aug/2007:00:13:40 -0700] "GET /edu/languages/google-python-class/images/puzzle/p-bhdf-bbjj.jpg HTTP/1.0" 200 10496 "-" "googlebot-mscrawl-moma"
10.254.254.28 - - [06/Aug/2007:00:12:17 -0700] "GET /edu/languages/google-python-class/images/puzzle/p-babf-bbac.jpg HTTP/1.0" 302 18124 "-" "Mozilla/5.0 (Windows; U; Windows NT 5.1; en-US; rv:1.8.1.6) Gecko/20070725 Firefox/2.0.0.6"
10.254.254.138 - - [06/Aug/2007:00:14:08 -0700] "GET /edu/languages/google-python-class/images/puzzle/p-bidf-bbhf.jpg HTTP/1.0" 302 528 "-" "googlebot-mscrawl-moma (enterprise; bar-XYZ; foo123@google.com,foo123@google.com,foo123@google.com,foo123@google.com)"
10.254.254.28 - - [06/Aug/2007:00:12:18 -0700] "GET /edu/languages/google-python-class/images/puzzle/p-beab-bbie.jpg HTTP/1.0" 404 525 "-" "googlebot-mscrawl-moma (enterprise; bar-XYZ; foo123@google.com,foo123@google.com,foo123@google.com,foo123@google.com)"
10.254.254.120 - - [06/Aug/2007:00:12:17 -0700] "GET /keyser/24189/ HTTP/1.0" 200 528 "-" "Mozilla/5.0 (Windows; U; Windows NT 5.1; en-US; rv:1.8.1.6; Google-TR-5.1.706.29690-en) Gecko/20070725 Firefox/2.0.0.6"
10.254.254.58 - - [06/Aug/2007:00:13:47 -0700] "GET /keyser/24760/ HTTP/1.0" 200 1823 "-" "googlebot-mscrawl-moma (enterprise; bar-XYZ; foo123@google.com,foo123@google.com,foo123@google.com,foo123@google.com)"
10.254.254.138 - - [06/Aug/2007:00:06:15 -0700] "GET /edu/languages/google-python-class/images/puzzle/p-bgec-bbbh.jpg HTTP/1.0" 200 3404 "-" "Mozilla/5.0 (X11; U; Linux i686 (x86_64); en-US; rv:1.8.1.4) Gecko/20070515 Firefox/2.0.0.4"
10.254.254.138 - - [06/Aug/2007:00:12:19 -0700] "GET /edu/languages/google-python-class/images/puzzle/p-babd-bbfj.jpg HTTP/1.0" 200 528 "-" "googlebot-mscrawl-moma (enterprise; bar-XYZ; foo123@google.com,foo123@google.com,foo123@google.com,foo123@google.com)"
10.254.254.138 - - [06/Aug/2007:00:11:14 -0700] "GET /edu/languages/google-python-class/images/puzzle/p-bjba-bbcj.jpg HTTP/1.0" 302 6962 "-" "Mozilla/5.0 (Windows; U; Windows NT 5.1; en-US; rv:1.8.0.12) Gecko/20070508 Firefox/1.5.0.12"
10.254.254.52 - - [06/Aug/2007:00:10:06 -0700] "GET /favicon.ico HTTP/1.0" 302 342 "-" "Mozilla/5.0 (Windows; U; Windows NT 5.1; en-US; rv:1.8.1.6) Gecko/20070725 Firefox/2.0.0.6"
10.254.254.65 - - [06/Aug/2007:00:11:25 -0700] "GET /keyser/24417/ HTTP/1.0" 404 1823 "-" "googlebot-mscrawl-moma (enterprise; bar-XYZ; foo123@google.com,foo123@google.com,foo123@google.com,foo123@google.com)"
10.254.254.138 - - [06/Aug/2007:00:13:47 -0700] "GET /?qdetail=1&qid=1894 HTTP/1.0" 302 528 "-" "googlebot-mscrawl-moma (enterprise; bar-XYZ; foo123@google.com,foo123@google.com,foo123@google.com,foo123@google.com)"
10.254.254.138 - - [06/Aug/2007:00:12:19 -0700] "GET /edu/languages/google-python-class/images/puzzle/p-bjdh-bagd.jpg HTTP/1.0" 302 528 "-" "googlebot-mscrawl-moma (enterprise; bar-XYZ; foo123@google.com,foo123@google.com,foo123@google.com,foo123@google.com)"
10.1.40.113 - - [06/Aug/2007:00:14:26 -0700] "GET /edu/languages/google-python-class/images/puzzle/p-bgef-bbij.jpg HTTP/1.0" 302 18124 "-" "Mozilla/5.0 (Windows; U; Windows NT 5.1; en-US; rv:1.8.1.6) Gecko/20070725 Firefox/2.0.0.6"
10.254.254.57 - - [06/Aug/2007:00:13:29 -0700] "GET /keyser/24650/ HTTP/1.0" 302 414 "-" "googlebot-mscrawl-moma (enterprise; bar-XYZ; foo123@google.com,foo123@google.com,foo123@google.com,foo123@google.com)"
10.254.254.28 - - [06/Aug/2007:00:11:14 -0700] "GET /keyser/2172/ HTTP/1.0" 302 526 "-" "googlebot-mscrawl-moma (enterprise; bar-XYZ; foo123@google.com,foo123@google.com,foo123@google.com,foo123@google.com)"
10.1.40.113 - - [06/Aug/2007:00:06:51 -0700] "GET /keyser/24650/ HTTP/1.0" 200 527 "-" "googlebot-mscrawl-moma (enterprise; bar-XYZ; foo123@google.com,foo123@google.com,foo123@google.com,foo123@google.com)"
10.254.254.138 - - [06/Aug/2007:00:09:53 -0700] "GET /keyser/24189/ HTTP/1.0" 302 18124 "-" "googlebot-mscrawl-moma (enterprise; bar-XYZ; foo123@google.com,foo123@google.com,foo123@google.com,foo123@google.com)"
10.254.254.28 - - [06/Aug/2007:00:09:55 -0700] "GET /edu/languages/google-python-class/images/puzzle/p-bhdg-bbhh.jpg HTTP/1.0" 302 18124 "-" "Mozilla/5.0 (Windows; U; Windows NT 5.1; en-US; rv:1.8.0.12) Gecko/20070508 Firefox/1.5.0.12"
10.1.40.113 - - [06/Aug/2007:00:09:22 -0700] "GET /keyser/23367/ HTTP/1.0" 200 4284 "-" "Mozilla/5.0 (Windows; U; Windows NT 5.1; en-US; rv:1.8.1.6) Gecko/20070725 Firefox/2.0.0.6"
10.254.254.28 - - [06/Aug/2007:00:06:52 -0700] "GET /edu/languages/google-python-class/images/puzzle/p-bjgf-bafh.jpg HTTP/1.0" 302 18124 "-" "googlebot-mscrawl-moma (enterprise; bar-XYZ; foo123@google.com)"
10.254.254.28 - - [06/Aug/2007:00:14:08 -0700] "GET /feeds/keyser/2 HTTP/1.1" 200 12969 "-" "Mozilla/5.0 (Windows; U; Windows NT 5.1; en-US; rv:1.8.0.12) Gecko/20070508 Firefox/1.5.0.12"
10.254.254.138 - - [06/Aug/2007:00:12:19 -0700] "GET /baz/img/techtalk_logo.png HTTP/1.1" 302 3341 "-" "googlebot-mscrawl-moma (enterprise; bar-XYZ; foo123@google.com,foo123@google.com,foo123@google.com,foo123@google.com)"
10.254.254.38 - - [06/Aug/2007:00:14:06 -0700] "GET /favicon.ico HTTP/1.0" 200 528 "-" "Mozilla/5.0 (Windows; U; Windows NT 5.1; en-US; rv:1.8.0.12) Gecko/20070508 Firefox/1.5.0.12"
10.254.254.138 - - [06/Aug/2007:00:14:03 -0700] "GET /edu/languages/google-python-class/images/puzzle/p-bchd-baga.jpg HTTP/1.0" 200 3404 "-" "googlebot-mscrawl-moma"
10.254.254.138 - - [06/Aug/2007:00:05:39 -0700] "GET / HTTP/1.0" 302 528 "-" "googlebot-mscrawl-moma (enterprise; bar-XYZ; foo123@google.com,foo123@google.com,foo123@google.com,foo123@google.com)"
10.254.254.58 - - [06/Aug/2007:00:13:40 -0700] "GET /keyser/23367/ HTTP/1.0" 200 3404 "-" "Mozilla/5.0 (Windows; U; Windows NT 5.1; en-US; rv:1.8.1.6) Gecko/20070725 Firefox/2.0.0.6"
10.254.254.193 - - [06/Aug/2007:00:06:16 -0700] "GET /edu/languages/google-python-class/images/puzzle/p-bjfg-baii.jpg HTTP/1.0" 302 540 "-" "googlebot-mscrawl-moma (enterprise; bar-XYZ; foo123@google.com,foo123@google.com,foo123@google.com,foo123@google.com)"
10.254.254.66 - - [06/Aug/2007:00:09:23 -0700] "GET /edu/languages/google-python-class/images/puzzle/p-bhgi-bbgb.jpg HTTP/1.0" 200 12969 "-" "Mozilla/5.0 (Windows; U; Windows NT 5.1; en-US; rv:1.8.1.6) Gecko/20070725 Firefox/2.0.0.6"
10.254.254.120 - - [06/Aug/2007:00:06:01 -0700] "GET /keyser/22300/ HTTP/1.0" 200 7929 "-" "Mozilla/5.0 (X11; U; Linux i686 (x86_64); en-US; rv:1.8.1.4) Gecko/20070515 Firefox/2.0.0.4"
10.254.254.138 - - [06/Aug/2007:00:06:15 -0700] "GET /edu/languages/google-python-class/images/puzzle/p-bfhb-baae.jpg HTTP/1.0" 302 415 "-" "googlebot-mscrawl-moma (enterprise; bar-XYZ; foo123@google.com,foo123@google.com,foo123@google.com,foo123@google.com)"
10.1.40.113 - - [06/Aug/2007:00:11:14 -0700] "GET /feeds/keyser/2 HTTP/1.1" 404 18124 "-" "googlebot-mscrawl-moma (enterprise; bar-XYZ; foo123@google.com)"
10.254.254.138 - - [06/Aug/2007:00:12:18 -0700] "GET /feeds/keyser/2 HTTP/1.1" 302 528 "-" "googlebot-mscrawl-moma (enterprise; bar-XYZ; foo123@google.com,foo123@google.com,foo123@google.com,foo123@google.com)"
10.254.254.28 - - [06/Aug/2007:00:14:26 -0700] "GET /edu/languages/google-python-class/images/puzzle/p-beae-baig.jpg HTTP/1.0" 200 528 "-" "googlebot-mscrawl-moma (enterprise; bar-XYZ; foo123@google.com,foo123@google.com,foo123@google.com,foo123@google.com)"
10.254.254.138 - - [06/Aug/2007:00:12:19 -0700] "GET /keyser/2342/ HTTP/1.0" 302 5910 "-" "googlebot-mscrawl-moma (enterprise; bar-XYZ; foo123@google.com,foo123@google.com,foo123@google.com,foo123@google.com)"
10.254.254.38 - - [06/Aug/2007:00:11:25 -0700] "GET /?qdetail=1&qid=1978 HTTP/1.0" 302 3404 "-" "googlebot-mscrawl-moma (enterprise; bar-XYZ; foo123@google.com,foo123@google.com,foo123@google.com,foo123@google.com)"
10.254.254.37 - - [06/Aug/2007:00:12:18 -0700] "GET /edu/languages/google-python-class/images/puzzle/p-bcee-bajb.jpg HTTP/1.0" 200 402 "-" "Mozilla/5.0 (Windows; U; Windows NT 5.1; en-US; rv:1.8.0.12) Gecko/20070508 Firefox/1.5.0.12"
10.254.254.138 - - [06/Aug/2007:00:10:06 -0700] "GET /edu/languages/google-python-class/images/puzzle/p-bccd-bbha.jpg HTTP/1.0" 302 4880 "-" "googlebot-mscrawl-moma (enterprise; bar-XYZ; foo123@google.com,foo123@google.com,foo123@google.com,foo123@google.com)"
10.254.254.28 - - [06/Aug/2007:00:12:18 -0700] "GET /keyser/24519/ HTTP/1.0" 302 528 "-" "Mozilla/5.0 (Windows; U; Windows NT 5.1; en-US; rv:1.8.1.6) Gecko/20070725 Firefox/2.0.0.6"
10.254.254.138 - - [06/Aug/2007:00:13:41 -0700] "GET /keyser/24803/ HTTP/1.1" 302 18124 "-" "googlebot-mscrawl-moma (enterprise; bar-XYZ; foo123@google.com,foo123@google.com,foo123@google.com,foo123@google.com)"
10.254.254.28 - - [06/Aug/2007:00:05:41 -0700] "GET /keyser/24932/ HTTP/1.1" 200 528 "-" "googlebot-mscrawl-moma (enterprise; bar-XYZ; foo123@google.com,foo123@google.com,foo123@google.com,foo123@google.com)"
10.254.254.28 - - [06/Aug/2007:00:11:14 -0700] "GET /keyser/2past/ HTTP/1.1" 302 4284 "-" "googlebot-mscrawl-moma (enterprise; bar-XYZ; foo123@google.com,foo123@google.com,foo123@google.com,foo123@google.com)"
10.254.254.52 - - [06/Aug/2007:00:14:08 -0700] "GET /edu/languages/google-python-class/images/puzzle/p-bhdg-bbhh.jpg HTTP/1.0" 200 527 "-" "googlebot-mscrawl-moma (enterprise; bar-XYZ; foo123@google.com,foo123@google.com,foo123@google.com,foo123@google.com)"
10.254.254.52 - - [06/Aug/2007:00:06:07 -0700] "GET /edu/languages/google-python-class/images/puzzle/p-bafh-bbjc.jpg HTTP/1.0" 200 1823 "-" "googlebot-mscrawl-moma (enterprise; bar-XYZ; foo123@google.com,foo123@google.com,foo123@google.com,foo123@google.com)"
10.254.254.138 - - [06/Aug/2007:00:05:38 -0700] "GET /baz/img/no_picture.jpg HTTP/1.1" 302 528 "-" "Mozilla/5.0 (Macintosh; U; PPC Mac OS X Mach-O; en-US; rv:1.8.1.6) Gecko/20070725 Firefox/2.0.0.6"
10.254.254.138 - - [06/Aug/2007:00:13:48 -0700] "GET /edu/languages/google-python-class/images/puzzle/p-begh-baaj.jpg HTTP/1.0" 302 12969 "-" "Mozilla/5.0 (Windows; U; Windows NT 5.1; en-US; rv:1.8.1.6) Gecko/20070725 Firefox/2.0.0.6"
10.254.254.58 - - [06/Aug/2007:00:10:05 -0700] "GET /edu/languages/google-python-class/images/puzzle/p-bcca-bbfi.jpg HTTP/1.0" 200 513 "-" "Mozilla/5.0 (Windows; U; Windows NT 5.1; en-US; rv:1.8.0.12) Gecko/20070508 Firefox/1.5.0.12"
10.254.254.28 - - [06/Aug/2007:00:06:08 -0700] "GET /edu/languages/google-python-class/images/puzzle/p-bdbe-baib.jpg HTTP/1.0" 404 528 "-" "googlebot-mscrawl-moma (enterprise; bar-XYZ; foo123@google.com,foo123@google.com,foo123@google.com,foo123@google.com)"
10.254.254.29 - - [06/Aug/2007:00:06:15 -0700] "GET /edu/languages/google-python-class/images/puzzle/p-baec-bbad.jpg HTTP/1.0" 302 528 "-" "Mozilla/5.0 (Windows; U; Windows NT 5.1; en-US; rv:1.8.1.6) Gecko/20070725 Firefox/2.0.0.6"
10.254.254.58 - - [06/Aug/2007:00:13:49 -0700] "GET /keyser/24727/ HTTP/1.1" 302 3404 "-" "googlebot-mscrawl-moma (enterprise; bar-XYZ; foo123@google.com,foo123@google.com,foo123@google.com,foo123@google.com)"
10.254.254.38 - - [06/Aug/2007:00:09:18 -0700] "GET /keyser/24417/ HTTP/1.0" 302 10496 "-" "Mozilla/5.0 (X11; U; Linux i686 (x86_64); en-US; rv:1.8.1.4) Gecko/20070515 Firefox/2.0.0.4"
10.254.254.28 - - [06/Aug/2007:00:14:11 -0700] "GET /keyser/22904/ HTTP/1.0" 302 3341 "-" "googlebot-mscrawl-moma (enterprise; bar-XYZ; foo123@google.com,foo123@google.com,foo123@google.com,foo123@google.com)"
10.254.254.138 - - [06/Aug/2007:00:06:07 -0700] "GET /keyser/2391/ HTTP/1.0" 404 2309 "-" "googlebot-mscrawl-moma (enterprise; bar-XYZ; foo123@google.com,foo123@google.com,foo123@google.com,foo123@google.com)"
10.1.40.113 - - [06/Aug/2007:00:11:13 -0700] "GET /edu/languages/google-python-class/images/puzzle/p-bbff-bbfd.jpg HTTP/1.0" 200 528 "-" "googlebot-mscrawl-moma (enterprise; bar-XYZ; foo123@google.com,foo123@google.com,foo123@google.com,foo123@google.com)"
10.254.254.58 - - [06/Aug/2007:00:13:47 -0700] "GET /edu/languages/google-python-class/images/puzzle/p-beaa-bbhe.jpg HTTP/1.0" 302 528 "-" "Mozilla/5.0 (Macintosh; U; PPC Mac OS X Mach-O; en-US; rv:1.8.0.1; Google-TR-3) Gecko/20060111 Firefox/1.5.0.1"
10.254.254.138 - - [06/Aug/2007:00:09:53 -0700] "GET /keyser/22359/ HTTP/1.0" 404 342 "-" "Mozilla/5.0 (Windows; U; Windows NT 5.1; en-US; rv:1.8.1.6) Gecko/20070725 Firefox/2.0.0.6"
10.254.254.28 - - [06/Aug/2007:00:10:05 -0700] "GET /edu/languages/google-python-class/images/puzzle/p-biji-badd.jpg HTTP/1.0" 302 342 "-" "googlebot-mscrawl-moma (enterprise; bar-XYZ; foo123@google.com)"
10.254.254.138 - - [06/Aug/2007:00:06:52 -0700] "GET /keyser/23969/ HTTP/1.0" 200 414 "-" "googlebot-mscrawl-moma (enterprise; bar-XYZ; foo123@google.com)"
10.254.254.28 - - [06/Aug/2007:00:12:19 -0700] "GET /edu/languages/google-python-class/images/puzzle/p-bfjd-bbjb.jpg HTTP/1.0" 302 4288 "-" "Mozilla/5.0 (Windows; U; Windows NT 5.1; en-US; rv:1.8.0.12) Gecko/20070508 Firefox/1.5.0.12"
10.254.254.28 - - [06/Aug/2007:00:06:16 -0700] "GET /keyser/21890/ HTTP/1.0" 302 18124 "-" "googlebot-mscrawl-moma (enterprise; bar-XYZ; foo123@google.com,foo123@google.com,foo123@google.com,foo123@google.com)"
10.254.254.29 - - [06/Aug/2007:00:05:29 -0700] "GET /keyser/24884/ HTTP/1.1" 302 19124 "-" "Mozilla/5.0 (Windows; U; Windows NT 5.1; en-US; rv:1.8.1.6) Gecko/20070725 Firefox/2.0.0.6"
10.254.254.56 - - [06/Aug/2007:00:12:19 -0700] "GET /keyser/24884/ HTTP/1.0" 301 528 "-" "googlebot-mscrawl-moma (enterprise; bar-XYZ; foo123@google.com,foo123@google.com,foo123@google.com,foo123@google.com)"
10.254.254.138 - - [06/Aug/2007:00:06:52 -0700] "GET /keyser/22659/ HTTP/1.0" 200 528 "-" "googlebot-mscrawl-moma (enterprise; bar-XYZ; foo123@google.com,foo123@google.com,foo123@google.com,foo123@google.com)"
10.1.40.113 - - [06/Aug/2007:00:13:47 -0700] "GET /keyser/22612/ HTTP/1.0" 200 528 "-" "Mozilla/5.0 (Windows; U; Windows NT 5.1; en-US; rv:1.8.1.6) Gecko/20070725 Firefox/2.0.0.6"
10.254.254.28 - - [06/Aug/2007:00:05:31 -0700] "GET /edu/languages/google-python-class/images/puzzle/p-baah-bbic.jpg HTTP/1.0" 404 528 "-" "Mozilla/5.0 (Windows; U; Windows NT 5.1; en-US; rv:1.8.1.6) Gecko/20070725 Firefox/2.0.0.6"
10.254.254.138 - - [06/Aug/2007:00:11:14 -0700] "GET /edu/languages/google-python-class/images/puzzle/p-bcdc-bbee.jpg HTTP/1.0" 404 19124 "-" "googlebot-mscrawl-moma (enterprise; bar-XYZ; foo123@google.com,foo123@google.com,foo123@google.com,foo123@google.com)"
10.254.254.66 - - [06/Aug/2007:00:10:05 -0700] "GET /feeds/keyser/2 HTTP/1.1" 404 4284 "-" "googlebot-mscrawl-moma (enterprise; bar-XYZ; foo123@google.com,foo123@google.com,foo123@google.com,foo123@google.com)"
10.254.254.143 - - [06/Aug/2007:00:06:07 -0700] "GET /keyser/24884/ HTTP/1.0" 200 528 "-" "Mozilla/5.0 (Windows; U; Windows NT 5.1; en-US; rv:1.8.0.12) Gecko/20070508 Firefox/1.5.0.12"
10.254.254.85 - - [06/Aug/2007:00:06:22 -0700] "GET / HTTP/1.0" 200 528 "-" "Mozilla/5.0 (Windows; U; Windows NT 5.1; en-US; rv:1.8.1.6) Gecko/20070725 Firefox/2.0.0.6"
10.254.254.65 - - [06/Aug/2007:00:06:51 -0700] "GET /edu/languages/google-python-class/images/puzzle/p-bghb-bajf.jpg HTTP/1.0" 200 22950 "-" "googlebot-mscrawl-moma (enterprise; bar-XYZ; foo123@google.com,foo123@google.com,foo123@google.com,foo123@google.com)"
10.254.254.66 - - [06/Aug/2007:00:13:27 -0700] "GET / HTTP/1.0" 200 527 "-" "googlebot-mscrawl-moma (enterprise; bar-XYZ; foo123@google.com,foo123@google.com,foo123@google.com,foo123@google.com)"
10.254.254.138 - - [06/Aug/2007:00:05:38 -0700] "GET /?qdetail=1&qid=243 HTTP/1.0" 302 528 "-" "googlebot-mscrawl-moma (enterprise; bar-XYZ; foo123@google.com,foo123@google.com,foo123@google.com,foo123@google.com)"
10.254.254.65 - - [06/Aug/2007:00:06:08 -0700] "GET /edu/languages/google-python-class/images/puzzle/p-bjge-babh.jpg HTTP/1.0" 302 402 "-" "googlebot-mscrawl-moma (enterprise; bar-XYZ; foo123@google.com,foo123@google.com,foo123@google.com,foo123@google.com)"
10.254.254.138 - - [06/Aug/2007:00:11:14 -0700] "GET /?qdetail=1&qid=1298 HTTP/1.0" 302 528 "-" "googlebot-mscrawl-moma (enterprise; bar-XYZ; foo123@google.com)"
10.254.254.138 - - [06/Aug/2007:00:14:53 -0700] "GET /keyser/24884/ HTTP/1.1" 302 18124 "-" "googlebot-mscrawl-moma (enterprise; bar-XYZ; foo123@google.com,foo123@google.com,foo123@google.com,foo123@google.com)"
10.1.40.113 - - [06/Aug/2007:00:09:22 -0700] "GET /edu/languages/google-python-class/images/puzzle/p-bifh-bbaa.jpg HTTP/1.0" 200 2309 "-" "googlebot-mscrawl-moma (enterprise; bar-XYZ; foo123@google.com,foo123@google.com,foo123@google.com,foo123@google.com)"
10.254.254.28 - - [06/Aug/2007:00:14:26 -0700] "GET /edu/languages/google-python-class/images/puzzle/p-beaj-baia.jpg HTTP/1.0" 404 528 "-" "googlebot-mscrawl-moma (enterprise; bar-XYZ; foo123@google.com,foo123@google.com,foo123@google.com,foo123@google.com)"
10.254.254.28 - - [06/Aug/2007:00:06:08 -0700] "GET /keyser/24966/ HTTP/1.1" 404 539 "-" "Mozilla/5.0 (Windows; U; Windows NT 5.1; en-US; rv:1.8.1.6) Gecko/20070725 Firefox/2.0.0.6"
10.254.254.52 - - [06/Aug/2007:00:12:19 -0700] "GET /edu/languages/google-python-class/images/puzzle/p-bbhe-bahg.jpg HTTP/1.0" 302 402 "-" "googlebot-mscrawl-moma (enterprise; bar-XYZ; foo123@google.com,foo123@google.com,foo123@google.com,foo123@google.com)"
10.254.254.138 - - [06/Aug/2007:00:06:52 -0700] "GET /edu/languages/google-python-class/images/puzzle/p-bbia-bafi.jpg HTTP/1.0" 200 528 "-" "Mozilla/5.0 (Windows; U; Windows NT 5.1; en-US; rv:1.8.1.6) Gecko/20070725 Firefox/2.0.0.6"
10.254.254.120 - - [06/Aug/2007:00:12:19 -0700] "GET /keyser/24966/ HTTP/1.1" 200 525 "-" "Mozilla/5.0 (X11; U; Linux i686 (x86_64); en-US; rv:1.8.1.4) Gecko/20070515 Firefox/2.0.0.4"
10.254.254.65 - - [06/Aug/2007:00:13:48 -0700] "GET /edu/languages/google-python-class/images/puzzle/p-bcee-bajb.jpg HTTP/1.0" 404 402 "-" "googlebot-mscrawl-moma (enterprise; bar-XYZ; foo123@google.com,foo123@google.com,foo123@google.com,foo123@google.com)"
10.254.254.193 - - [06/Aug/2007:00:10:06 -0700] "GET /edu/languages/google-python-class/images/puzzle/p-beaa-bbhe.jpg HTTP/1.0" 200 528 "-" "googlebot-mscrawl-moma"
10.254.254.58 - - [06/Aug/2007:00:12:17 -0700] "GET /keyser/24938 HTTP/1.1" 302 19124 "-" "googlebot-mscrawl-moma (enterprise; bar-XYZ; foo123@google.com,foo123@google.com,foo123@google.com,foo123@google.com)"
10.254.254.28 - - [06/Aug/2007:00:06:27 -0700] "GET /edu/languages/google-python-class/images/puzzle/p-bjcj-bbfh.jpg HTTP/1.0" 301 3404 "-" "googlebot-mscrawl-moma (enterprise; bar-XYZ; foo123@google.com,foo123@google.com,foo123@google.com,foo123@google.com)"
10.254.254.138 - - [06/Aug/2007:00:14:08 -0700] "GET /keyser/23033/ HTTP/1.0" 302 527 "-" "Mozilla/5.0 (Windows; U; Windows NT 5.1; en-US; rv:1.8.1.6) Gecko/20070725 Firefox/2.0.0.6"
10.254.254.65 - - [06/Aug/2007:00:09:10 -0700] "GET /edu/languages/google-python-class/images/puzzle/p-bija-bbff.jpg HTTP/1.0" 200 402 "-" "googlebot-mscrawl-moma (enterprise; bar-XYZ; foo123@google.com,foo123@google.com,foo123@google.com,foo123@google.com)"
10.254.254.57 - - [06/Aug/2007:00:06:49 -0700] "GET /keyser/24938 HTTP/1.1" 302 306 "-" "googlebot-mscrawl-moma (enterprise; bar-XYZ; foo123@google.com,foo123@google.com,foo123@google.com,foo123@google.com)"
10.254.254.193 - - [06/Aug/2007:00:06:22 -0700] "GET /keyser/22359/ HTTP/1.0" 200 528 "-" "Mozilla/5.0 (Windows; U; Windows NT 5.1; en-US; rv:1.8.1.6) Gecko/20070725 Firefox/2.0.0.6"
10.254.254.138 - - [06/Aug/2007:00:12:19 -0700] "GET /edu/languages/google-python-class/images/puzzle/p-baej-baec.jpg HTTP/1.0" 200 18124 "-" "Mozilla/5.0 (Windows; U; Windows NT 5.1; en-US; rv:1.8.1.6) Gecko/20070725 Firefox/2.0.0.6"
10.254.254.193 - - [06/Aug/2007:00:11:13 -0700] "GET /edu/languages/google-python-class/images/puzzle/p-bbjb-bbia.jpg HTTP/1.0" 302 4880 "-" "Mozilla/5.0 (Windows; U; Windows NT 5.1; en-US; rv:1.8.1.6) Gecko/20070725 Firefox/2.0.0.6"
10.254.254.52 - - [06/Aug/2007:00:14:54 -0700] "GET /favicon.ico HTTP/1.0" 302 4971 "-" "Mozilla/5.0 (Windows; U; Windows NT 5.1; en-US; rv:1.8.0.12) Gecko/20070508 Firefox/1.5.0.12"
10.1.40.113 - - [06/Aug/2007:00:10:04 -0700] "GET /keyser/23072/ HTTP/1.0" 302 528 "-" "googlebot-mscrawl-moma (enterprise; bar-XYZ; foo123@google.com,foo123@google.com,foo123@google.com,foo123@google.com)"
10.254.254.138 - - [06/Aug/2007:00:13:49 -0700] "GET /baz/img/powered_by_engedu.png HTTP/1.1" 200 528 "-" "googlebot-mscrawl-moma (enterprise; bar-XYZ; foo123@google.com,foo123@google.com,foo123@google.com,foo123@google.com)"
10.254.254.38 - - [06/Aug/2007:00:10:03 -0700] "GET /edu/languages/google-python-class/images/puzzle/p-bjbd-bbgf.jpg HTTP/1.0" 404 414 "-" "Mozilla/5.0 (Windows; U; Windows NT 5.1; en-US; rv:1.8.1.6) Gecko/20070725 Firefox/2.0.0.6"
10.254.254.29 - - [06/Aug/2007:00:13:41 -0700] "GET /edu/languages/google-python-class/images/puzzle/p-bihf-bbgd.jpg HTTP/1.0" 302 20040 "-" "Mozilla/5.0 (X11; U; Linux i686 (x86_64); en-US; rv:1.8.1.4) Gecko/20070515 Firefox/2.0.0.4"
10.254.254.28 - - [06/Aug/2007:00:14:24 -0700] "GET /keyser/24417/ HTTP/1.0" 200 528 "-" "Mozilla/5.0 (Windows; U; Windows NT 5.1; en-US; rv:1.8.1.6) Gecko/20070725 Firefox/2.0.0.6"
10.254.254.65 - - [06/Aug/2007:00:13:39 -0700] "GET /edu/languages/google-python-class/images/puzzle/p-bajh-baai.jpg HTTP/1.0" 404 3404 "-" "googlebot-mscrawl-moma (enterprise; bar-XYZ; foo123@google.com,foo123@google.com,foo123@google.com,foo123@google.com)"
10.254.254.138 - - [06/Aug/2007:00:12:18 -0700] "GET /keyser/21890/ HTTP/1.0" 200 3404 "-" "googlebot-mscrawl-moma (enterprise; bar-XYZ; foo123@google.com,foo123@google.com,foo123@google.com,foo123@google.com)"
10.254.254.103 - - [06/Aug/2007:00:11:25 -0700] "GET /?qdetail=1&qid=1978 HTTP/1.0" 200 528 "-" "googlebot-mscrawl-moma (enterprise; bar-XYZ; foo123@google.com,foo123@google.com,foo123@google.com,foo123@google.com)"
10.254.254.29 - - [06/Aug/2007:00:11:15 -0700] "GET /edu/languages/google-python-class/images/puzzle/p-bcdc-bbee.jpg HTTP/1.0" 200 417 "-" "googlebot-mscrawl-moma (enterprise; bar-XYZ; foo123@google.com,foo123@google.com,foo123@google.com,foo123@google.com)"
10.254.254.29 - - [06/Aug/2007:00:13:28 -0700] "GET /edu/languages/google-python-class/images/puzzle/p-bggb-bbhj.jpg HTTP/1.0" 200 528 "-" "googlebot-mscrawl-moma (enterprise; bar-XYZ; foo123@google.com,foo123@google.com,foo123@google.com,foo123@google.com)"
10.254.254.74 - - [06/Aug/2007:00:11:14 -0700] "GET /keyser/23824/ HTTP/1.0" 404 528 "-" "Mozilla/5.0 (X11; U; Linux i686 (x86_64); en-US; rv:1.8.1.4) Gecko/20070515 Firefox/2.0.0.4"
10.254.254.138 - - [06/Aug/2007:00:09:18 -0700] "GET /?qdetail=1&qid=1894 HTTP/1.0" 200 6275 "-" "Mozilla/5.0 (Windows; U; Windows NT 5.1; en-US; rv:1.8.1.6) Gecko/20070725 Firefox/2.0.0.6"
10.254.254.28 - - [06/Aug/2007:00:05:30 -0700] "GET /edu/languages/google-python-class/images/puzzle/p-bffc-bbje.jpg HTTP/1.0" 302 528 "-" "googlebot-mscrawl-moma (enterprise; bar-XYZ; foo123@google.com,foo123@google.com,foo123@google.com,foo123@google.com)"
10.254.254.29 - - [06/Aug/2007:00:12:18 -0700] "GET / HTTP/1.0" 302 3404 "-" "googlebot-mscrawl-moma (enterprise; bar-XYZ; foo123@google.com,foo123@google.com,foo123@google.com,foo123@google.com)"
10.254.254.138 - - [06/Aug/2007:00:07:05 -0700] "GET /baz/img/no_picture.jpg HTTP/1.1" 302 528 "-" "Mozilla/5.0 (Windows; U; Windows NT 5.1; en-US; rv:1.8.1.6) Gecko/20070725 Firefox/2.0.0.6"
10.254.254.66 - - [06/Aug/2007:00:06:15 -0700] "GET /edu/languages/google-python-class/images/puzzle/p-bigj-bbgh.jpg HTTP/1.0" 302 3936 "-" "Mozilla/5.0 (Windows; U; Windows NT 5.1; en-US; rv:1.8.1.6) Gecko/20070725 Firefox/2.0.0.6"
10.254.254.58 - - [06/Aug/2007:00:09:23 -0700] "GET /keyser/24053/ HTTP/1.0" 302 3936 "-" "Mozilla/5.0 (Windows; U; Windows NT 5.1; en-US; rv:1.8.1.6) Gecko/20070725 Firefox/2.0.0.6"
10.254.254.28 - - [06/Aug/2007:00:13:41 -0700] "GET /keyser/24727/ HTTP/1.1" 302 3404 "-" "googlebot-mscrawl-moma (enterprise; bar-XYZ; foo123@google.com,foo123@google.com,foo123@google.com,foo123@google.com)"
10.254.254.28 - - [06/Aug/2007:00:12:19 -0700] "GET /edu/languages/google-python-class/images/puzzle/p-bjhh-bbdh.jpg HTTP/1.0" 200 528 "-" "Mozilla/5.0 (Windows; U; Windows NT 5.1; en-US; rv:1.8.1.6) Gecko/20070725 Firefox/2.0.0.6"
10.254.254.94 - - [06/Aug/2007:00:05:29 -0700] "GET / HTTP/1.0" 301 528 "-" "googlebot-mscrawl-moma (enterprise; bar-XYZ; foo123@google.com,foo123@google.com,foo123@google.com,foo123@google.com)"
10.254.254.138 - - [06/Aug/2007:00:06:16 -0700] "GET /edu/languages/google-python-class/images/puzzle/p-bdae-badi.jpg HTTP/1.0" 404 6275 "-" "Mozilla/5.0 (Windows; U; Windows NT 5.1; en-US; rv:1.8.0.12) Gecko/20070508 Firefox/1.5.0.12"
10.1.40.113 - - [06/Aug/2007:00:13:29 -0700] "GET /edu/languages/google-python-class/images/puzzle/p-bdfh-baad.jpg HTTP/1.0" 302 1823 "-" "Mozilla/5.0 (Windows; U; Windows NT 5.1; en-US; rv:1.8.1.6) Gecko/20070725 Firefox/2.0.0.6"
10.254.254.138 - - [06/Aug/2007:00:11:13 -0700] "GET /keyser/24959/ HTTP/1.1" 302 414 "-" "googlebot-mscrawl-moma (enterprise; bar-XYZ; foo123@google.com,foo123@google.com,foo123@google.com,foo123@google.com)"
10.254.254.138 - - [06/Aug/2007:00:07:22 -0700] "GET /edu/languages/google-python-class/images/puzzle/p-bjhd-bbjg.jpg HTTP/1.0" 200 528 "-" "Mozilla/5.0 (Windows; U; Windows NT 5.1; en-US; rv:1.8.1.6) Gecko/20070725 Firefox/2.0.0.6"
10.254.254.66 - - [06/Aug/2007:00:12:17 -0700] "GET /baz/img/powered_by_engedu.png HTTP/1.1" 200 513 "-" "googlebot-mscrawl-moma (enterprise; bar-XYZ; foo123@google.com,foo123@google.com,foo123@google.com,foo123@google.com)"
10.254.254.103 - - [06/Aug/2007:00:13:48 -0700] "GET /edu/languages/google-python-class/images/puzzle/p-bhdd-babb.jpg HTTP/1.0" 200 3404 "-" "googlebot-mscrawl-moma"
10.254.254.52 - - [06/Aug/2007:00:14:06 -0700] "GET /keyser/24660 HTTP/1.0" 200 528 "-" "googlebot-mscrawl-moma (enterprise; bar-XYZ; foo123@google.com,foo123@google.com,foo123@google.com,foo123@google.com)"
10.254.254.29 - - [06/Aug/2007:00:12:19 -0700] "GET /edu/languages/google-python-class/images/puzzle/p-bfbf-bbci.jpg HTTP/1.0" 302 414 "-" "googlebot-mscrawl-moma (enterprise; bar-XYZ; foo123@google.com,foo123@google.com,foo123@google.com,foo123@google.com)"
10.254.254.38 - - [06/Aug/2007:00:12:17 -0700] "GET /edu/languages/google-python-class/images/puzzle/p-bgce-bade.jpg HTTP/1.0" 200 528 "-" "googlebot-mscrawl-moma (enterprise; bar-XYZ; foo123@google.com,foo123@google.com,foo123@google.com,foo123@google.com)"
10.254.254.28 - - [06/Aug/2007:00:06:15 -0700] "GET /keyser/24727 HTTP/1.1" 200 3404 "-" "Mozilla/5.0 (Windows; U; Windows NT 5.1; en-US; rv:1.8.1.6) Gecko/20070725 Firefox/2.0.0.6"
10.254.254.193 - - [06/Aug/2007:00:06:08 -0700] "GET /keyser/24660 HTTP/1.0" 200 3936 "-" "Mozilla/5.0 (X11; U; Linux i686 (x86_64); en-US; rv:1.8.1.4) Gecko/20070515 Firefox/2.0.0.4"
10.254.254.138 - - [06/Aug/2007:00:13:40 -0700] "GET /edu/languages/google-python-class/images/puzzle/p-beii-badg.jpg HTTP/1.0" 200 528 "-" "Mozilla/5.0 (Windows; U; Windows NT 5.1; en-US; rv:1.8.1.6) Gecko/20070725 Firefox/2.0.0.6"
10.254.254.138 - - [06/Aug/2007:00:05:55 -0700] "GET /keyser/24535/ HTTP/1.0" 200 18124 "-" "Mozilla/5.0 (Windows; U; Windows NT 5.1; en-US; rv:1.8.1.6) Gecko/20070725 Firefox/2.0.0.6"
10.254.254.193 - - [06/Aug/2007:00:10:05 -0700] "GET /?qdetail=1&qid=243 HTTP/1.0" 302 2309 "-" "googlebot-mscrawl-moma (enterprise; bar-XYZ; foo123@google.com,foo123@google.com,foo123@google.com,foo123@google.com)"
10.254.254.28 - - [06/Aug/2007:00:05:41 -0700] "GET /edu/languages/google-python-class/images/puzzle/p-bhdj-bahc.jpg HTTP/1.0" 302 3404 "-" "googlebot-mscrawl-moma (enterprise; bar-XYZ; foo123@google.com,foo123@google.com,foo123@google.com,foo123@google.com)"
10.254.254.28 - - [06/Aug/2007:00:13:39 -0700] "GET /keyser/2172/ HTTP/1.0" 200 527 "-" "Mozilla/5.0 (Windows; U; Windows NT 5.1; en-US; rv:1.8.1.6) Gecko/20070725 Firefox/2.0.0.6"
10.1.40.113 - - [06/Aug/2007:00:10:05 -0700] "GET /favicon.ico HTTP/1.1" 200 4880 "-" "Mozilla/5.0 (Windows; U; Windows NT 5.1; en-US; rv:1.8.1.6) Gecko/20070725 Firefox/2.0.0.6"
10.254.254.29 - - [06/Aug/2007:00:12:19 -0700] "GET /edu/languages/google-python-class/images/puzzle/p-behi-baif.jpg HTTP/1.0" 200 4971 "-" "googlebot-mscrawl-moma (enterprise; bar-XYZ; foo123@google.com,foo123@google.com,foo123@google.com,foo123@google.com)"
10.254.254.29 - - [06/Aug/2007:00:09:21 -0700] "GET / HTTP/1.0" 302 306 "-" "googlebot-mscrawl-moma (enterprise; bar-XYZ; foo123@google.com,foo123@google.com,foo123@google.com,foo123@google.com)"
10.254.254.38 - - [06/Aug/2007:00:13:27 -0700] "GET /edu/languages/google-python-class/images/puzzle/p-bghb-bbfe.jpg HTTP/1.0" 200 6275 "-" "Mozilla/5.0 (Macintosh; U; PPC Mac OS X Mach-O; en-US; rv:1.8.1.6) Gecko/20070725 Firefox/2.0.0.6"
10.254.254.66 - - [06/Aug/2007:00:13:47 -0700] "GET /feeds/courses/ HTTP/1.1" 200 18124 "-" "googlebot-mscrawl-moma (enterprise; bar-XYZ; foo123@google.com,foo123@google.com,foo123@google.com,foo123@google.com)"
10.254.254.29 - - [06/Aug/2007:00:05:41 -0700] "GET /edu/languages/google-python-class/images/puzzle/p-beie-babf.jpg HTTP/1.0" 302 528 "-" "Mozilla/5.0 (Windows; U; Windows NT 5.1; en-US; rv:1.8.0.12) Gecko/20070508 Firefox/1.5.0.12"
10.1.40.113 - - [06/Aug/2007:00:09:23 -0700] "GET /keyser/23906/ HTTP/1.0" 302 5694 "-" "googlebot-mscrawl-moma (enterprise; bar-XYZ; foo123@google.com,foo123@google.com,foo123@google.com,foo123@google.com)"
10.254.254.28 - - [06/Aug/2007:00:13:27 -0700] "GET /keyser/24641/ HTTP/1.0" 200 18124 "-" "Mozilla/5.0 (Windows; U; Windows NT 5.1; en-US; rv:1.8.1.6) Gecko/20070725 Firefox/2.0.0.6"
10.1.40.113 - - [06/Aug/2007:00:13:48 -0700] "GET /favicon.ico HTTP/1.0" 200 528 "-" "googlebot-mscrawl-moma (enterprise; bar-XYZ; foo123@google.com,foo123@google.com,foo123@google.com,foo123@google.com)"
10.254.254.29 - - [06/Aug/2007:00:06:15 -0700] "GET /edu/languages/google-python-class/images/puzzle/p-bfhd-bbab.jpg HTTP/1.0" 302 513 "-" "Mozilla/5.0 (Windows; U; Windows NT 5.1; en-US; rv:1.8.1.6) Gecko/20070725 Firefox/2.0.0.6"
10.254.254.58 - - [06/Aug/2007:00:13:39 -0700] "GET /edu/languages/google-python-class/images/puzzle/p-bhdb-bbii.jpg HTTP/1.0" 302 1823 "-" "googlebot-mscrawl-moma (enterprise; bar-XYZ; foo123@google.com,foo123@google.com,foo123@google.com,foo123@google.com)"
10.254.254.58 - - [06/Aug/2007:00:14:06 -0700] "GET /keyser/24947/ HTTP/1.0" 200 3404 "-" "googlebot-mscrawl-moma (enterprise; bar-XYZ; foo123@google.com,foo123@google.com,foo123@google.com,foo123@google.com)"
10.254.254.143 - - [06/Aug/2007:00:13:48 -0700] "GET /keyser/24708/ HTTP/1.0" 302 527 "-" "googlebot-mscrawl-moma (enterprise; bar-XYZ; foo123@google.com,foo123@google.com,foo123@google.com,foo123@google.com)"
10.254.254.52 - - [06/Aug/2007:00:06:01 -0700] "GET /edu/languages/google-python-class/images/puzzle/p-bfjd-bbjb.jpg HTTP/1.0" 200 18124 "-" "Mozilla/5.0 (Windows; U; Windows NT 5.1; en-US; rv:1.8.1.6) Gecko/20070725 Firefox/2.0.0.6"
10.254.254.28 - - [06/Aug/2007:00:14:11 -0700] "GET / HTTP/1.0" 404 528 "-" "Mozilla/5.0 (X11; U; Linux i686 (x86_64); en-US; rv:1.8.1.4) Gecko/20070515 Firefox/2.0.0.4"
10.1.40.113 - - [06/Aug/2007:00:06:16 -0700] "GET /feeds/keyser/2 HTTP/1.1" 200 22950 "-" "googlebot-mscrawl-moma (enterprise; bar-XYZ; foo123@google.com)"
10.254.254.58 - - [06/Aug/2007:00:13:48 -0700] "GET /edu/languages/google-python-class/images/puzzle/p-bdcg-babe.jpg HTTP/1.0" 200 402 "-" "Mozilla/5.0 (Windows; U; Windows NT 5.1; en-US; rv:1.8.1.6) Gecko/20070725 Firefox/2.0.0.6"
10.254.254.138 - - [06/Aug/2007:00:06:16 -0700] "GET /keyser/23367/ HTTP/1.0" 200 3940 "-" "Mozilla/5.0 (X11; U; Linux i686 (x86_64); en-US; rv:1.8.1) Gecko/20061010 Firefox/2.0"
10.1.40.113 - - [06/Aug/2007:00:07:22 -0700] "GET /edu/languages/google-python-class/images/puzzle/p-bjab-bbih.jpg HTTP/1.0" 200 10496 "-" "Mozilla/5.0 (Windows; U; Windows NT 5.1; en-US; rv:1.8.0.12) Gecko/20070508 Firefox/1.5.0.12"
10.254.254.37 - - [06/Aug/2007:00:13:52 -0700] "GET /favicon.ico HTTP/1.0" 302 4288 "-" "googlebot-mscrawl-moma (enterprise; bar-XYZ; foo123@google.com,foo123@google.com,foo123@google.com,foo123@google.com)"
10.254.254.38 - - [06/Aug/2007:00:06:15 -0700] "GET /edu/languages/google-python-class/images/puzzle/p-bfhi-bafg.jpg HTTP/1.0" 302 3940 "-" "Mozilla/5.0 (Windows; U; Windows NT 5.1; en-US; rv:1.8.1.6) Gecko/20070725 Firefox/2.0.0.6"
10.254.254.28 - - [06/Aug/2007:00:05:41 -0700] "GET /edu/languages/google-python-class/images/puzzle/p-babh-bajc.jpg HTTP/1.0" 200 528 "-" "googlebot-mscrawl-moma (enterprise; bar-XYZ; foo123@google.com,foo123@google.com,foo123@google.com,foo123@google.com)"
10.1.40.113 - - [06/Aug/2007:00:13:40 -0700] "GET /edu/languages/google-python-class/images/puzzle/p-beaf-baie.jpg HTTP/1.0" 302 525 "-" "googlebot-mscrawl-moma (enterprise; bar-XYZ; foo123@google.com,foo123@google.com,foo123@google.com,foo123@google.com)"
10.1.40.113 - - [06/Aug/2007:00:06:22 -0700] "GET /edu/languages/google-python-class/images/puzzle/p-bchd-baga.jpg HTTP/1.0" 302 6962 "-" "googlebot-mscrawl-moma (enterprise; bar-XYZ; foo123@google.com,foo123@google.com,foo123@google.com,foo123@google.com)"
10.254.254.138 - - [06/Aug/2007:00:10:05 -0700] "GET /edu/languages/google-python-class/images/puzzle/p-bbhe-bahg.jpg HTTP/1.0" 302 3936 "-" "Mozilla/5.0 (Windows; U; Windows NT 5.1; en-US; rv:1.8.1.6) Gecko/20070725 Firefox/2.0.0.6"
10.254.254.138 - - [06/Aug/2007:00:12:18 -0700] "GET /edu/languages/google-python-class/images/puzzle/p-behb-bbfb.jpg HTTP/1.0" 404 528 "-" "Mozilla/5.0 (Windows; U; Windows NT 5.1; en-US; rv:1.8.1.6) Gecko/20070725 Firefox/2.0.0.6"
10.254.254.28 - - [06/Aug/2007:00:13:47 -0700] "GET /keyser/24727 HTTP/1.1" 302 528 "-" "googlebot-mscrawl-moma (enterprise; bar-XYZ; foo123@google.com,foo123@google.com,foo123@google.com,foo123@google.com)"
10.254.254.28 - - [06/Aug/2007:00:14:54 -0700] "GET /edu/languages/google-python-class/images/puzzle/p-bejg-baef.jpg HTTP/1.0" 302 414 "-" "googlebot-mscrawl-moma (enterprise; bar-XYZ; foo123@google.com,foo123@google.com,foo123@google.com,foo123@google.com)"
10.254.254.28 - - [06/Aug/2007:00:14:54 -0700] "GET /edu/languages/google-python-class/images/puzzle/p-baec-bbad.jpg HTTP/1.0" 302 4284 "-" "Mozilla/5.0 (Macintosh; U; PPC Mac OS X Mach-O; en-US; rv:1.8.1.6) Gecko/20070725 Firefox/2.0.0.6"
10.254.254.65 - - [06/Aug/2007:00:12:18 -0700] "GET /keyser/22754/ HTTP/1.0" 200 4284 "-" "Mozilla/5.0 (Windows; U; Windows NT 5.1; en-US; rv:1.8.1.6) Gecko/20070725 Firefox/2.0.0.6"
10.254.254.52 - - [06/Aug/2007:00:11:14 -0700] "GET /favicon.ico HTTP/1.1" 302 20040 "-" "Mozilla/5.0 (Windows; U; Windows NT 5.1; en-US; rv:1.8.1.6) Gecko/20070725 Firefox/2.0.0.6"
10.254.254.193 - - [06/Aug/2007:00:09:49 -0700] "GET /edu/languages/google-python-class/images/puzzle/p-bddf-babg.jpg HTTP/1.0" 302 528 "-" "googlebot-mscrawl-moma (enterprise; bar-XYZ; foo123@google.com,foo123@google.com,foo123@google.com,foo123@google.com)"
10.254.254.138 - - [06/Aug/2007:00:09:53 -0700] "GET /baz/img/no_picture.jpg HTTP/1.1" 302 414 "-" "Mozilla/5.0 (Windows; U; Windows NT 5.1; en-US; rv:1.8.1.6) Gecko/20070725 Firefox/2.0.0.6"
10.254.254.28 - - [06/Aug/2007:00:10:03 -0700] "GET /edu/languages/google-python-class/images/puzzle/p-bcba-baha.jpg HTTP/1.0" 200 526 "-" "Mozilla/5.0 (Windows; U; Windows NT 5.1; en-US; rv:1.8.1.6) Gecko/20070725 Firefox/2.0.0.6"
