10.254.254.74 - - [06/Aug/2007:00:05:55 -0700] "GET /favicon.ico HTTP/1.1" 200 3404 "-" "Mozilla/5.0 (X11; U; Linux i686 (x86_64); en-US; rv:1.8.1.4) Gecko/20070515 Firefox/2.0.0.4"
10.254.254.138 - - [06/Aug/2007:00:13:48 -0700] "GET / HTTP/1.0" 200 414 "-" "Mozilla/5.0 (Macintosh; U; PPC Mac OS X Mach-O; en-US; rv:1.8.0.1; Google-TR-3) Gecko/20060111 Firefox/1.5.0.1"
10.254.254.28 - - [06/Aug/2007:00:13:48 -0700] "GET /keyser/24966/ HTTP/1.1" 200 528 "-" "googlebot-mscrawl-moma (enterprise; bar-XYZ; foo123@google.com,foo123@google.com,foo123@google.com,foo123@google.com)"
10.254.254.52 - - [06/Aug/2007:00:06:42 -0700] "GET /edu/languages/google-python-class/images/puzzle/p-bida-baed.jpg HTTP/1.0" 200 1823 "-" "googlebot-mscrawl-moma"
10.254.254.28 - - [06/Aug/2007:00:05:38 -0700] "GET /edu/languages/google-python-class/images/puzzle/p-biic-bafa.jpg HTTP/1.0" 200 18124 "-" "Mozilla/5.0 (Windows; U; Windows NT 5.1; en-US; rv:1.8.0.12) Gecko/20070508 Firefox/1.5.0.12"
10.254.254.138 - - [06/Aug/2007:00:11:13 -0700] "GET / HTTP/1.0" 404 6962 "-" "Mozilla/5.0 (X11; U; Linux i686 (x86_64); en-US; rv:1.8.1.4) Gecko/20070515 Firefox/2.0.0.4"
10.254.254.28 - - [06/Aug/2007:00:09:22 -0700] "GET /baz/img/rss.png HTTP/1.1" 302 6267 "-" "Mozilla/5.0 (Windows; U; Windows NT 5.1; en-US; rv:1.8.1.6) Gecko/20070725 Firefox/2.0.0.6"
10.254.254.56 - - [06/Aug/2007:00:11:13 -0700] "GET /keyser/22612/ HTTP/1.0" 302 414 "-" "googlebot-mscrawl-moma (enterprise; bar-XYZ; foo123@google.com)"
10.254.254.138 - - [06/Aug/2007:00:13:48 -0700] "GET /keyser/23608/ HTTP/1.0" 302 3936 "-" "googlebot-mscrawl-moma (enterprise; bar-XYZ; foo123@google.com,foo123@google.com,foo123@google.com,foo123@google.com)"
10.254.254.28 - - [06/Aug/2007:00:09:21 -0700] "GET /keyser/24660 HTTP/1.0" 302 414 "-" "googlebot-mscrawl-moma"
10.254.254.28 - - [06/Aug/2007:00:06:49 -0700] "GET /edu/languages/google-python-class/images/puzzle/p-babf-bajg.jpg HTTP/1.0" 302 528 "-" "googlebot-mscrawl-moma (enterprise; bar-XYZ; foo123@google.com,foo123@google.com,foo123@google.com,foo123@google.com)"
10.1.40.113 - - [06/Aug/2007:00:06:16 -0700] "GET /edu/languages/google-python-class/images/puzzle/p-bdjj-bbej.jpg HTTP/1.0" 302 10496 "-" "Mozilla/5.0 (Windows; U; Windows NT 5.1; en-US; rv:1.8.0.12) Gecko/20070508 Firefox/1.5.0.12"
10.254.254.57 - - [06/Aug/2007:00:14:53 -0700] "GET /keyser/24884/ HTTP/1.1" 200 528 "-" "Mozilla/5.0 (X11; U; Linux i686 (x86_64); en-US; rv:1.8.1.4) Gecko/20070515 Firefox/2.0.0.4"
10.254.254.138 - - [06/Aug/2007:00:13:29 -0700] "GET /?qdetail=1&qid=243 HTTP/1.0" 200 527 "-" "Mozilla/5.0 (Windows; U; Windows NT 5.1; en-US; rv:1.8.1.6; Google-TR-5.1.706.29690-en) Gecko/20070725 Firefox/2.0.0.6"
10.254.254.58 - - [06/Aug/2007:00:14:08 -0700] "GET /favicon.ico HTTP/1.0" 200 1823 "-" "googlebot-mscrawl-moma (enterprise; bar-XYZ; foo123@google.com,foo123@google.com,foo123@google.com,foo123@google.com)"
10.254.254.138 - - [06/Aug/2007:00:13:41 -0700] "GET /keyser/24932/ HTTP/1.1" 200 528 "-" "Mozilla/5.0 (Windows; U; Windows NT 5.1; en-US; rv:1.8.1.6) Gecko/20070725 Firefox/2.0.0.6"
10.254.254.28 - - [06/Aug/2007:00:13:48 -0700] "GET /edu/languages/google-python-class/images/puzzle/p-bfhd-bbab.jpg HTTP/1.0" 200 3341 "-" "googlebot-mscrawl-moma (enterprise; bar-XYZ; foo123@google.com,foo123@google.com,foo123@google.com,foo123@google.com)"
10.254.254.193 - - [06/Aug/2007:00:14:00 -0700] "GET /baz/js_events/search.js HTTP/1.1" 404 12969 "-" "Mozilla/5.0 (Macintosh; U; PPC Mac OS X Mach-O; en-US; rv:1.8.1.6) Gecko/20070725 Firefox/2.0.0.6"
10.1.40.113 - - [06/Aug/2007:00:06:07 -0700] "GET /?qdetail=1&qid=243 HTTP/1.0" 200 3404 "-" "googlebot-mscrawl-moma (enterprise; bar-XYZ; foo123@google.com,foo123@google.com,foo123@google.com,foo123@google.com)"
10.254.254.65 - - [06/Aug/2007:00:13:47 -0700] "GET /edu/languages/google-python-class/images/puzzle/p-bihb-bagj.jpg HTTP/1.0" 302 525 "-" "Mozilla/5.0 (X11; U; Linux i686 (x86_64); en-US; rv:1.8.1.4) Gecko/20070515 Firefox/2.0.0.4"
10.254.254.28 - - [06/Aug/2007:00:09:10 -0700] "GET /edu/languages/google-python-class/images/puzzle/p-bbjb-baja.jpg HTTP/1.0" 302 3404 "-" "googlebot-mscrawl-moma (enterprise; bar-XYZ; foo123@google.com,foo123@google.com,foo123@google.com,foo123@google.com)"
10.254.254.37 - - [06/Aug/2007:00:10:03 -0700] "GET /baz/css/fish.css HTTP/1.1" 301 414 "-" "googlebot-mscrawl-moma (enterprise; bar-XYZ; foo123@google.com,foo123@google.com,foo123@google.com,foo123@google.com)"
10.254.254.138 - - [06/Aug/2007:00:11:13 -0700] "GET /keyser/24884/ HTTP/1.0" 302 19134 "-" "Mozilla/5.0 (Windows; U; Windows NT 5.1; en-US; rv:1.8.0.12) Gecko/20070508 Firefox/1.5.0.12"
10.254.254.29 - - [06/Aug/2007:00:13:48 -0700] "GET /edu/languages/google-python-class/images/puzzle/p-bgeh-bbgj.jpg HTTP/1.0" 200 415 "-" "Mozilla/5.0 (Windows; U; Windows NT 5.1; en-US; rv:1.8.1.6) Gecko/20070725 Firefox/2.0.0.6"
10.1.40.113 - - [06/Aug/2007:00:13:28 -0700] "GET /keyser/2391/ HTTP/1.0" 404 7929 "-" "googlebot-mscrawl-moma (enterprise; bar-XYZ; foo123@google.com,foo123@google.com,foo123@google.com,foo123@google.com)"
10.254.254.28 - - [06/Aug/2007:00:06:08 -0700] "GET /edu/languages/google-python-class/images/puzzle/p-bddf-babg.jpg HTTP/1.0" 302 3404 "-" "Mozilla/5.0 (X11; U; Linux i686 (x86_64); en-US; rv:1.8.1.4) Gecko/20070515 Firefox/2.0.0.4"
10.254.254.65 - - [06/Aug/2007:00:14:53 -0700] "GET /edu/languages/google-python-class/images/puzzle/p-bbfb-bbga.jpg HTTP/1.0" 302 414 "-" "googlebot-mscrawl-moma (enterprise; bar-XYZ; foo123@google.com,foo123@google.com,foo123@google.com,foo123@google.com)"
10.254.254.193 - - [06/Aug/2007:00:06:07 -0700] "GET /edu/languages/google-python-class/images/puzzle/p-bicf-bafc.jpg HTTP/1.0" 302 19134 "-" "Mozilla/5.0 (Windows; U; Windows NT 5.1; en-US; rv:1.8.1.6) Gecko/20070725 Firefox/2.0.0.6"
10.254.254.28 - - [06/Aug/2007:00:12:18 -0700] "GET /baz/img/powered_by_engedu.png HTTP/1.1" 302 3404 "-" "Mozilla/5.0 (Windows; U; Windows NT 5.1; en-US; rv:1.8.1.6) Gecko/20070725 Firefox/2.0.0.6"
10.254.254.138 - - [06/Aug/2007:00:13:41 -0700] "GET /keyser/24932/ HTTP/1.1" 302 528 "-" "Mozilla/5.0 (Windows; U; Windows NT 5.1; en-US; rv:1.8.1.6) Gecko/20070725 Firefox/2.0.0.6"
10.254.254.28 - - [06/Aug/2007:00:10:04 -0700] "GET /favicon.ico HTTP/1.1" 200 417 "-" "Mozilla/5.0 (X11; U; Linux i686 (x86_64); en-US; rv:1.8.1.4) Gecko/20070515 Firefox/2.0.0.4"
10.254.254.28 - - [06/Aug/2007:00:13:40 -0700] "GET /keyser/22904/ HTTP/1.0" 302 6962 "-" "googlebot-mscrawl-moma (enterprise; bar-XYZ; foo123@google.com,foo123@google.com,foo123@google.com,foo123@google.com)"
10.254.254.28 - - [06/Aug/2007:00:06:49 -0700] "GET /edu/languages/google-python-class/images/puzzle/p-bhdf-bbjj.jpg HTTP/1.0" 200 3404 "-" "Mozilla/5.0 (Windows; U; Windows NT 5.1; en-US; rv:1.8.1.6) Gecko/20070725 Firefox/2.0.0.6"
10.254.254.65 - - [06/Aug/2007:00:06:07 -0700] "GET /edu/languages/google-python-class/images/puzzle/p-baeb-baci.jpg HTTP/1.0" 302 414 "-" "Mozilla/5.0 (Windows; U; Windows NT 5.1; en-US; rv:1.8.1.6) Gecko/20070725 Firefox/2.0.0.6"
10.254.254.29 - - [06/Aug/2007:00:13:48 -0700] "GET /keyser/24417/ HTTP/1.0" 302 4067 "-" "Mozilla/5.0 (Windows; U; Windows NT 5.1; en-US; rv:1.8.1.6) Gecko/20070725 Firefox/2.0.0.6"
10.254.254.28 - - [06/Aug/2007:00:11:14 -0700] "GET /edu/languages/google-python-class/images/puzzle/p-bebd-bbch.jpg HTTP/1.0" 302 513 "-" "Mozilla/5.0 (Macintosh; U; PPC Mac OS X Mach-O; en-US; rv:1.8.0.1; Google-TR-3) Gecko/20060111 Firefox/1.5.0.1"
10.254.254.52 - - [06/Aug/2007:00:12:19 -0700] "GET /favicon.ico HTTP/1.0" 200 528 "-" "Mozilla/5.0 (Macintosh; U; PPC Mac OS X Mach-O; en-US; rv:1.8.1.6) Gecko/20070725 Firefox/2.0.0.6"
10.254.254.193 - - [06/Aug/2007:00:06:01 -0700] "GET /baz/img/powered_by_engedu.png HTTP/1.1" 200 528 "-" "Mozilla/5.0 (Windows; U; Windows NT 5.1; en-US; rv:1.8.0.12) Gecko/20070508 Firefox/1.5.0.12"
10.254.254.193 - - [06/Aug/2007:00:13:40 -0700] "GET /keyser/24947/ HTTP/1.1" 200 18124 "-" "googlebot-mscrawl-moma (enterprise; bar-XYZ; foo123@google.com,foo123@google.com,foo123@google.com,foo123@google.com)"
10.254.254.38 - - [06/Aug/2007:00:14:54 -0700] "GET /edu/languages/google-python-class/images/puzzle/p-bgdg-baej.jpg HTTP/1.0" 200 526 "-" "googlebot-mscrawl-moma (enterprise; bar-XYZ; foo123@google.com,foo123@google.com,foo123@google.com,foo123@google.com)"
10.254.254.66 - - [06/Aug/2007:00:13:39 -0700] "GET / HTTP/1.0" 302 528 "-" "Mozilla/5.0 (Windows; U; Windows NT 5.1; en-US; rv:1.8.1.6) Gecko/20070725 Firefox/2.0.0.6"
10.254.254.138 - - [06/Aug/2007:00:13:48 -0700] "GET / HTTP/1.0" 200 18124 "-" "Mozilla/5.0 (Windows; U; Windows NT 5.1; en-US; rv:1.8.1.6) Gecko/20070725 Firefox/2.0.0.6"
10.254.254.193 - - [06/Aug/2007:00:12:19 -0700] "GET / HTTP/1.0" 302 1823 "-" "googlebot-mscrawl-moma (enterprise; bar-XYZ; foo123@google.com,foo123@google.com,foo123@google.com,foo123@google.com)"
10.254.254.138 - - [06/Aug/2007:00:13:47 -0700] "GET /feeds/keyser/2 HTTP/1.1" 302 402 "-" "googlebot-mscrawl-moma (enterprise; bar-XYZ; foo123@google.com,foo123@google.com,foo123@google.com,foo123@google.com)"
10.254.254.57 - - [06/Aug/2007:00:06:17 -0700] "GET /edu/languages/google-python-class/images/puzzle/p-bgei-bbcb.jpg HTTP/1.0" 302 6962 "-" "googlebot-mscrawl-moma (enterprise; bar-XYZ; foo123@google.com,foo123@google.com,foo123@google.com,foo123@google.com)"
10.254.254.138 - - [06/Aug/2007:00:05:29 -0700] "GET /edu/languages/google-python-class/images/puzzle/p-bgdg-baej.jpg HTTP/1.0" 404 18124 "-" "Mozilla/5.0 (Macintosh; U; PPC Mac OS X Mach-O; en-US; rv:1.8.1.6) Gecko/20070725 Firefox/2.0.0.6"
10.254.254.52 - - [06/Aug/2007:00:06:42 -0700] "GET /keyser/23608/ HTTP/1.0" 302 528 "-" "Mozilla/5.0 (Windows; U; Windows NT 5.1; en-US; rv:1.8.1.6) Gecko/20070725 Firefox/2.0.0.6"
10.254.254.138 - - [06/Aug/2007:00:11:25 -0700] "GET /keyser/24354/ HTTP/1.0" 200 306 "-" "Mozilla/5.0 (Windows; U; Windows NT 5.1; en-US; rv:1.8.0.12) Gecko/20070508 Firefox/1.5.0.12"
10.254.254.138 - - [06/Aug/2007:00:11:13 -0700] "GET /edu/languages/google-python-class/images/puzzle/p-bbeh-bbce.jpg HTTP/1.0" 302 528 "-" "Mozilla/5.0 (Windows; U; Windows NT 5.1; en-US; rv:1.8.1.6) Gecko/20070725 Firefox/2.0.0.6"
10.254.254.58 - - [06/Aug/2007:00:10:03 -0700] "GET /edu/languages/google-python-class/images/puzzle/p-bicc-bbeg.jpg HTTP/1.0" 302 6275 "-" "Mozilla/5.0 (Windows; U; Windows NT 5.1; en-US; rv:1.8.1.6) Gecko/20070725 Firefox/2.0.0.6"
10.254.254.138 - - [06/Aug/2007:00:13:52 -0700] "GET /edu/languages/google-python-class/images/puzzle/p-bihd-babd.jpg HTTP/1.0" 200 527 "-" "Mozilla/5.0 (Windows; U; Windows NT 5.1; en-US; rv:1.8.0.12) Gecko/20070508 Firefox/1.5.0.12"
10.1.40.113 - - [06/Aug/2007:00:13:39 -0700] "GET /edu/languages/google-python-class/images/puzzle/p-befj-bahh.jpg HTTP/1.0" 200 513 "-" "googlebot-mscrawl-moma (enterprise; bar-XYZ; foo123@google.com)"
10.1.40.113 - - [06/Aug/2007:00:09:22 -0700] "GET /?qdetail=1&qid=1298 HTTP/1.0" 302 6589 "-" "googlebot-mscrawl-moma (enterprise; bar-XYZ; foo123@google.com,foo123@google.com,foo123@google.com,foo123@google.com)"
10.254.254.28 - - [06/Aug/2007:00:06:22 -0700] "GET / HTTP/1.0" 200 19124 "-" "Mozilla/5.0 (Windows; U; Windows NT 5.1; en-US; rv:1.8.1.6) Gecko/20070725 Firefox/2.0.0.6"
10.254.254.193 - - [06/Aug/2007:00:14:53 -0700] "GET /baz/img/rss.png HTTP/1.1" 404 2309 "-" "Mozilla/5.0 (Windows; U; Windows NT 5.1; en-US; rv:1.8.0.12) Gecko/20070508 Firefox/1.5.0.12"
10.1.40.113 - - [06/Aug/2007:00:09:21 -0700] "GET /robots.txt HTTP/1.0" 404 19124 "-" "Mozilla/5.0 (X11; U; Linux i686 (x86_64); en-US; rv:1.8.1.4) Gecko/20070515 Firefox/2.0.0.4"
10.254.254.193 - - [06/Aug/2007:00:13:27 -0700] "GET /keyser/24297/ HTTP/1.0" 200 18124 "-" "googlebot-mscrawl-moma (enterprise; bar-XYZ; foo123@google.com,foo123@google.com,foo123@google.com,foo123@google.com)"
10.254.254.28 - - [06/Aug/2007:00:13:48 -0700] "GET /edu/languages/google-python-class/images/puzzle/p-bcfd-bbaf.jpg HTTP/1.0" 302 4880 "-" "Mozilla/5.0 (Windows; U; Windows NT 5.1; en-US; rv:1.8.1.6) Gecko/20070725 Firefox/2.0.0.6"
10.254.254.138 - - [06/Aug/2007:00:12:17 -0700] "GET /edu/languages/google-python-class/images/puzzle/p-bchf-bbfg.jpg HTTP/1.0" 302 528 "-" "googlebot-mscrawl-moma (enterprise; bar-XYZ; foo123@google.com,foo123@google.com,foo123@google.com,foo123@google.com)"
10.254.254.52 - - [06/Aug/2007:00:13:48 -0700] "GET /?qdetail=1&qid=1978 HTTP/1.0" 200 18124 "-" "Mozilla/5.0 (Windows; U; Windows NT 5.1; en-US; rv:1.8.1.6) Gecko/20070725 Firefox/2.0.0.6"
10.254.254.103 - - [06/Aug/2007:00:13:40 -0700] "GET /keyser/24884/ HTTP/1.1" 200 3341 "-" "Mozilla/5.0 (Windows; U; Windows NT 5.1; en-US; rv:1.8.0.12) Gecko/20070508 Firefox/1.5.0.12"
10.254.254.58 - - [06/Aug/2007:00:10:04 -0700] "GET /feeds/courses/ HTTP/1.1" 302 4288 "-" "Mozilla/5.0 (Macintosh; U; PPC Mac OS X Mach-O; en-US; rv:1.8.1.6) Gecko/20070725 Firefox/2.0.0.6"
10.254.254.74 - - [06/Aug/2007:00:05:31 -0700] "GET /edu/languages/google-python-class/images/puzzle/p-bhih-bbde.jpg HTTP/1.0" 200 3940 "-" "googlebot-mscrawl-moma (enterprise; bar-XYZ; foo123@google.com)"
10.254.254.138 - - [06/Aug/2007:00:14:53 -0700] "GET /edu/languages/google-python-class/images/puzzle/p-biad-bbig.jpg HTTP/1.0" 200 3404 "-" "googlebot-mscrawl-moma (enterprise; bar-XYZ; foo123@google.com,foo123@google.com,foo123@google.com,foo123@google.com)"
10.254.254.29 - - [06/Aug/2007:00:05:38 -0700] "GET /edu/languages/google-python-class/images/puzzle/p-bjja-baeg.jpg HTTP/1.0" 200 12969 "-" "Mozilla/5.0 (Windows; U; Windows NT 5.1; en-US; rv:1.8.1.6) Gecko/20070725 Firefox/2.0.0.6"
10.254.254.28 - - [06/Aug/2007:00:12:19 -0700] "GET /keyser/24727 HTTP/1.1" 200 3404 "-" "Mozilla/5.0 (X11; U; Linux i686 (x86_64); en-US; rv:1.8.1.4) Gecko/20070515 Firefox/2.0.0.4"
10.254.254.38 - - [06/Aug/2007:00:14:54 -0700] "GET /baz/img/rss.png HTTP/1.1" 200 3940 "-" "Mozilla/5.0 (Macintosh; U; PPC Mac OS X Mach-O; en-US; rv:1.8.1.6) Gecko/20070725 Firefox/2.0.0.6"
10.254.254.138 - - [06/Aug/2007:00:14:08 -0700] "GET /keyser/2298/ HTTP/1.0" 200 528 "-" "Mozilla/5.0 (Windows; U; Windows NT 5.1; en-US; rv:1.8.0.12) Gecko/20070508 Firefox/1.5.0.12"
10.254.254.28 - - [06/Aug/2007:00:12:18 -0700] "GET /edu/languages/google-python-class/images/puzzle/p-baah-bbic.jpg HTTP/1.0" 200 2309 "-" "Mozilla/5.0 (X11; U; Linux i686 (x86_64); en-US; rv:1.8.1.4) Gecko/20070515 Firefox/2.0.0.4"
10.254.254.28 - - [06/Aug/2007:00:13:27 -0700] "GET /baz/img/techtalk_logo.png HTTP/1.1" 302 3407 "-" "Mozilla/5.0 (Windows; U; Windows NT 5.1; en-US; rv:1.8.1.6) Gecko/20070725 Firefox/2.0.0.6"
10.254.254.38 - - [06/Aug/2007:00:09:10 -0700] "GET /edu/languages/google-python-class/images/puzzle/p-babf-bajg.jpg HTTP/1.0" 302 6962 "-" "googlebot-mscrawl-moma"
10.254.254.58 - - [06/Aug/2007:00:13:52 -0700] "GET /edu/languages/google-python-class/images/puzzle/p-bjcj-bbfh.jpg HTTP/1.0" 302 4880 "-" "Mozilla/5.0 (Windows; U; Windows NT 5.1; en-US; rv:1.8.1.6) Gecko/20070725 Firefox/2.0.0.6"
10.254.254.28 - - [06/Aug/2007:00:14:53 -0700] "GET /edu/languages/google-python-class/images/puzzle/p-bbjh-bbca.jpg HTTP/1.0" 200 4880 "-" "Mozilla/5.0 (Windows; U; Windows NT 5.1; en-US; rv:1.8.1.6) Gecko/20070725 Firefox/2.0.0.6"
10.254.254.138 - - [06/Aug/2007:00:13:47 -0700] "GET /keyser/23969/ HTTP/1.0" 200 528 "-" "googlebot-mscrawl-moma (enterprise; bar-XYZ; foo123@google.com,foo123@google.com,foo123@google.com,foo123@google.com)"
10.254.254.138 - - [06/Aug/2007:00:10:04 -0700] "GET /keyser/24884 HTTP/1.0" 200 18124 "-" "Mozilla/5.0 (Windows; U; Windows NT 5.1; en-US; rv:1.8.1.6) Gecko/20070725 Firefox/2.0.0.6"
10.254.254.138 - - [06/Aug/2007:00:12:19 -0700] "GET / HTTP/1.0" 200 527 "-" "googlebot-mscrawl-moma (enterprise; bar-XYZ; foo123@google.com,foo123@google.com,foo123@google.com,foo123@google.com)"
10.254.254.37 - - [06/Aug/2007:00:05:29 -0700] "GET /edu/languages/google-python-class/images/puzzle/p-bffd-bbag.jpg HTTP/1.0" 302 528 "-" "googlebot-mscrawl-moma (enterprise; bar-XYZ; foo123@google.com,foo123@google.com,foo123@google.com,foo123@google.com)"
10.254.254.28 - - [06/Aug/2007:00:11:08 -0700] "GET / HTTP/1.0" 404 18124 "-" "googlebot-mscrawl-moma (enterprise; bar-XYZ; foo123@google.com,foo123@google.com,foo123@google.com,foo123@google.com)"
10.1.40.113 - - [06/Aug/2007:00:06:49 -0700] "GET /favicon.ico HTTP/1.0" 200 3404 "-" "Mozilla/5.0 (Windows; U; Windows NT 5.1; en-US; rv:1.8.1.6) Gecko/20070725 Firefox/2.0.0.6"
10.254.254.28 - - [06/Aug/2007:00:09:21 -0700] "GET /edu/languages/google-python-class/images/puzzle/p-bfjj-bagi.jpg HTTP/1.0" 302 3404 "-" "googlebot-mscrawl-moma (enterprise; bar-XYZ; foo123@google.com,foo123@google.com,foo123@google.com,foo123@google.com)"
10.254.254.28 - - [06/Aug/2007:00:05:41 -0700] "GET /edu/languages/google-python-class/images/puzzle/p-bach-bbea.jpg HTTP/1.0" 200 528 "-" "Mozilla/5.0 (Windows; U; Windows NT 5.1; en-US; rv:1.8.1.6) Gecko/20070725 Firefox/2.0.0.6"
10.1.40.113 - - [06/Aug/2007:00:13:40 -0700] "GET /edu/languages/google-python-class/images/puzzle/p-bjbc-bbec.jpg HTTP/1.0" 302 1823 "-" "googlebot-mscrawl-moma (enterprise; bar-XYZ; foo123@google.com,foo123@google.com,foo123@google.com,foo123@google.com)"
10.254.254.52 - - [06/Aug/2007:00:13:48 -0700] "GET /edu/languages/google-python-class/images/puzzle/p-bcca-bbfi.jpg HTTP/1.0" 302 342 "-" "Mozilla/5.0 (X11; U; Linux i686 (x86_64); en-US; rv:1.8.1) Gecko/20061010 Firefox/2.0"
10.254.254.138 - - [06/Aug/2007:00:09:21 -0700] "GET /edu/languages/google-python-class/images/puzzle/p-bbjh-bacf.jpg HTTP/1.0" 404 1823 "-" "googlebot-mscrawl-moma (enterprise; bar-XYZ; foo123@google.com,foo123@google.com,foo123@google.com,foo123@google.com)"
10.254.254.138 - - [06/Aug/2007:00:13:47 -0700] "GET /keyser/23679/ HTTP/1.0" 200 5910 "-" "Mozilla/5.0 (X11; U; Linux i686 (x86_64); en-US; rv:1.8.1.4) Gecko/20070515 Firefox/2.0.0.4"
10.254.254.28 - - [06/Aug/2007:00:06:27 -0700] "GET /keyser/24967 HTTP/1.0" 302 6962 "-" "Mozilla/5.0 (Windows; U; Windows NT 5.1; en-US; rv:1.8.1.6) Gecko/20070725 Firefox/2.0.0.6"
10.254.254.138 - - [06/Aug/2007:00:13:48 -0700] "GET /edu/languages/google-python-class/images/puzzle/p-bbja-bagh.jpg HTTP/1.0" 302 20040 "-" "Mozilla/5.0 (Windows; U; Windows NT 5.1; en-US; rv:1.8.1.6) Gecko/20070725 Firefox/2.0.0.6"
10.254.254.74 - - [06/Aug/2007:00:12:19 -0700] "GET /keyser/23824/ HTTP/1.0" 302 19134 "-" "googlebot-mscrawl-moma (enterprise; bar-XYZ; foo123@google.com,foo123@google.com,foo123@google.com,foo123@google.com)"
10.254.254.74 - - [06/Aug/2007:00:13:47 -0700] "GET /edu/languages/google-python-class/images/puzzle/p-bjag-badf.jpg HTTP/1.0" 302 10496 "-" "Mozilla/5.0 (X11; U; Linux i686 (x86_64); en-US; rv:1.8.1.4) Gecko/20070515 Firefox/2.0.0.4"
10.254.254.28 - - [06/Aug/2007:00:06:42 -0700] "GET /edu/languages/google-python-class/images/puzzle/p-bffd-bbag.jpg HTTP/1.0" 200 18124 "-" "googlebot-mscrawl-moma (enterprise; bar-XYZ; foo123@google.com,foo123@google.com,foo123@google.com,foo123@google.com)"
10.254.254.65 - - [06/Aug/2007:00:05:39 -0700] "GET /keyser/2298/ HTTP/1.0" 302 528 "-" "googlebot-mscrawl-moma (enterprise; bar-XYZ; foo123@google.com,foo123@google.com,foo123@google.com,foo123@google.com)"
10.254.254.138 - - [06/Aug/2007:00:11:13 -0700] "GET /keyser/23679/ HTTP/1.0" 302 402 "-" "Mozilla/5.0 (Windows; U; Windows NT 5.1; en-US; rv:1.8.1.6) Gecko/20070725 Firefox/2.0.0.6"
10.254.254.58 - - [06/Aug/2007:00:09:23 -0700] "GET /edu/languages/google-python-class/images/puzzle/p-babi-bafe.jpg HTTP/1.0" 302 528 "-" "Mozilla/5.0 (Windows; U; Windows NT 5.1; en-US; rv:1.8.1.6) Gecko/20070725 Firefox/2.0.0.6"
10.254.254.58 - - [06/Aug/2007:00:06:07 -0700] "GET /edu/languages/google-python-class/images/puzzle/p-bagf-bbhg.jpg HTTP/1.0" 302 10496 "-" "googlebot-mscrawl-moma (enterprise; bar-XYZ; foo123@google.com,foo123@google.com,foo123@google.com,foo123@google.com)"
10.254.254.28 - - [06/Aug/2007:00:06:27 -0700] "GET /?qdetail=1&qid=1999 HTTP/1.0" 200 528 "-" "googlebot-mscrawl-moma (enterprise; bar-XYZ; foo123@google.com,foo123@google.com,foo123@google.com,foo123@google.com)"
10.254.254.28 - - [06/Aug/2007:00:05:39 -0700] "GET /edu/languages/google-python-class/images/puzzle/p-bccc-bbdc.jpg HTTP/1.0" 302 528 "-" "googlebot-mscrawl-moma (enterprise; bar-XYZ; foo123@google.com)"
10.254.254.29 - - [06/Aug/2007:00:11:14 -0700] "GET /edu/languages/google-python-class/images/puzzle/p-bgee-baic.jpg HTTP/1.0" 200 5910 "-" "Mozilla/5.0 (X11; U; Linux i686 (x86_64); en-US; rv:1.8.1.4) Gecko/20070515 Firefox/2.0.0.4"
10.254.254.28 - - [06/Aug/2007:00:09:21 -0700] "GET /?qdetail=1&qid=1978 HTTP/1.0" 302 513 "-" "Mozilla/5.0 (Windows; U; Windows NT 5.1; en-US; rv:1.8.1.6) Gecko/20070725 Firefox/2.0.0.6"
10.254.254.38 - - [06/Aug/2007:00:10:05 -0700] "GET /baz/css/fish.css HTTP/1.1" 302 528 "-" "googlebot-mscrawl-moma (enterprise; bar-XYZ; foo123@google.com,foo123@google.com,foo123@google.com,foo123@google.com)"
10.254.254.28 - - [06/Aug/2007:00:12:20 -0700] "GET /keyser/24727/ HTTP/1.1" 302 1823 "-" "Mozilla/5.0 (X11; U; Linux i686 (x86_64); en-US; rv:1.8.1.4) Gecko/20070515 Firefox/2.0.0.4"
10.254.254.28 - - [06/Aug/2007:00:10:05 -0700] "GET /keyser/24660 HTTP/1.0" 302 4880 "-" "Mozilla/5.0 (Windows; U; Windows NT 5.1; en-US; rv:1.8.1.6) Gecko/20070725 Firefox/2.0.0.6"
10.254.254.57 - - [06/Aug/2007:00:13:47 -0700] "GET /edu/languages/google-python-class/images/puzzle/p-bcbc-bbeh.jpg HTTP/1.0" 200 3940 "-" "Mozilla/5.0 (Windows; U; Windows NT 5.1; en-US; rv:1.8.1.6) Gecko/20070725 Firefox/2.0.0.6"
10.254.254.137 - - [06/Aug/2007:00:14:06 -0700] "GET /keyser/24884/ HTTP/1.1" 200 528 "-" "Mozilla/5.0 (Windows; U; Windows NT 5.1; en-US; rv:1.8.1.6) Gecko/20070725 Firefox/2.0.0.6"
10.254.254.28 - - [06/Aug/2007:00:14:00 -0700] "GET /edu/languages/google-python-class/images/puzzle/p-beie-babf.jpg HTTP/1.0" 302 3404 "-" "googlebot-mscrawl-moma (enterprise; bar-XYZ; foo123@google.com)"
10.254.254.138 - - [06/Aug/2007:00:12:18 -0700] "GET /edu/languages/google-python-class/images/puzzle/p-bdcg-babe.jpg HTTP/1.0" 302 417 "-" "Mozilla/5.0 (Macintosh; U; PPC Mac OS X Mach-O; en-US; rv:1.8.0.1) Gecko/20060111 Firefox/1.5.0.1"
10.254.254.29 - - [06/Aug/2007:00:12:18 -0700] "GET /edu/languages/google-python-class/images/puzzle/p-beab-bbie.jpg HTTP/1.0" 302 3404 "-" "Mozilla/5.0 (X11; U; Linux i686 (x86_64); en-US; rv:1.8.1.4) Gecko/20070515 Firefox/2.0.0.4"
10.254.254.66 - - [06/Aug/2007:00:13:40 -0700] "GET /feeds/keyser/2 HTTP/1.1" 302 526 "-" "googlebot-mscrawl-moma"
10.254.254.65 - - [06/Aug/2007:00:06:22 -0700] "GET / HTTP/1.0" 302 528 "-" "Mozilla/5.0 (Windows; U; Windows NT 5.1; en-US; rv:1.8.1.6) Gecko/20070725 Firefox/2.0.0.6"
10.254.254.193 - - [06/Aug/2007:00:13:40 -0700] "GET / HTTP/1.0" 302 528 "-" "googlebot-mscrawl-moma (enterprise; bar-XYZ; foo123@google.com,foo123@google.com,foo123@google.com,foo123@google.com)"
10.254.254.37 - - [06/Aug/2007:00:14:54 -0700] "GET /feeds/keyser/2 HTTP/1.1" 302 402 "-" "googlebot-mscrawl-moma (enterprise; bar-XYZ; foo123@google.com,foo123@google.com,foo123@google.com,foo123@google.com)"
10.254.254.28 - - [06/Aug/2007:00:05:38 -0700] "GET /keyser/23442/ HTTP/1.0" 302 528 "-" "googlebot-mscrawl-moma (enterprise; bar-XYZ; foo123@google.com,foo123@google.com,foo123@google.com,foo123@google.com)"
10.254.254.28 - - [06/Aug/2007:00:10:04 -0700] "GET / HTTP/1.0" 302 528 "-" "Mozilla/5.0 (Windows; U; Windows NT 5.1; en-US; rv:1.8.1.6) Gecko/20070725 Firefox/2.0.0.6"
10.254.254.52 - - [06/Aug/2007:00:12:19 -0700] "GET /keyser/22139/ HTTP/1.0" 302 527 "-" "Mozilla/5.0 (Windows; U; Windows NT 5.1; en-US; rv:1.8.1.6; Google-TR-5.1.706.29690-en) Gecko/20070725 Firefox/2.0.0.6"
10.254.254.38 - - [06/Aug/2007:00:14:26 -0700] "GET /keyser/2342/ HTTP/1.0" 200 527 "-" "Mozilla/5.0 (Macintosh; U; PPC Mac OS X Mach-O; en-US; rv:1.8.0.1) Gecko/20060111 Firefox/1.5.0.1"
10.254.254.58 - - [06/Aug/2007:00:10:06 -0700] "GET /edu/languages/google-python-class/images/puzzle/p-bfbf-bbci.jpg HTTP/1.0" 302 18124 "-" "googlebot-mscrawl-moma (enterprise; bar-XYZ; foo123@google.com,foo123@google.com,foo123@google.com,foo123@google.com)"
10.254.254.138 - - [06/Aug/2007:00:10:04 -0700] "GET /edu/languages/google-python-class/images/puzzle/p-bafg-bbja.jpg HTTP/1.0" 302 528 "-" "googlebot-mscrawl-moma (enterprise; bar-XYZ; foo123@google.com,foo123@google.com,foo123@google.com,foo123@google.com)"
10.254.254.65 - - [06/Aug/2007:00:09:21 -0700] "GET /edu/languages/google-python-class/images/puzzle/p-bhhe-bahd.jpg HTTP/1.0" 200 2309 "-" "Mozilla/5.0 (X11; U; Linux i686 (x86_64); en-US; rv:1.8.1.4) Gecko/20070515 Firefox/2.0.0.4"
