10.254.254.28 - - [06/Aug/2007:00:13:48 -0700] "GET /edu/languages/google-python-class/images/puzzle/p-bech-bach.jpg HTTP/1.0" 200 528 "-" "googlebot-mscrawl-moma (enterprise; bar-XYZ; foo123@google.com,foo123@google.com,foo123@google.com,foo123@google.com)"
10.254.254.103 - - [06/Aug/2007:00:06:08 -0700] "GET /baz/css/fish.css HTTP/1.1" 302 414 "-" "Mozilla/5.0 (Windows; U; Windows NT 5.1; en-US; rv:1.8.1.6) Gecko/20070725 Firefox/2.0.0.6"
10.254.254.193 - - [06/Aug/2007:00:13:48 -0700] "GET /edu/languages/google-python-class/images/puzzle/p-bbij-bbed.jpg HTTP/1.0" 302 415 "-" "Mozilla/5.0 (Windows; U; Windows NT 5.1; en-US; rv:1.8.1.6) Gecko/20070725 Firefox/2.0.0.6"
10.254.254.28 - - [06/Aug/2007:00:11:14 -0700] "GET /edu/languages/google-python-class/images/puzzle/p-beba-baeb.jpg HTTP/1.0" 302 402 "-" "Mozilla/5.0 (Macintosh; U; PPC Mac OS X Mach-O; en-US; rv:1.8.0.1) Gecko/20060111 Firefox/1.5.0.1"
10.1.40.113 - - [06/Aug/2007:00:10:03 -0700] "GET /edu/languages/google-python-class/images/puzzle/p-bdjh-baeh.jpg HTTP/1.0" 200 402 "-" "googlebot-mscrawl-moma (enterprise; bar-XYZ; foo123@google.com,foo123@google.com,foo123@google.com,foo123@google.com)"
10.254.254.38 - - [06/Aug/2007:00:06:08 -0700] "GET /favicon.ico HTTP/1.1" 302 12969 "-" "googlebot-mscrawl-moma (enterprise; bar-XYZ; foo123@google.com,foo123@google.com,foo123@google.com,foo123@google.com)"
10.254.254.28 - - [06/Aug/2007:00:13:47 -0700] "GET /edu/languages/google-python-class/images/puzzle/p-bbjh-bacf.jpg HTTP/1.0" 302 528 "-" "Mozilla/5.0 (Windows; U; Windows NT 5.1; en-US; rv:1.8.0.12) Gecko/20070508 Firefox/1.5.0.12"
10.254.254.37 - - [06/Aug/2007:00:13:47 -0700] "GET /edu/languages/google-python-class/images/puzzle/p-bjag-badh.jpg HTTP/1.0" 200 528 "-" "Mozilla/5.0 (Windows; U; Windows NT 5.1; en-US; rv:1.8.1.6) Gecko/20070725 Firefox/2.0.0.6"
10.254.254.28 - - [06/Aug/2007:00:06:16 -0700] "GET /edu/languages/google-python-class/images/puzzle/p-bjbc-bbec.jpg HTTP/1.0" 302 3407 "-" "googlebot-mscrawl-moma (enterprise; bar-XYZ; foo123@google.com,foo123@google.com,foo123@google.com,foo123@google.com)"
10.254.254.66 - - [06/Aug/2007:00:09:10 -0700] "GET / HTTP/1.0" 200 5910 "-" "Mozilla/5.0 (X11; U; Linux i686 (x86_64); en-US; rv:1.8.1.4) Gecko/20070515 Firefox/2.0.0.4"
10.254.254.58 - - [06/Aug/2007:00:06:01 -0700] "GET /edu/languages/google-python-class/images/puzzle/p-bgjg-bbhb.jpg HTTP/1.0" 200 528 "-" "Mozilla/5.0 (Windows; U; Windows NT 5.1; en-US; rv:1.8.1.6) Gecko/20070725 Firefox/2.0.0.6"
10.254.254.28 - - [06/Aug/2007:00:11:14 -0700] "GET /keyser/24959 HTTP/1.1" 302 3404 "-" "Mozilla/5.0 (Windows; U; Windows NT 5.1; en-US; rv:1.8.0.12) Gecko/20070508 Firefox/1.5.0.12"
10.1.40.113 - - [06/Aug/2007:00:10:05 -0700] "GET /keyser/22300/ HTTP/1.0" 302 12969 "-" "googlebot-mscrawl-moma (enterprise; bar-XYZ; foo123@google.com,foo123@google.com,foo123@google.com,foo123@google.com)"
10.254.254.28 - - [06/Aug/2007:00:14:53 -0700] "GET /edu/languages/google-python-class/images/puzzle/p-bcda-bbdf.jpg HTTP/1.0" 200 528 "-" "Mozilla/5.0 (Windows; U; Windows NT 5.1; en-US; rv:1.8.1.6) Gecko/20070725 Firefox/2.0.0.6"
10.1.40.113 - - [06/Aug/2007:00:14:06 -0700] "GET /edu/languages/google-python-class/images/puzzle/p-bjag-badf.jpg HTTP/1.0" 200 2309 "-" "googlebot-mscrawl-moma (enterprise; bar-XYZ; foo123@google.com,foo123@google.com,foo123@google.com,foo123@google.com)"
10.254.254.138 - - [06/Aug/2007:00:13:49 -0700] "GET /edu/languages/google-python-class/images/puzzle/p-bafh-bbjc.jpg HTTP/1.0" 302 528 "-" "googlebot-mscrawl-moma (enterprise; bar-XYZ; foo123@google.com,foo123@google.com,foo123@google.com,foo123@google.com)"
10.254.254.138 - - [06/Aug/2007:00:13:48 -0700] "GET /keyser/24827/ HTTP/1.0" 200 3404 "-" "googlebot-mscrawl-moma (enterprise; bar-XYZ; foo123@google.com,foo123@google.com,foo123@google.com,foo123@google.com)"
10.254.254.66 - - [06/Aug/2007:00:06:42 -0700] "GET /favicon.ico HTTP/1.0" 302 4288 "-" "googlebot-mscrawl-moma (enterprise; bar-XYZ; foo123@google.com,foo123@google.com,foo123@google.com,foo123@google.com)"
10.254.254.138 - - [06/Aug/2007:00:13:48 -0700] "GET / HTTP/1.0" 302 525 "-" "Mozilla/5.0 (Windows; U; Windows NT 5.1; en-US; rv:1.8.1.6) Gecko/20070725 Firefox/2.0.0.6"
10.254.254.193 - - [06/Aug/2007:00:14:24 -0700] "GET /keyser/23824/ HTTP/1.0" 302 527 "-" "googlebot-mscrawl-moma (enterprise; bar-XYZ; foo123@google.com,foo123@google.com,foo123@google.com,foo123@google.com)"
10.254.254.58 - - [06/Aug/2007:00:09:49 -0700] "GET /edu/languages/google-python-class/images/puzzle/p-bjhc-bbdj.jpg HTTP/1.0" 200 528 "-" "Mozilla/5.0 (Windows; U; Windows NT 5.1; en-US; rv:1.8.1.6) Gecko/20070725 Firefox/2.0.0.6"
10.254.254.138 - - [06/Aug/2007:00:13:48 -0700] "GET /favicon.ico HTTP/1.0" 302 2309 "-" "Mozilla/5.0 (Windows; U; Windows NT 5.1; en-US; rv:1.8.1.6) Gecko/20070725 Firefox/2.0.0.6"
10.254.254.65 - - [06/Aug/2007:00:05:38 -0700] "GET /keyser/24884 HTTP/1.0" 200 528 "-" "Mozilla/5.0 (Macintosh; U; PPC Mac OS X Mach-O; en-US; rv:1.8.1.6) Gecko/20070725 Firefox/2.0.0.6"
10.254.254.65 - - [06/Aug/2007:00:11:13 -0700] "GET /favicon.ico HTTP/1.0" 302 540 "-" "Mozilla/5.0 (Windows; U; Windows NT 5.1; en-US; rv:1.8.1.6) Gecko/20070725 Firefox/2.0.0.6"
10.254.254.66 - - [06/Aug/2007:00:07:21 -0700] "GET /favicon.ico HTTP/1.0" 302 540 "-" "Mozilla/5.0 (Windows; U; Windows NT 5.1; en-US; rv:1.8.1.6) Gecko/20070725 Firefox/2.0.0.6"
10.254.254.103 - - [06/Aug/2007:00:12:18 -0700] "GET /edu/languages/google-python-class/images/puzzle/p-bbjh-bada.jpg HTTP/1.0" 200 528 "-" "Mozilla/5.0 (X11; U; Linux i686 (x86_64); en-US; rv:1.8.1) Gecko/20061010 Firefox/2.0"
10.254.254.65 - - [06/Aug/2007:00:06:17 -0700] "GET /baz/img/no_picture.jpg HTTP/1.1" 200 3404 "-" "Mozilla/5.0 (X11; U; Linux i686 (x86_64); en-US; rv:1.8.1.4) Gecko/20070515 Firefox/2.0.0.4"
10.254.254.120 - - [06/Aug/2007:00:10:03 -0700] "GET /edu/languages/google-python-class/images/puzzle/p-bcjj-bbba.jpg HTTP/1.0" 302 3404 "-" "Mozilla/5.0 (Windows; U; Windows NT 5.1; en-US; rv:1.8.0.12) Gecko/20070508 Firefox/1.5.0.12"
10.254.254.28 - - [06/Aug/2007:00:14:26 -0700] "GET /edu/languages/google-python-class/images/puzzle/p-bjfg-baii.jpg HTTP/1.0" 200 12969 "-" "Mozilla/5.0 (X11; U; Linux i686 (x86_64); en-US; rv:1.8.1.4) Gecko/20070515 Firefox/2.0.0.4"
10.254.254.138 - - [06/Aug/2007:00:12:18 -0700] "GET /edu/languages/google-python-class/images/puzzle/p-bcif-babc.jpg HTTP/1.0" 200 2309 "-" "googlebot-mscrawl-moma"
10.254.254.28 - - [06/Aug/2007:00:10:04 -0700] "GET /edu/languages/google-python-class/images/puzzle/p-bfga-bace.jpg HTTP/1.0" 302 3404 "-" "Mozilla/5.0 (Macintosh; U; PPC Mac OS X Mach-O; en-US; rv:1.8.0.1) Gecko/20060111 Firefox/1.5.0.1"
10.254.254.138 - - [06/Aug/2007:00:12:20 -0700] "GET /favicon.ico HTTP/1.0" 302 12969 "-" "googlebot-mscrawl-moma (enterprise; bar-XYZ; foo123@google.com,foo123@google.com,foo123@google.com,foo123@google.com)"
10.1.40.113 - - [06/Aug/2007:00:06:22 -0700] "GET /edu/languages/google-python-class/images/puzzle/p-bgcf-bbef.jpg HTTP/1.0" 302 18124 "-" "googlebot-mscrawl-moma (enterprise; bar-XYZ; foo123@google.com,foo123@google.com,foo123@google.com,foo123@google.com)"
10.254.254.28 - - [06/Aug/2007:00:09:18 -0700] "GET /favicon.ico HTTP/1.0" 200 18124 "-" "Mozilla/5.0 (Windows; U; Windows NT 5.1; en-US; rv:1.8.0.12) Gecko/20070508 Firefox/1.5.0.12"
10.254.254.193 - - [06/Aug/2007:00:13:29 -0700] "GET /edu/languages/google-python-class/images/puzzle/p-bjgi-baea.jpg HTTP/1.0" 404 20040 "-" "Mozilla/5.0 (X11; U; Linux i686 (x86_64); en-US; rv:1.8.1.4) Gecko/20070515 Firefox/2.0.0.4"
10.254.254.94 - - [06/Aug/2007:00:07:05 -0700] "GET /?qdetail=1&qid=243 HTTP/1.0" 200 528 "-" "Mozilla/5.0 (Windows; U; Windows NT 5.1; en-US; rv:1.8.0.12) Gecko/20070508 Firefox/1.5.0.12"
10.254.254.138 - - [06/Aug/2007:00:12:19 -0700] "GET /edu/languages/google-python-class/images/puzzle/p-bifb-baje.jpg HTTP/1.0" 302 342 "-" "Mozilla/5.0 (X11; U; Linux i686 (x86_64); en-US; rv:1.8.1) Gecko/20061010 Firefox/2.0"
10.254.254.193 - - [06/Aug/2007:00:13:41 -0700] "GET /keyser/24884 HTTP/1.0" 302 402 "-" "googlebot-mscrawl-moma (enterprise; bar-XYZ; foo123@google.com,foo123@google.com,foo123@google.com,foo123@google.com)"
10.254.254.138 - - [06/Aug/2007:00:06:17 -0700] "GET /?qdetail=1&qid=1298 HTTP/1.0" 404 402 "-" "Mozilla/5.0 (Windows; U; Windows NT 5.1; en-US; rv:1.8.1.6) Gecko/20070725 Firefox/2.0.0.6"
10.254.254.138 - - [06/Aug/2007:00:11:15 -0700] "GET /edu/languages/google-python-class/images/puzzle/p-bicd-bbbb.jpg HTTP/1.0" 302 527 "-" "Mozilla/5.0 (Windows; U; Windows NT 5.1; en-US; rv:1.8.1.6) Gecko/20070725 Firefox/2.0.0.6"
10.254.254.193 - - [06/Aug/2007:00:06:17 -0700] "GET /keyser/23403 HTTP/1.0" 302 10496 "-" "googlebot-mscrawl-moma (enterprise; bar-XYZ; foo123@google.com,foo123@google.com,foo123@google.com,foo123@google.com)"
10.254.254.65 - - [06/Aug/2007:00:12:20 -0700] "GET /keyser/23824/ HTTP/1.0" 302 527 "-" "Mozilla/5.0 (X11; U; Linux i686 (x86_64); en-US; rv:1.8.1.4) Gecko/20070515 Firefox/2.0.0.4"
10.254.254.138 - - [06/Aug/2007:00:09:22 -0700] "GET /edu/languages/google-python-class/images/puzzle/p-bdjj-bagb.jpg HTTP/1.0" 404 4880 "-" "Mozilla/5.0 (X11; U; Linux i686 (x86_64); en-US; rv:1.8.1.4) Gecko/20070515 Firefox/2.0.0.4"
10.254.254.143 - - [06/Aug/2007:00:11:25 -0700] "GET /keyser/23608/ HTTP/1.0" 302 3404 "-" "googlebot-mscrawl-moma (enterprise; bar-XYZ; foo123@google.com,foo123@google.com,foo123@google.com,foo123@google.com)"
10.254.254.137 - - [06/Aug/2007:00:07:21 -0700] "GET /edu/languages/google-python-class/images/puzzle/p-bgcc-bbcf.jpg HTTP/1.0" 200 539 "-" "googlebot-mscrawl-moma (enterprise; bar-XYZ; foo123@google.com,foo123@google.com,foo123@google.com,foo123@google.com)"
10.254.254.29 - - [06/Aug/2007:00:12:18 -0700] "GET /favicon.ico HTTP/1.0" 302 4284 "-" "Mozilla/5.0 (Windows; U; Windows NT 5.1; en-US; rv:1.8.1.6) Gecko/20070725 Firefox/2.0.0.6"
10.254.254.29 - - [06/Aug/2007:00:11:14 -0700] "GET /edu/languages/google-python-class/images/puzzle/p-beca-bbdg.jpg HTTP/1.0" 200 528 "-" "googlebot-mscrawl-moma (enterprise; bar-XYZ; foo123@google.com,foo123@google.com,foo123@google.com,foo123@google.com)"
10.254.254.138 - - [06/Aug/2007:00:14:53 -0700] "GET /robots.txt HTTP/1.0" 200 10496 "-" "Mozilla/5.0 (Windows; U; Windows NT 5.1; en-US; rv:1.8.1.6) Gecko/20070725 Firefox/2.0.0.6"
10.254.254.138 - - [06/Aug/2007:00:09:21 -0700] "GET /keyser/24708/ HTTP/1.0" 301 18124 "-" "Mozilla/5.0 (Windows; U; Windows NT 5.1; en-US; rv:1.8.1.6) Gecko/20070725 Firefox/2.0.0.6"
10.254.254.28 - - [06/Aug/2007:00:14:00 -0700] "GET /keyser/23969/ HTTP/1.0" 302 528 "-" "googlebot-mscrawl-moma (enterprise; bar-XYZ; foo123@google.com,foo123@google.com,foo123@google.com,foo123@google.com)"
10.1.40.113 - - [06/Aug/2007:00:13:47 -0700] "GET /edu/languages/google-python-class/images/puzzle/p-bbeh-bbhd.jpg HTTP/1.0" 302 3404 "-" "Mozilla/5.0 (Windows; U; Windows NT 5.1; en-US; rv:1.8.1.6) Gecko/20070725 Firefox/2.0.0.6"
10.254.254.52 - - [06/Aug/2007:00:06:01 -0700] "GET /edu/languages/google-python-class/images/puzzle/p-begj-baac.jpg HTTP/1.0" 200 3404 "-" "googlebot-mscrawl-moma (enterprise; bar-XYZ; foo123@google.com,foo123@google.com,foo123@google.com,foo123@google.com)"
10.254.254.138 - - [06/Aug/2007:00:12:18 -0700] "GET /edu/languages/google-python-class/images/puzzle/p-biad-bbig.jpg HTTP/1.0" 302 5910 "-" "googlebot-mscrawl-moma (enterprise; bar-XYZ; foo123@google.com,foo123@google.com,foo123@google.com,foo123@google.com)"
10.254.254.193 - - [06/Aug/2007:00:14:54 -0700] "GET /edu/languages/google-python-class/images/puzzle/p-bbia-bafi.jpg HTTP/1.0" 200 525 "-" "googlebot-mscrawl-moma (enterprise; bar-XYZ; foo123@google.com,foo123@google.com,foo123@google.com,foo123@google.com)"
10.254.254.138 - - [06/Aug/2007:00:07:22 -0700] "GET /keyser/2past/ HTTP/1.1" 404 528 "-" "googlebot-mscrawl-moma (enterprise; bar-XYZ; foo123@google.com,foo123@google.com,foo123@google.com,foo123@google.com)"
10.254.254.94 - - [06/Aug/2007:00:10:03 -0700] "GET /edu/languages/google-python-class/images/puzzle/p-bhbd-bahi.jpg HTTP/1.0" 302 525 "-" "Mozilla/5.0 (Macintosh; U; PPC Mac OS X Mach-O; en-US; rv:1.8.0.1) Gecko/20060111 Firefox/1.5.0.1"
10.254.254.28 - - [06/Aug/2007:00:13:49 -0700] "GET /feeds/keyser/2 HTTP/1.1" 200 306 "-" "googlebot-mscrawl-moma (enterprise; bar-XYZ; foo123@google.com,foo123@google.com,foo123@google.com,foo123@google.com)"
10.1.40.113 - - [06/Aug/2007:00:13:41 -0700] "GET /edu/languages/google-python-class/images/puzzle/p-bedg-bage.jpg HTTP/1.0" 302 528 "-" "googlebot-mscrawl-moma (enterprise; bar-XYZ; foo123@google.com,foo123@google.com,foo123@google.com,foo123@google.com)"
10.254.254.138 - - [06/Aug/2007:00:06:27 -0700] "GET /edu/languages/google-python-class/images/puzzle/p-bhaj-bahf.jpg HTTP/1.0" 200 540 "-" "Mozilla/5.0 (Windows; U; Windows NT 5.1; en-US; rv:1.8.1.6; Google-TR-5.1.706.29690-en) Gecko/20070725 Firefox/2.0.0.6"
10.1.40.113 - - [06/Aug/2007:00:06:15 -0700] "GET /baz/img/rss.png HTTP/1.0" 200 20040 "-" "googlebot-mscrawl-moma (enterprise; bar-XYZ; foo123@google.com,foo123@google.com,foo123@google.com,foo123@google.com)"
10.254.254.28 - - [06/Aug/2007:00:14:00 -0700] "GET /robots.txt HTTP/1.0" 302 3341 "-" "Mozilla/5.0 (Macintosh; U; PPC Mac OS X Mach-O; en-US; rv:1.8.0.1; Google-TR-3) Gecko/20060111 Firefox/1.5.0.1"
10.1.40.113 - - [06/Aug/2007:00:07:22 -0700] "GET /edu/languages/google-python-class/images/puzzle/p-bbbc-bbdi.jpg HTTP/1.0" 200 6962 "-" "googlebot-mscrawl-moma (enterprise; bar-XYZ; foo123@google.com,foo123@google.com,foo123@google.com,foo123@google.com)"
10.254.254.28 - - [06/Aug/2007:00:06:01 -0700] "GET /keyser/24534/ HTTP/1.0" 200 18124 "-" "Mozilla/5.0 (Windows; U; Windows NT 5.1; en-US; rv:1.8.0.12) Gecko/20070508 Firefox/1.5.0.12"
10.254.254.57 - - [06/Aug/2007:00:13:48 -0700] "GET /?qdetail=1&qid=1999 HTTP/1.0" 200 402 "-" "Mozilla/5.0 (Windows; U; Windows NT 5.1; en-US; rv:1.8.1.6) Gecko/20070725 Firefox/2.0.0.6"
10.254.254.28 - - [06/Aug/2007:00:06:22 -0700] "GET /edu/languages/google-python-class/images/puzzle/p-bbij-bbed.jpg HTTP/1.0" 200 19124 "-" "Mozilla/5.0 (Macintosh; U; PPC Mac OS X Mach-O; en-US; rv:1.8.1.6) Gecko/20070725 Firefox/2.0.0.6"
10.254.254.120 - - [06/Aug/2007:00:05:31 -0700] "GET /edu/languages/google-python-class/images/puzzle/p-bdbe-baib.jpg HTTP/1.0" 200 2309 "-" "googlebot-mscrawl-moma (enterprise; bar-XYZ; foo123@google.com,foo123@google.com,foo123@google.com,foo123@google.com)"
10.254.254.138 - - [06/Aug/2007:00:13:47 -0700] "GET /edu/languages/google-python-class/images/puzzle/p-bhdb-bbii.jpg HTTP/1.0" 302 528 "-" "Mozilla/5.0 (X11; U; Linux i686 (x86_64); en-US; rv:1.8.1.4) Gecko/20070515 Firefox/2.0.0.4"
10.254.254.28 - - [06/Aug/2007:00:13:47 -0700] "GET /edu/languages/google-python-class/images/puzzle/p-beba-baeb.jpg HTTP/1.0" 302 528 "-" "Mozilla/5.0 (Windows; U; Windows NT 5.1; en-US; rv:1.8.1.6) Gecko/20070725 Firefox/2.0.0.6"
10.254.254.28 - - [06/Aug/2007:00:12:18 -0700] "GET /edu/languages/google-python-class/images/puzzle/p-bgec-bbbh.jpg HTTP/1.0" 404 3404 "-" "Mozilla/5.0 (Windows; U; Windows NT 5.1; en-US; rv:1.8.0.12) Gecko/20070508 Firefox/1.5.0.12"
10.254.254.29 - - [06/Aug/2007:00:14:06 -0700] "GET /edu/languages/google-python-class/images/puzzle/p-bhbj-baab.jpg HTTP/1.0" 206 4288 "-" "Mozilla/5.0 (Windows; U; Windows NT 5.1; en-US; rv:1.8.1.6) Gecko/20070725 Firefox/2.0.0.6"
10.1.40.113 - - [06/Aug/2007:00:10:03 -0700] "GET /edu/languages/google-python-class/images/puzzle/p-bicd-bbbb.jpg HTTP/1.0" 302 402 "-" "Mozilla/5.0 (Windows; U; Windows NT 5.1; en-US; rv:1.8.1.6) Gecko/20070725 Firefox/2.0.0.6"
10.254.254.66 - - [06/Aug/2007:00:12:18 -0700] "GET /edu/languages/google-python-class/images/puzzle/p-bicc-bbeg.jpg HTTP/1.0" 200 540 "-" "googlebot-mscrawl-moma (enterprise; bar-XYZ; foo123@google.com,foo123@google.com,foo123@google.com,foo123@google.com)"
10.254.254.138 - - [06/Aug/2007:00:10:05 -0700] "GET /edu/languages/google-python-class/images/puzzle/p-beaf-baie.jpg HTTP/1.0" 302 528 "-" "googlebot-mscrawl-moma (enterprise; bar-XYZ; foo123@google.com,foo123@google.com,foo123@google.com,foo123@google.com)"
10.254.254.138 - - [06/Aug/2007:00:06:27 -0700] "GET /keyser/2494/ HTTP/1.0" 200 22950 "-" "googlebot-mscrawl-moma (enterprise; bar-XYZ; foo123@google.com,foo123@google.com,foo123@google.com,foo123@google.com)"
10.1.40.113 - - [06/Aug/2007:00:11:13 -0700] "GET /edu/languages/google-python-class/images/puzzle/p-bcfd-bbaf.jpg HTTP/1.0" 200 12969 "-" "googlebot-mscrawl-moma (enterprise; bar-XYZ; foo123@google.com,foo123@google.com,foo123@google.com,foo123@google.com)"
10.254.254.38 - - [06/Aug/2007:00:14:11 -0700] "GET /edu/languages/google-python-class/images/puzzle/p-bgaf-bacg.jpg HTTP/1.0" 200 528 "-" "Mozilla/5.0 (Macintosh; U; PPC Mac OS X Mach-O; en-US; rv:1.8.0.1) Gecko/20060111 Firefox/1.5.0.1"
10.254.254.65 - - [06/Aug/2007:00:12:17 -0700] "GET /keyser/24947/ HTTP/1.1" 200 5910 "-" "Mozilla/5.0 (Windows; U; Windows NT 5.1; en-US; rv:1.8.1.6) Gecko/20070725 Firefox/2.0.0.6"
10.254.254.138 - - [06/Aug/2007:00:13:28 -0700] "GET / HTTP/1.0" 200 417 "-" "googlebot-mscrawl-moma (enterprise; bar-XYZ; foo123@google.com,foo123@google.com,foo123@google.com,foo123@google.com)"
10.254.254.58 - - [06/Aug/2007:00:13:27 -0700] "GET /?qdetail=1&qid=1894 HTTP/1.0" 200 528 "-" "googlebot-mscrawl-moma (enterprise; bar-XYZ; foo123@google.com,foo123@google.com,foo123@google.com,foo123@google.com)"
10.254.254.193 - - [06/Aug/2007:00:11:25 -0700] "GET /edu/languages/google-python-class/images/puzzle/p-bgcf-bbib.jpg HTTP/1.0" 200 528 "-" "googlebot-mscrawl-moma (enterprise; bar-XYZ; foo123@google.com,foo123@google.com,foo123@google.com,foo123@google.com)"
10.254.254.138 - - [06/Aug/2007:00:13:48 -0700] "GET /keyser/24641/ HTTP/1.0" 404 414 "-" "Mozilla/5.0 (Windows; U; Windows NT 5.1; en-US; rv:1.8.1.6; Google-TR-5.1.707.6657-en) Gecko/20070725 Firefox/2.0.0.6"
10.254.254.65 - - [06/Aug/2007:00:13:48 -0700] "GET /edu/languages/google-python-class/images/puzzle/p-bija-baei.jpg HTTP/1.0" 302 526 "-" "Mozilla/5.0 (Windows; U; Windows NT 5.1; en-US; rv:1.8.1.6) Gecko/20070725 Firefox/2.0.0.6"
10.254.254.138 - - [06/Aug/2007:00:13:40 -0700] "GET /keyser/24297/ HTTP/1.0" 302 3404 "-" "Mozilla/5.0 (Macintosh; U; PPC Mac OS X Mach-O; en-US; rv:1.8.0.1; Google-TR-3) Gecko/20060111 Firefox/1.5.0.1"
10.254.254.28 - - [06/Aug/2007:00:05:29 -0700] "GET /edu/languages/google-python-class/images/puzzle/p-biic-bafa.jpg HTTP/1.0" 404 528 "-" "Mozilla/5.0 (Windows; U; Windows NT 5.1; en-US; rv:1.8.1.6) Gecko/20070725 Firefox/2.0.0.6"
10.254.254.66 - - [06/Aug/2007:00:09:49 -0700] "GET /edu/languages/google-python-class/images/puzzle/p-behh-baij.jpg HTTP/1.0" 200 18124 "-" "Mozilla/5.0 (Windows; U; Windows NT 5.1; en-US; rv:1.8.1.6; Google-TR-5.1.707.6657-en) Gecko/20070725 Firefox/2.0.0.6"
10.1.40.113 - - [06/Aug/2007:00:13:48 -0700] "GET /edu/languages/google-python-class/images/puzzle/p-bddg-bbhi.jpg HTTP/1.0" 302 528 "-" "googlebot-mscrawl-moma (enterprise; bar-XYZ; foo123@google.com,foo123@google.com,foo123@google.com,foo123@google.com)"
10.1.40.113 - - [06/Aug/2007:00:13:52 -0700] "GET /edu/languages/google-python-class/images/puzzle/p-bfhi-bafg.jpg HTTP/1.0" 200 4284 "-" "googlebot-mscrawl-moma (enterprise; bar-XYZ; foo123@google.com)"
10.254.254.138 - - [06/Aug/2007:00:11:15 -0700] "GET /feeds/keyser/2 HTTP/1.1" 404 3404 "-" "googlebot-mscrawl-moma (enterprise; bar-XYZ; foo123@google.com,foo123@google.com,foo123@google.com,foo123@google.com)"
10.254.254.28 - - [06/Aug/2007:00:12:19 -0700] "GET /keyser/24641/ HTTP/1.0" 200 20040 "-" "googlebot-mscrawl-moma (enterprise; bar-XYZ; foo123@google.com,foo123@google.com,foo123@google.com,foo123@google.com)"
10.1.40.113 - - [06/Aug/2007:00:13:47 -0700] "GET /baz/img/rss.png HTTP/1.1" 302 414 "-" "Mozilla/5.0 (Windows; U; Windows NT 5.1; en-US; rv:1.8.1.6) Gecko/20070725 Firefox/2.0.0.6"
10.254.254.138 - - [06/Aug/2007:00:12:18 -0700] "GET /baz/img/no_picture.jpg HTTP/1.1" 200 18124 "-" "Mozilla/5.0 (Windows; U; Windows NT 5.1; en-US; rv:1.8.0.12) Gecko/20070508 Firefox/1.5.0.12"
10.254.254.138 - - [06/Aug/2007:00:05:39 -0700] "GET /edu/languages/google-python-class/images/puzzle/p-bccc-bbdc.jpg HTTP/1.0" 200 528 "-" "Mozilla/5.0 (Windows; U; Windows NT 5.1; en-US; rv:1.8.1.6) Gecko/20070725 Firefox/2.0.0.6"
10.254.254.29 - - [06/Aug/2007:00:13:47 -0700] "GET /keyser/2494/ HTTP/1.0" 200 528 "-" "googlebot-mscrawl-moma (enterprise; bar-XYZ; foo123@google.com,foo123@google.com,foo123@google.com,foo123@google.com)"
10.254.254.137 - - [06/Aug/2007:00:10:04 -0700] "GET /edu/languages/google-python-class/images/puzzle/p-bagf-bbhg.jpg HTTP/1.0" 302 1823 "-" "Mozilla/5.0 (Macintosh; U; PPC Mac OS X Mach-O; en-US; rv:1.8.0.1) Gecko/20060111 Firefox/1.5.0.1"
10.254.254.28 - - [06/Aug/2007:00:12:19 -0700] "GET /edu/languages/google-python-class/images/puzzle/p-bihb-bagj.jpg HTTP/1.0" 200 1823 "-" "googlebot-mscrawl-moma (enterprise; bar-XYZ; foo123@google.com,foo123@google.com,foo123@google.com,foo123@google.com)"
10.254.254.28 - - [06/Aug/2007:00:13:41 -0700] "GET /edu/languages/google-python-class/images/puzzle/p-bgcc-bbcf.jpg HTTP/1.0" 302 6962 "-" "googlebot-mscrawl-moma"
10.254.254.103 - - [06/Aug/2007:00:13:41 -0700] "GET /keyser/24967 HTTP/1.0" 200 528 "-" "Mozilla/5.0 (Windows; U; Windows NT 5.1; en-US; rv:1.8.1.6) Gecko/20070725 Firefox/2.0.0.6"
10.254.254.28 - - [06/Aug/2007:00:10:03 -0700] "GET /robots.txt HTTP/1.0" 206 539 "-" "googlebot-mscrawl-moma (enterprise; bar-XYZ; foo123@google.com,foo123@google.com,foo123@google.com,foo123@google.com)"
10.1.40.113 - - [06/Aug/2007:00:13:48 -0700] "GET /edu/languages/google-python-class/images/puzzle/p-bdej-bafj.jpg HTTP/1.0" 200 513 "-" "googlebot-mscrawl-moma (enterprise; bar-XYZ; foo123@google.com,foo123@google.com,foo123@google.com,foo123@google.com)"
10.254.254.28 - - [06/Aug/2007:00:13:27 -0700] "GET /edu/languages/google-python-class/images/puzzle/p-bihf-bbgd.jpg HTTP/1.0" 302 528 "-" "Mozilla/5.0 (Windows; U; Windows NT 5.1; en-US; rv:1.8.1.6) Gecko/20070725 Firefox/2.0.0.6"
10.254.254.28 - - [06/Aug/2007:00:10:03 -0700] "GET /edu/languages/google-python-class/images/puzzle/p-bbjh-bbca.jpg HTTP/1.0" 302 528 "-" "googlebot-mscrawl-moma (enterprise; bar-XYZ; foo123@google.com,foo123@google.com,foo123@google.com,foo123@google.com)"
10.1.40.113 - - [06/Aug/2007:00:12:18 -0700] "GET /edu/languages/google-python-class/images/puzzle/p-beij-bbcg.jpg HTTP/1.0" 404 18124 "-" "Mozilla/5.0 (X11; U; Linux i686 (x86_64); en-US; rv:1.8.1.4) Gecko/20070515 Firefox/2.0.0.4"
10.254.254.28 - - [06/Aug/2007:00:13:48 -0700] "GET /keyser/21890/ HTTP/1.0" 301 18124 "-" "Mozilla/5.0 (Windows; U; Windows NT 5.1; en-US; rv:1.8.1.6) Gecko/20070725 Firefox/2.0.0.6"
10.254.254.138 - - [06/Aug/2007:00:13:47 -0700] "GET /edu/languages/google-python-class/images/puzzle/p-behf-bajd.jpg HTTP/1.0" 302 6962 "-" "Mozilla/5.0 (Windows; U; Windows NT 5.1; en-US; rv:1.8.1.6) Gecko/20070725 Firefox/2.0.0.6"
10.254.254.37 - - [06/Aug/2007:00:11:12 -0700] "GET /edu/languages/google-python-class/images/puzzle/p-bcbi-bbfa.jpg HTTP/1.0" 404 2309 "-" "Mozilla/5.0 (X11; U; Linux i686 (x86_64); en-US; rv:1.8.1.4) Gecko/20070515 Firefox/2.0.0.4"
10.254.254.74 - - [06/Aug/2007:00:10:04 -0700] "GET /edu/languages/google-python-class/images/puzzle/p-beij-bbcg.jpg HTTP/1.0" 200 10496 "-" "Mozilla/5.0 (Windows; U; Windows NT 5.1; en-US; rv:1.8.1.6) Gecko/20070725 Firefox/2.0.0.6"
10.254.254.29 - - [06/Aug/2007:00:12:18 -0700] "GET /edu/languages/google-python-class/images/puzzle/p-bgcf-bbef.jpg HTTP/1.0" 200 4284 "-" "googlebot-mscrawl-moma (enterprise; bar-XYZ; foo123@google.com,foo123@google.com,foo123@google.com,foo123@google.com)"
10.254.254.138 - - [06/Aug/2007:00:13:56 -0700] "GET /keyser/24803/ HTTP/1.1" 200 6962 "-" "Mozilla/5.0 (Windows; U; Windows NT 5.1; en-US; rv:1.8.1.6) Gecko/20070725 Firefox/2.0.0.6"
10.254.254.28 - - [06/Aug/2007:00:11:08 -0700] "GET /feeds/keyser/2 HTTP/1.0" 302 4067 "-" "Mozilla/5.0 (Windows; U; Windows NT 5.1; en-US; rv:1.8.1.6) Gecko/20070725 Firefox/2.0.0.6"
10.254.254.138 - - [06/Aug/2007:00:12:18 -0700] "GET /edu/languages/google-python-class/images/puzzle/p-bagf-bbcd.jpg HTTP/1.0" 302 414 "-" "Mozilla/5.0 (Windows; U; Windows NT 5.1; en-US; rv:1.8.1.6) Gecko/20070725 Firefox/2.0.0.6"
10.254.254.65 - - [06/Aug/2007:00:06:22 -0700] "GET /keyser/23608/ HTTP/1.0" 200 2309 "-" "Mozilla/5.0 (X11; U; Linux i686 (x86_64); en-US; rv:1.8.1.4) Gecko/20070515 Firefox/2.0.0.4"
10.254.254.28 - - [06/Aug/2007:00:06:08 -0700] "GET /keyser/23969/ HTTP/1.0" 404 18124 "-" "googlebot-mscrawl-moma (enterprise; bar-XYZ; foo123@google.com,foo123@google.com,foo123@google.com,foo123@google.com)"
10.254.254.94 - - [06/Aug/2007:00:10:03 -0700] "GET /keyser/2391/ HTTP/1.0" 302 19124 "-" "Mozilla/5.0 (Windows; U; Windows NT 5.1; en-US; rv:1.8.1.6) Gecko/20070725 Firefox/2.0.0.6"
10.254.254.28 - - [06/Aug/2007:00:09:22 -0700] "GET /edu/languages/google-python-class/images/puzzle/p-biig-bbbi.jpg HTTP/1.0" 200 22950 "-" "googlebot-mscrawl-moma (enterprise; bar-XYZ; foo123@google.com,foo123@google.com,foo123@google.com,foo123@google.com)"
10.254.254.37 - - [06/Aug/2007:00:13:47 -0700] "GET /edu/languages/google-python-class/images/puzzle/p-bffc-bbje.jpg HTTP/1.0" 302 414 "-" "Mozilla/5.0 (X11; U; Linux i686 (x86_64); en-US; rv:1.8.1.4) Gecko/20070515 Firefox/2.0.0.4"
10.254.254.94 - - [06/Aug/2007:00:12:18 -0700] "GET /keyser/24827/ HTTP/1.0" 302 525 "-" "googlebot-mscrawl-moma (enterprise; bar-XYZ; foo123@google.com,foo123@google.com,foo123@google.com,foo123@google.com)"
10.254.254.65 - - [06/Aug/2007:00:10:05 -0700] "GET /edu/languages/google-python-class/images/puzzle/p-bgei-bbcb.jpg HTTP/1.0" 200 6275 "-" "googlebot-mscrawl-moma (enterprise; bar-XYZ; foo123@google.com,foo123@google.com,foo123@google.com,foo123@google.com)"
10.254.254.138 - - [06/Aug/2007:00:09:21 -0700] "GET /edu/languages/google-python-class/images/puzzle/p-bagd-bagg.jpg HTTP/1.0" 200 4971 "-" "Mozilla/5.0 (Windows; U; Windows NT 5.1; en-US; rv:1.8.1.6) Gecko/20070725 Firefox/2.0.0.6"
10.1.40.113 - - [06/Aug/2007:00:12:19 -0700] "GET /edu/languages/google-python-class/images/puzzle/p-bhgh-bbaj.jpg HTTP/1.0" 200 18124 "-" "googlebot-mscrawl-moma (enterprise; bar-XYZ; foo123@google.com,foo123@google.com,foo123@google.com,foo123@google.com)"
10.254.254.138 - - [06/Aug/2007:00:11:12 -0700] "GET /keyser/2494/ HTTP/1.0" 200 527 "-" "googlebot-mscrawl-moma (enterprise; bar-XYZ; foo123@google.com,foo123@google.com,foo123@google.com,foo123@google.com)"
10.1.40.113 - - [06/Aug/2007:00:11:14 -0700] "GET / HTTP/1.0" 302 6275 "-" "Mozilla/5.0 (Windows; U; Windows NT 5.1; en-US; rv:1.8.1.6) Gecko/20070725 Firefox/2.0.0.6"
10.254.254.138 - - [06/Aug/2007:00:14:11 -0700] "GET /edu/languages/google-python-class/images/puzzle/p-bcba-baha.jpg HTTP/1.0" 302 6589 "-" "googlebot-mscrawl-moma (enterprise; bar-XYZ; foo123@google.com,foo123@google.com,foo123@google.com,foo123@google.com)"
10.254.254.138 - - [06/Aug/2007:00:11:25 -0700] "GET /baz/js_events/search.js HTTP/1.1" 302 527 "-" "googlebot-mscrawl-moma (enterprise; bar-XYZ; foo123@google.com,foo123@google.com,foo123@google.com,foo123@google.com)"
10.254.254.138 - - [06/Aug/2007:00:06:07 -0700] "GET /edu/languages/google-python-class/images/puzzle/p-bfhb-baae.jpg HTTP/1.0" 200 10496 "-" "Mozilla/5.0 (Macintosh; U; PPC Mac OS X Mach-O; en-US; rv:1.8.0.1; Google-TR-3) Gecko/20060111 Firefox/1.5.0.1"
10.254.254.65 - - [06/Aug/2007:00:06:15 -0700] "GET /baz/img/techtalk_logo.png HTTP/1.1" 200 4067 "-" "googlebot-mscrawl-moma (enterprise; bar-XYZ; foo123@google.com,foo123@google.com,foo123@google.com,foo123@google.com)"
10.1.40.113 - - [06/Aug/2007:00:11:14 -0700] "GET /baz/css/fish.css HTTP/1.1" 302 528 "-" "googlebot-mscrawl-moma (enterprise; bar-XYZ; foo123@google.com,foo123@google.com,foo123@google.com,foo123@google.com)"
10.254.254.38 - - [06/Aug/2007:00:06:01 -0700] "GET /edu/languages/google-python-class/images/puzzle/p-bigb-baba.jpg HTTP/1.0" 302 417 "-" "googlebot-mscrawl-moma (enterprise; bar-XYZ; foo123@google.com,foo123@google.com,foo123@google.com,foo123@google.com)"
10.254.254.66 - - [06/Aug/2007:00:13:40 -0700] "GET /edu/languages/google-python-class/images/puzzle/p-bgeb-baah.jpg HTTP/1.0" 200 513 "-" "Mozilla/5.0 (X11; U; Linux i686 (x86_64); en-US; rv:1.8.1) Gecko/20061010 Firefox/2.0"
10.254.254.28 - - [06/Aug/2007:00:11:13 -0700] "GET /keyser/22139/ HTTP/1.0" 302 528 "-" "Mozilla/5.0 (Windows; U; Windows NT 5.1; en-US; rv:1.8.1.6; Google-TR-5.1.706.29690-en) Gecko/20070725 Firefox/2.0.0.6"
10.254.254.138 - - [06/Aug/2007:00:13:40 -0700] "GET /keyser/23667 HTTP/1.0" 302 10496 "-" "Mozilla/5.0 (Windows; U; Windows NT 5.1; en-US; rv:1.8.1.6) Gecko/20070725 Firefox/2.0.0.6"
10.254.254.58 - - [06/Aug/2007:00:06:22 -0700] "GET /edu/languages/google-python-class/images/puzzle/p-bhhe-bahd.jpg HTTP/1.0" 302 527 "-" "googlebot-mscrawl-moma"
10.254.254.138 - - [06/Aug/2007:00:05:38 -0700] "GET /baz/img/no_picture.jpg HTTP/1.1" 200 10496 "-" "Mozilla/5.0 (X11; U; Linux i686 (x86_64); en-US; rv:1.8.1.4) Gecko/20070515 Firefox/2.0.0.4"
10.1.40.113 - - [06/Aug/2007:00:06:07 -0700] "GET /favicon.ico HTTP/1.1" 200 539 "-" "googlebot-mscrawl-moma (enterprise; bar-XYZ; foo123@google.com,foo123@google.com,foo123@google.com,foo123@google.com)"
10.254.254.28 - - [06/Aug/2007:00:06:42 -0700] "GET /?qdetail=1&qid=889 HTTP/1.0" 200 539 "-" "Mozilla/5.0 (Macintosh; U; PPC Mac OS X Mach-O; en-US; rv:1.8.1.6) Gecko/20070725 Firefox/2.0.0.6"
10.254.254.138 - - [06/Aug/2007:00:09:18 -0700] "GET /edu/languages/google-python-class/images/puzzle/p-bafi-babj.jpg HTTP/1.0" 302 6267 "-" "Mozilla/5.0 (X11; U; Linux i686 (x86_64); en-US; rv:1.8.1.4) Gecko/20070515 Firefox/2.0.0.4"
10.254.254.29 - - [06/Aug/2007:00:12:19 -0700] "GET / HTTP/1.0" 200 3404 "-" "Mozilla/5.0 (Windows; U; Windows NT 5.1; en-US; rv:1.8.0.12) Gecko/20070508 Firefox/1.5.0.12"
10.254.254.42 - - [06/Aug/2007:00:06:30 -0700] "GET /edu/languages/google-python-class/images/puzzle/p-bjcd-bbbf.jpg HTTP/1.0" 302 4290 "-" "googlebot-mscrawl-moma (enterprise; bar-XYZ; foo123@google.com,foo123@google.com,foo123@google.com,foo123@google.com)"
10.254.254.85 - - [06/Aug/2007:00:05:39 -0700] "GET /keyser/23667 HTTP/1.0" 200 22950 "-" "Mozilla/5.0 (Windows; U; Windows NT 5.1; en-US; rv:1.8.1.6) Gecko/20070725 Firefox/2.0.0.6"
10.254.254.138 - - [06/Aug/2007:00:13:47 -0700] "GET /edu/languages/google-python-class/images/puzzle/p-bjic-bbhc.jpg HTTP/1.0" 302 414 "-" "Mozilla/5.0 (Macintosh; U; PPC Mac OS X Mach-O; en-US; rv:1.8.0.1; Google-TR-3) Gecko/20060111 Firefox/1.5.0.1"
10.254.254.38 - - [06/Aug/2007:00:10:05 -0700] "GET /edu/languages/google-python-class/images/puzzle/p-bafi-babj.jpg HTTP/1.0" 302 3404 "-" "Mozilla/5.0 (Windows; U; Windows NT 5.1; en-US; rv:1.8.1.6) Gecko/20070725 Firefox/2.0.0.6"
10.254.254.94 - - [06/Aug/2007:00:06:17 -0700] "GET /keyser/2298/ HTTP/1.0" 302 402 "-" "Mozilla/5.0 (Windows; U; Windows NT 5.1; en-US; rv:1.8.1.6) Gecko/20070725 Firefox/2.0.0.6"
10.254.254.138 - - [06/Aug/2007:00:13:47 -0700] "GET /edu/languages/google-python-class/images/puzzle/p-bcjc-bbae.jpg HTTP/1.0" 302 528 "-" "googlebot-mscrawl-moma (enterprise; bar-XYZ; foo123@google.com)"
10.254.254.138 - - [06/Aug/2007:00:06:15 -0700] "GET /keyser/2172/ HTTP/1.0" 302 3404 "-" "googlebot-mscrawl-moma (enterprise; bar-XYZ; foo123@google.com,foo123@google.com,foo123@google.com,foo123@google.com)"
10.254.254.103 - - [06/Aug/2007:00:10:05 -0700] "GET /edu/languages/google-python-class/images/puzzle/p-behi-baif.jpg HTTP/1.0" 302 528 "-" "googlebot-mscrawl-moma (enterprise; bar-XYZ; foo123@google.com,foo123@google.com,foo123@google.com,foo123@google.com)"
10.254.254.193 - - [06/Aug/2007:00:13:47 -0700] "GET /keyser/23403 HTTP/1.0" 404 22950 "-" "Mozilla/5.0 (Windows; U; Windows NT 5.1; en-US; rv:1.8.1.6) Gecko/20070725 Firefox/2.0.0.6"
10.254.254.138 - - [06/Aug/2007:00:13:48 -0700] "GET /keyser/24189/ HTTP/1.0" 302 22950 "-" "googlebot-mscrawl-moma (enterprise; bar-XYZ; foo123@google.com)"
10.254.254.138 - - [06/Aug/2007:00:06:17 -0700] "GET / HTTP/1.0" 302 528 "-" "googlebot-mscrawl-moma (enterprise; bar-XYZ; foo123@google.com,foo123@google.com,foo123@google.com,foo123@google.com)"
10.254.254.66 - - [06/Aug/2007:00:12:19 -0700] "GET /keyser/24884/ HTTP/1.1" 302 22950 "-" "Mozilla/5.0 (Windows; U; Windows NT 5.1; en-US; rv:1.8.1.6) Gecko/20070725 Firefox/2.0.0.6"
10.254.254.28 - - [06/Aug/2007:00:12:19 -0700] "GET /edu/languages/google-python-class/images/puzzle/p-biec-bbbe.jpg HTTP/1.0" 200 1823 "-" "Mozilla/5.0 (Windows; U; Windows NT 5.1; en-US; rv:1.8.1.6) Gecko/20070725 Firefox/2.0.0.6"
10.254.254.138 - - [06/Aug/2007:00:13:48 -0700] "GET /edu/languages/google-python-class/images/puzzle/p-bfhh-bahj.jpg HTTP/1.0" 302 402 "-" "Mozilla/5.0 (X11; U; Linux i686 (x86_64); en-US; rv:1.8.1.4) Gecko/20070515 Firefox/2.0.0.4"
10.254.254.28 - - [06/Aug/2007:00:14:26 -0700] "GET /edu/languages/google-python-class/images/puzzle/p-bdej-bafj.jpg HTTP/1.0" 302 4284 "-" "googlebot-mscrawl-moma (enterprise; bar-XYZ; foo123@google.com,foo123@google.com,foo123@google.com,foo123@google.com)"
10.254.254.138 - - [06/Aug/2007:00:12:19 -0700] "GET /edu/languages/google-python-class/images/puzzle/p-bafj-bbjf.jpg HTTP/1.0" 200 528 "-" "Mozilla/5.0 (Macintosh; U; PPC Mac OS X Mach-O; en-US; rv:1.8.0.1; Google-TR-3) Gecko/20060111 Firefox/1.5.0.1"
10.254.254.29 - - [06/Aug/2007:00:11:14 -0700] "GET /edu/languages/google-python-class/images/puzzle/p-bdcg-bbid.jpg HTTP/1.0" 200 540 "-" "googlebot-mscrawl-moma"
10.254.254.66 - - [06/Aug/2007:00:14:54 -0700] "GET /edu/languages/google-python-class/images/puzzle/p-babi-bbbc.jpg HTTP/1.0" 404 3404 "-" "Mozilla/5.0 (Windows; U; Windows NT 5.1; en-US; rv:1.8.1.6) Gecko/20070725 Firefox/2.0.0.6"
10.254.254.28 - - [06/Aug/2007:00:10:04 -0700] "GET /feeds/keyser/2 HTTP/1.1" 302 527 "-" "Mozilla/5.0 (X11; U; Linux i686 (x86_64); en-US; rv:1.8.1.4) Gecko/20070515 Firefox/2.0.0.4"
10.254.254.28 - - [06/Aug/2007:00:11:13 -0700] "GET /edu/languages/google-python-class/images/puzzle/p-bhih-bbde.jpg HTTP/1.0" 200 3404 "-" "Mozilla/5.0 (Windows; U; Windows NT 5.1; en-US; rv:1.8.1.6) Gecko/20070725 Firefox/2.0.0.6"
10.1.40.113 - - [06/Aug/2007:00:10:06 -0700] "GET / HTTP/1.0" 200 528 "-" "googlebot-mscrawl-moma (enterprise; bar-XYZ; foo123@google.com,foo123@google.com,foo123@google.com,foo123@google.com)"
10.254.254.138 - - [06/Aug/2007:00:14:06 -0700] "GET /edu/languages/google-python-class/images/puzzle/p-bgaf-bacg.jpg HTTP/1.0" 302 6962 "-" "Mozilla/5.0 (Macintosh; U; PPC Mac OS X Mach-O; en-US; rv:1.8.0.1) Gecko/20060111 Firefox/1.5.0.1"
10.254.254.29 - - [06/Aug/2007:00:11:13 -0700] "GET /edu/languages/google-python-class/images/puzzle/p-bcgj-baih.jpg HTTP/1.0" 200 528 "-" "Mozilla/5.0 (Windows; U; Windows NT 5.1; en-US; rv:1.8.1.6) Gecko/20070725 Firefox/2.0.0.6"
10.254.254.138 - - [06/Aug/2007:00:09:21 -0700] "GET /edu/languages/google-python-class/images/puzzle/p-bacg-bbdb.jpg HTTP/1.0" 302 528 "-" "Mozilla/5.0 (Windows; U; Windows NT 5.1; en-US; rv:1.8.1.6) Gecko/20070725 Firefox/2.0.0.6"
10.254.254.66 - - [06/Aug/2007:00:10:03 -0700] "GET /edu/languages/google-python-class/images/puzzle/p-bjba-bbcj.jpg HTTP/1.0" 302 540 "-" "googlebot-mscrawl-moma (enterprise; bar-XYZ; foo123@google.com,foo123@google.com,foo123@google.com,foo123@google.com)"
10.254.254.65 - - [06/Aug/2007:00:06:08 -0700] "GET /keyser/24967 HTTP/1.0" 200 540 "-" "Mozilla/5.0 (Macintosh; U; PPC Mac OS X Mach-O; en-US; rv:1.8.0.1; Google-TR-3) Gecko/20060111 Firefox/1.5.0.1"
10.254.254.66 - - [06/Aug/2007:00:12:19 -0700] "GET /keyser/24967/ HTTP/1.0" 200 20040 "-" "Mozilla/5.0 (Windows; U; Windows NT 5.1; en-US; rv:1.8.1.6) Gecko/20070725 Firefox/2.0.0.6"
10.254.254.120 - - [06/Aug/2007:00:06:17 -0700] "GET / HTTP/1.0" 200 3407 "-" "Mozilla/5.0 (X11; U; Linux i686 (x86_64); en-US; rv:1.8.1.4) Gecko/20070515 Firefox/2.0.0.4"
10.254.254.193 - - [06/Aug/2007:00:11:13 -0700] "GET /edu/languages/google-python-class/images/puzzle/p-bhii-bajh.jpg HTTP/1.0" 200 528 "-" "Mozilla/5.0 (Windows; U; Windows NT 5.1; en-US; rv:1.8.0.12) Gecko/20070508 Firefox/1.5.0.12"
10.254.254.28 - - [06/Aug/2007:00:06:42 -0700] "GET /keyser/24519/ HTTP/1.0" 200 527 "-" "Mozilla/5.0 (Windows; U; Windows NT 5.1; en-US; rv:1.8.1.6) Gecko/20070725 Firefox/2.0.0.6"
10.1.40.113 - - [06/Aug/2007:00:09:49 -0700] "GET /edu/languages/google-python-class/images/puzzle/p-bhhi-baaf.jpg HTTP/1.0" 404 402 "-" "Mozilla/5.0 (X11; U; Linux i686 (x86_64); en-US; rv:1.8.1.4) Gecko/20070515 Firefox/2.0.0.4"
10.254.254.28 - - [06/Aug/2007:00:10:06 -0700] "GET /keyser/24884/ HTTP/1.0" 302 6275 "-" "googlebot-mscrawl-moma (enterprise; bar-XYZ; foo123@google.com)"
10.254.254.28 - - [06/Aug/2007:00:14:53 -0700] "GET /favicon.ico HTTP/1.0" 404 19124 "-" "Mozilla/5.0 (X11; U; Linux i686 (x86_64); en-US; rv:1.8.1.4) Gecko/20070515 Firefox/2.0.0.4"
10.254.254.28 - - [06/Aug/2007:00:13:27 -0700] "GET /keyser/24967 HTTP/1.0" 302 528 "-" "Mozilla/5.0 (X11; U; Linux i686 (x86_64); en-US; rv:1.8.1.4) Gecko/20070515 Firefox/2.0.0.4"
10.1.40.113 - - [06/Aug/2007:00:11:14 -0700] "GET /keyser/21049/ HTTP/1.0" 200 528 "-" "googlebot-mscrawl-moma (enterprise; bar-XYZ; foo123@google.com)"
10.254.254.66 - - [06/Aug/2007:00:12:19 -0700] "GET /edu/languages/google-python-class/images/puzzle/p-befj-bahh.jpg HTTP/1.0" 404 3404 "-" "googlebot-mscrawl-moma (enterprise; bar-XYZ; foo123@google.com,foo123@google.com,foo123@google.com,foo123@google.com)"
10.254.254.65 - - [06/Aug/2007:00:13:48 -0700] "GET /keyser/21890/ HTTP/1.0" 302 18124 "-" "googlebot-mscrawl-moma (enterprise; bar-XYZ; foo123@google.com,foo123@google.com,foo123@google.com,foo123@google.com)"
10.254.254.138 - - [06/Aug/2007:00:05:29 -0700] "GET /feeds/keyser/2 HTTP/1.1" 302 18124 "-" "Mozilla/5.0 (Macintosh; U; PPC Mac OS X Mach-O; en-US; rv:1.8.0.1; Google-TR-3) Gecko/20060111 Firefox/1.5.0.1"
10.254.254.193 - - [06/Aug/2007:00:06:07 -0700] "GET /edu/languages/google-python-class/images/puzzle/p-bbjd-baid.jpg HTTP/1.0" 302 528 "-" "Mozilla/5.0 (Windows; U; Windows NT 5.1; en-US; rv:1.8.1.6) Gecko/20070725 Firefox/2.0.0.6"
10.254.254.138 - - [06/Aug/2007:00:12:18 -0700] "GET /edu/languages/google-python-class/images/puzzle/p-bbeh-bbdd.jpg HTTP/1.0" 404 540 "-" "googlebot-mscrawl-moma (enterprise; bar-XYZ; foo123@google.com)"
10.254.254.28 - - [06/Aug/2007:00:10:05 -0700] "GET /keyser/22359/ HTTP/1.0" 200 528 "-" "googlebot-mscrawl-moma (enterprise; bar-XYZ; foo123@google.com,foo123@google.com,foo123@google.com,foo123@google.com)"
10.254.254.193 - - [06/Aug/2007:00:12:18 -0700] "GET /feeds/keyser/2 HTTP/1.0" 302 539 "-" "Mozilla/5.0 (Windows; U; Windows NT 5.1; en-US; rv:1.8.1.6) Gecko/20070725 Firefox/2.0.0.6"
10.254.254.66 - - [06/Aug/2007:00:12:19 -0700] "GET /edu/languages/google-python-class/images/puzzle/p-bcbe-bbjh.jpg HTTP/1.0" 302 3404 "-" "googlebot-mscrawl-moma (enterprise; bar-XYZ; foo123@google.com,foo123@google.com,foo123@google.com,foo123@google.com)"
10.254.254.28 - - [06/Aug/2007:00:13:41 -0700] "GET /keyser/24519/ HTTP/1.0" 302 4284 "-" "googlebot-mscrawl-moma (enterprise; bar-XYZ; foo123@google.com,foo123@google.com,foo123@google.com,foo123@google.com)"
10.254.254.37 - - [06/Aug/2007:00:11:05 -0700] "GET /edu/languages/google-python-class/images/puzzle/p-bghb-bbfe.jpg HTTP/1.0" 200 528 "-" "googlebot-mscrawl-moma (enterprise; bar-XYZ; foo123@google.com)"
10.254.254.138 - - [06/Aug/2007:00:07:21 -0700] "GET /keyser/24727 HTTP/1.1" 302 527 "-" "Mozilla/5.0 (X11; U; Linux i686 (x86_64); en-US; rv:1.8.1) Gecko/20061010 Firefox/2.0"
10.254.254.28 - - [06/Aug/2007:00:11:14 -0700] "GET /edu/languages/google-python-class/images/puzzle/p-bjcd-bafb.jpg HTTP/1.0" 302 4971 "-" "googlebot-mscrawl-moma (enterprise; bar-XYZ; foo123@google.com,foo123@google.com,foo123@google.com,foo123@google.com)"
10.254.254.28 - - [06/Aug/2007:00:13:41 -0700] "GET /edu/languages/google-python-class/images/puzzle/p-bbjb-bbia.jpg HTTP/1.0" 302 528 "-" "googlebot-mscrawl-moma (enterprise; bar-XYZ; foo123@google.com,foo123@google.com,foo123@google.com,foo123@google.com)"
10.254.254.28 - - [06/Aug/2007:00:06:17 -0700] "GET /keyser/24708/ HTTP/1.0" 404 10496 "-" "Mozilla/5.0 (Windows; U; Windows NT 5.1; en-US; rv:1.8.1.6) Gecko/20070725 Firefox/2.0.0.6"
10.254.254.28 - - [06/Aug/2007:00:06:42 -0700] "GET /edu/languages/google-python-class/images/puzzle/p-bhdd-babb.jpg HTTP/1.0" 302 12969 "-" "googlebot-mscrawl-moma (enterprise; bar-XYZ; foo123@google.com,foo123@google.com,foo123@google.com,foo123@google.com)"
10.254.254.65 - - [06/Aug/2007:00:14:11 -0700] "GET /keyser/24938/ HTTP/1.1" 200 528 "-" "googlebot-mscrawl-moma (enterprise; bar-XYZ; foo123@google.com,foo123@google.com,foo123@google.com,foo123@google.com)"
10.254.254.66 - - [06/Aug/2007:00:06:07 -0700] "GET /edu/languages/google-python-class/images/puzzle/p-bdfb-baca.jpg HTTP/1.0" 200 540 "-" "Mozilla/5.0 (Windows; U; Windows NT 5.1; en-US; rv:1.8.0.12) Gecko/20070508 Firefox/1.5.0.12"
10.254.254.57 - - [06/Aug/2007:00:13:49 -0700] "GET /edu/languages/google-python-class/images/puzzle/p-bech-bach.jpg HTTP/1.0" 200 417 "-" "Mozilla/5.0 (Windows; U; Windows NT 5.1; en-US; rv:1.8.1.6) Gecko/20070725 Firefox/2.0.0.6"
10.1.40.113 - - [06/Aug/2007:00:06:16 -0700] "GET /keyser/22659/ HTTP/1.0" 302 402 "-" "googlebot-mscrawl-moma (enterprise; bar-XYZ; foo123@google.com)"
10.254.254.28 - - [06/Aug/2007:00:06:22 -0700] "GET /edu/languages/google-python-class/images/puzzle/p-bcch-bagf.jpg HTTP/1.0" 302 3404 "-" "Mozilla/5.0 (Windows; U; Windows NT 5.1; en-US; rv:1.8.1.6) Gecko/20070725 Firefox/2.0.0.6"
10.254.254.28 - - [06/Aug/2007:00:11:14 -0700] "GET /edu/languages/google-python-class/images/puzzle/p-bidf-bbhf.jpg HTTP/1.0" 302 528 "-" "Mozilla/5.0 (Windows; U; Windows NT 5.1; en-US; rv:1.8.1.6) Gecko/20070725 Firefox/2.0.0.6"
10.254.254.28 - - [06/Aug/2007:00:06:08 -0700] "GET /edu/languages/google-python-class/images/puzzle/p-bghb-bajf.jpg HTTP/1.0" 200 528 "-" "Mozilla/5.0 (Windows; U; Windows NT 5.1; en-US; rv:1.8.1.6) Gecko/20070725 Firefox/2.0.0.6"
10.254.254.138 - - [06/Aug/2007:00:06:52 -0700] "GET /keyser/2342/ HTTP/1.0" 302 525 "-" "Mozilla/5.0 (Windows; U; Windows NT 5.1; en-US; rv:1.8.1.6) Gecko/20070725 Firefox/2.0.0.6"
10.254.254.66 - - [06/Aug/2007:00:13:27 -0700] "GET /feeds/keyser/2 HTTP/1.1" 200 528 "-" "Mozilla/5.0 (Macintosh; U; PPC Mac OS X Mach-O; en-US; rv:1.8.0.1) Gecko/20060111 Firefox/1.5.0.1"
10.254.254.29 - - [06/Aug/2007:00:11:14 -0700] "GET /edu/languages/google-python-class/images/puzzle/p-bbhh-bbfc.jpg HTTP/1.0" 302 4288 "-" "Mozilla/5.0 (Windows; U; Windows NT 5.1; en-US; rv:1.8.1.6) Gecko/20070725 Firefox/2.0.0.6"
10.254.254.28 - - [06/Aug/2007:00:13:47 -0700] "GET /edu/languages/google-python-class/images/puzzle/p-bifh-bbaa.jpg HTTP/1.0" 302 18124 "-" "googlebot-mscrawl-moma (enterprise; bar-XYZ; foo123@google.com,foo123@google.com,foo123@google.com,foo123@google.com)"
10.254.254.29 - - [06/Aug/2007:00:13:41 -0700] "GET / HTTP/1.0" 302 528 "-" "googlebot-mscrawl-moma (enterprise; bar-XYZ; foo123@google.com,foo123@google.com,foo123@google.com,foo123@google.com)"
10.254.254.57 - - [06/Aug/2007:00:12:19 -0700] "GET /edu/languages/google-python-class/images/puzzle/p-bjge-babh.jpg HTTP/1.0" 302 18124 "-" "Mozilla/5.0 (X11; U; Linux i686 (x86_64); en-US; rv:1.8.1.4) Gecko/20070515 Firefox/2.0.0.4"
10.254.254.29 - - [06/Aug/2007:00:10:04 -0700] "GET /edu/languages/google-python-class/images/puzzle/p-bbeh-bbce.jpg HTTP/1.0" 404 414 "-" "Mozilla/5.0 (X11; U; Linux i686 (x86_64); en-US; rv:1.8.1.4) Gecko/20070515 Firefox/2.0.0.4"
10.254.254.28 - - [06/Aug/2007:00:12:18 -0700] "GET /edu/languages/google-python-class/images/puzzle/p-bija-bbff.jpg HTTP/1.0" 302 528 "-" "Mozilla/5.0 (Windows; U; Windows NT 5.1; en-US; rv:1.8.0.12) Gecko/20070508 Firefox/1.5.0.12"
10.1.40.113 - - [06/Aug/2007:00:06:07 -0700] "GET /edu/languages/google-python-class/images/puzzle/p-bgfe-bafd.jpg HTTP/1.0" 302 19134 "-" "Mozilla/5.0 (Windows; U; Windows NT 5.1; en-US; rv:1.8.0.12) Gecko/20070508 Firefox/1.5.0.12"
10.254.254.138 - - [06/Aug/2007:00:11:14 -0700] "GET /edu/languages/google-python-class/images/puzzle/p-bgjb-baff.jpg HTTP/1.0" 404 4284 "-" "googlebot-mscrawl-moma (enterprise; bar-XYZ; foo123@google.com,foo123@google.com,foo123@google.com,foo123@google.com)"
10.254.254.138 - - [06/Aug/2007:00:12:18 -0700] "GET /edu/languages/google-python-class/images/puzzle/p-bfhj-badc.jpg HTTP/1.0" 200 306 "-" "Mozilla/5.0 (Windows; U; Windows NT 5.1; en-US; rv:1.8.1.6; Google-TR-5.1.706.29690-en) Gecko/20070725 Firefox/2.0.0.6"
10.254.254.52 - - [06/Aug/2007:00:13:27 -0700] "GET /edu/languages/google-python-class/images/puzzle/p-bfga-bace.jpg HTTP/1.0" 302 540 "-" "googlebot-mscrawl-moma (enterprise; bar-XYZ; foo123@google.com,foo123@google.com,foo123@google.com,foo123@google.com)"
10.254.254.28 - - [06/Aug/2007:00:13:49 -0700] "GET /edu/languages/google-python-class/images/puzzle/p-bcjc-bbae.jpg HTTP/1.0" 302 513 "-" "Mozilla/5.0 (Windows; U; Windows NT 5.1; en-US; rv:1.8.0.12) Gecko/20070508 Firefox/1.5.0.12"
10.254.254.58 - - [06/Aug/2007:00:11:15 -0700] "GET /edu/languages/google-python-class/images/puzzle/p-behf-bajd.jpg HTTP/1.0" 302 3404 "-" "googlebot-mscrawl-moma (enterprise; bar-XYZ; foo123@google.com,foo123@google.com,foo123@google.com,foo123@google.com)"
10.254.254.138 - - [06/Aug/2007:00:13:27 -0700] "GET /?qdetail=1&qid=243 HTTP/1.0" 302 528 "-" "googlebot-mscrawl-moma (enterprise; bar-XYZ; foo123@google.com,foo123@google.com,foo123@google.com,foo123@google.com)"
10.254.254.138 - - [06/Aug/2007:00:06:08 -0700] "GET /feeds/keyser/2 HTTP/1.1" 302 414 "-" "googlebot-mscrawl-moma (enterprise; bar-XYZ; foo123@google.com,foo123@google.com,foo123@google.com,foo123@google.com)"
10.254.254.74 - - [06/Aug/2007:00:13:47 -0700] "GET /baz/img/rss.png HTTP/1.0" 302 18124 "-" "Mozilla/5.0 (Macintosh; U; PPC Mac OS X Mach-O; en-US; rv:1.8.0.1; Google-TR-3) Gecko/20060111 Firefox/1.5.0.1"
10.254.254.29 - - [06/Aug/2007:00:06:07 -0700] "GET /edu/languages/google-python-class/images/puzzle/p-bdfh-baad.jpg HTTP/1.0" 200 18124 "-" "googlebot-mscrawl-moma (enterprise; bar-XYZ; foo123@google.com,foo123@google.com,foo123@google.com,foo123@google.com)"
10.254.254.28 - - [06/Aug/2007:00:13:47 -0700] "GET /edu/languages/google-python-class/images/puzzle/p-bfdj-bagc.jpg HTTP/1.0" 302 527 "-" "Mozilla/5.0 (Windows; U; Windows NT 5.1; en-US; rv:1.8.1.6) Gecko/20070725 Firefox/2.0.0.6"
10.254.254.28 - - [06/Aug/2007:00:12:19 -0700] "GET /edu/languages/google-python-class/images/puzzle/p-babi-bafe.jpg HTTP/1.0" 302 22950 "-" "googlebot-mscrawl-moma (enterprise; bar-XYZ; foo123@google.com,foo123@google.com,foo123@google.com,foo123@google.com)"
10.254.254.38 - - [06/Aug/2007:00:14:24 -0700] "GET / HTTP/1.0" 302 540 "-" "googlebot-mscrawl-moma (enterprise; bar-XYZ; foo123@google.com)"
10.254.254.28 - - [06/Aug/2007:00:11:14 -0700] "GET /keyser/23033/ HTTP/1.0" 200 12969 "-" "googlebot-mscrawl-moma (enterprise; bar-XYZ; foo123@google.com,foo123@google.com,foo123@google.com,foo123@google.com)"
10.254.254.193 - - [06/Aug/2007:00:12:18 -0700] "GET /keyser/24660 HTTP/1.0" 200 3404 "-" "googlebot-mscrawl-moma (enterprise; bar-XYZ; foo123@google.com,foo123@google.com,foo123@google.com,foo123@google.com)"
10.254.254.66 - - [06/Aug/2007:00:11:14 -0700] "GET /edu/languages/google-python-class/images/puzzle/p-bbgi-bbah.jpg HTTP/1.0" 302 528 "-" "googlebot-mscrawl-moma (enterprise; bar-XYZ; foo123@google.com,foo123@google.com,foo123@google.com,foo123@google.com)"
10.254.254.28 - - [06/Aug/2007:00:13:40 -0700] "GET /keyser/24660 HTTP/1.0" 302 3936 "-" "googlebot-mscrawl-moma (enterprise; bar-XYZ; foo123@google.com,foo123@google.com,foo123@google.com,foo123@google.com)"
10.254.254.85 - - [06/Aug/2007:00:13:29 -0700] "GET /baz/img/techtalk_logo.png HTTP/1.1" 200 528 "-" "googlebot-mscrawl-moma (enterprise; bar-XYZ; foo123@google.com,foo123@google.com,foo123@google.com,foo123@google.com)"
10.254.254.138 - - [06/Aug/2007:00:11:13 -0700] "GET /keyser/23367/ HTTP/1.0" 200 540 "-" "Mozilla/5.0 (Windows; U; Windows NT 5.1; en-US; rv:1.8.1.6) Gecko/20070725 Firefox/2.0.0.6"
10.254.254.103 - - [06/Aug/2007:00:10:04 -0700] "GET /keyser/2342/ HTTP/1.0" 200 414 "-" "Mozilla/5.0 (Windows; U; Windows NT 5.1; en-US; rv:1.8.1.6) Gecko/20070725 Firefox/2.0.0.6"
10.254.254.28 - - [06/Aug/2007:00:12:19 -0700] "GET /feeds/keyser/2 HTTP/1.1" 302 539 "-" "Mozilla/5.0 (Windows; U; Windows NT 5.1; en-US; rv:1.8.1.6) Gecko/20070725 Firefox/2.0.0.6"
10.254.254.58 - - [06/Aug/2007:00:12:19 -0700] "GET /baz/img/no_picture.jpg HTTP/1.1" 200 539 "-" "Mozilla/5.0 (Windows; U; Windows NT 5.1; en-US; rv:1.8.1.6) Gecko/20070725 Firefox/2.0.0.6"
10.254.254.138 - - [06/Aug/2007:00:13:52 -0700] "GET /edu/languages/google-python-class/images/puzzle/p-bejg-bacc.jpg HTTP/1.0" 200 528 "-" "googlebot-mscrawl-moma (enterprise; bar-XYZ; foo123@google.com,foo123@google.com,foo123@google.com,foo123@google.com)"
10.254.254.28 - - [06/Aug/2007:00:10:03 -0700] "GET /edu/languages/google-python-class/images/puzzle/p-bgib-bbbj.jpg HTTP/1.0" 302 5330 "-" "Mozilla/5.0 (Windows; U; Windows NT 5.1; en-US; rv:1.8.1.6) Gecko/20070725 Firefox/2.0.0.6"
10.254.254.29 - - [06/Aug/2007:00:05:55 -0700] "GET /edu/languages/google-python-class/images/puzzle/p-bhaj-bahf.jpg HTTP/1.0" 200 528 "-" "googlebot-mscrawl-moma (enterprise; bar-XYZ; foo123@google.com,foo123@google.com,foo123@google.com,foo123@google.com)"
10.254.254.28 - - [06/Aug/2007:00:10:06 -0700] "GET /edu/languages/google-python-class/images/puzzle/p-bica-bbeb.jpg HTTP/1.0" 302 525 "-" "Mozilla/5.0 (Windows; U; Windows NT 5.1; en-US; rv:1.8.1.6) Gecko/20070725 Firefox/2.0.0.6"
